Component: Arm Compiler for Embedded 6.19 Tool: armlink [5e73cb00]

==============================================================================

Section Cross References

    app.o(.text) refers to bsp_int.o(.text) for BSP_IntDisAll
    app.o(.text) refers to os_core.o(.text) for OSInit
    app.o(.text) refers to app.o(.bss.AppTaskStartStk) for AppTaskStartStk
    app.o(.text) refers to app.o(.bss.AppTaskStartTCB) for AppTaskStartTCB
    app.o(.text) refers to os_task.o(.text) for OSTaskCreate
    app.o(.text) refers to bsp.o(.text) for BSP_Init
    app.o(.text) refers to cpu_core.o(.text) for CPU_Init
    app.o(.text) refers to os_cfg_app.o(.rodata.OSCfg_TickRate_Hz) for OSCfg_TickRate_Hz
    app.o(.text) refers to os_cpu_c.o(.text) for OS_CPU_SysTickInit
    app.o(.text) refers to lib_mem.o(.text) for Mem_Init
    app.o(.text) refers to os_stat.o(.text) for OSStatTaskCPUUsageInit
    app.o(.text) refers to bsp_ser.o(.text) for BSP_Ser_Init
    app.o(.text) refers to os_time.o(.text) for OSTimeDlyHMSM
    app.o(.ARM.exidx) refers to app.o(.text) for [Anonymous Symbol]
    os_app_hooks.o(.text) refers to cpu_a.o(.text) for CPU_SR_Save
    os_app_hooks.o(.text) refers to cpu_core.o(.text) for CPU_IntDisMeasStart
    os_app_hooks.o(.text) refers to os_var.o(.bss.OS_AppTaskCreateHookPtr) for OS_AppTaskCreateHookPtr
    os_app_hooks.o(.text) refers to os_var.o(.bss.OS_AppTaskDelHookPtr) for OS_AppTaskDelHookPtr
    os_app_hooks.o(.text) refers to os_var.o(.bss.OS_AppTaskReturnHookPtr) for OS_AppTaskReturnHookPtr
    os_app_hooks.o(.text) refers to os_var.o(.bss.OS_AppIdleTaskHookPtr) for OS_AppIdleTaskHookPtr
    os_app_hooks.o(.text) refers to os_var.o(.bss.OS_AppStatTaskHookPtr) for OS_AppStatTaskHookPtr
    os_app_hooks.o(.text) refers to os_var.o(.bss.OS_AppTaskSwHookPtr) for OS_AppTaskSwHookPtr
    os_app_hooks.o(.text) refers to os_var.o(.bss.OS_AppTimeTickHookPtr) for OS_AppTimeTickHookPtr
    os_app_hooks.o(.ARM.exidx) refers to os_app_hooks.o(.text) for [Anonymous Symbol]
    bsp.o(.text) refers to bsp_int.o(.text) for BSP_IntInit
    bsp.o(.text) refers to stm32f10x_rcc.o(.text) for RCC_DeInit
    bsp.o(.text) refers to stm32f10x_flash.o(.text) for FLASH_SetLatency
    bsp.o(.text) refers to bsp.o(.bss.BSP_CPU_ClkFreq_MHz) for BSP_CPU_ClkFreq_MHz
    bsp.o(.text) refers to stm32f10x_gpio.o(.text) for GPIO_Init
    bsp.o(.text) refers to bsp.o(.rodata.cst8) for .Lswitch.table.BSP_LED_Off
    bsp.o(.text) refers to cpu_core.o(.text) for CPU_TS_TmrFreqSet
    bsp.o(.ARM.exidx) refers to bsp.o(.text) for [Anonymous Symbol]
    bsp_i2c.o(.text) refers to bsp_i2c.o(.bss.BSP_I2C_DevTbl) for BSP_I2C_DevTbl
    bsp_i2c.o(.text) refers to bsp_periph.o(.text) for BSP_PeriphEn
    bsp_i2c.o(.text) refers to stm32f10x_gpio.o(.text) for GPIO_Init
    bsp_i2c.o(.text) refers to bsp_os.o(.text) for BSP_OS_SemCreate
    bsp_i2c.o(.text) refers to stm32f10x_rcc.o(.text) for RCC_GetClocksFreq
    bsp_i2c.o(.text) refers to bsp_int.o(.text) for BSP_IntVectSet
    bsp_i2c.o(.ARM.exidx) refers to bsp_i2c.o(.text) for [Anonymous Symbol]
    bsp_int.o(.text) refers to cpu_c.o(.text) for CPU_IntSrcDis
    bsp_int.o(.text) refers to cpu_a.o(.text) for CPU_IntDis
    bsp_int.o(.text) refers to cpu_core.o(.text) for CPU_IntDisMeasStart
    bsp_int.o(.text) refers to bsp_int.o(.bss.BSP_IntVectTbl) for BSP_IntVectTbl
    bsp_int.o(.text) refers to os_core.o(.text) for OSIntEnter
    bsp_int.o(.ARM.exidx) refers to bsp_int.o(.text) for [Anonymous Symbol]
    bsp_periph.o(.text) refers to bsp.o(.text) for BSP_CPU_ClkFreq
    bsp_periph.o(.ARM.exidx) refers to bsp_periph.o(.text) for [Anonymous Symbol]
    bsp_ser.o(.text) refers to bsp_ser.o(.bss.BSP_SerTxWait) for BSP_SerTxWait
    bsp_ser.o(.text) refers to bsp_os.o(.text) for BSP_OS_SemCreate
    bsp_ser.o(.text) refers to bsp_ser.o(.bss.BSP_SerRxWait) for BSP_SerRxWait
    bsp_ser.o(.text) refers to bsp_ser.o(.bss.BSP_SerLock) for BSP_SerLock
    bsp_ser.o(.text) refers to bsp_periph.o(.text) for BSP_PeriphEn
    bsp_ser.o(.text) refers to stm32f10x_gpio.o(.text) for GPIO_PinRemapConfig
    bsp_ser.o(.text) refers to stm32f10x_usart.o(.text) for USART_Init
    bsp_ser.o(.text) refers to bsp_int.o(.text) for BSP_IntVectSet
    bsp_ser.o(.text) refers to bsp_ser.o(.bss.BSP_SerRxData) for BSP_SerRxData
    bsp_ser.o(.text) refers to printfa.o(i.__0vsnprintf) for vsnprintf
    bsp_ser.o(.text) refers to lib_ascii.o(.text) for ASCII_IsPrint
    bsp_ser.o(.ARM.exidx) refers to bsp_ser.o(.text) for [Anonymous Symbol]
    bsp_stlm75.o(.text) refers to bsp_i2c.o(.text) for BSP_I2C_Init
    bsp_stlm75.o(.ARM.exidx) refers to bsp_stlm75.o(.text) for [Anonymous Symbol]
    bsp_os.o(.text) refers to os_sem.o(.text) for OSSemCreate
    bsp_os.o(.text) refers to os_cfg_app.o(.rodata.OSCfg_TickRate_Hz) for OSCfg_TickRate_Hz
    bsp_os.o(.text) refers to os_time.o(.text) for OSTimeDlyHMSM
    bsp_os.o(.ARM.exidx) refers to bsp_os.o(.text) for [Anonymous Symbol]
[...]
    __cpp_initialize__aeabi_                  - Undefined Weak Reference
    __cxa_finalize                            - Undefined Weak Reference
    __decompress                              - Undefined Weak Reference
    _clock_init                               - Undefined Weak Reference
    _microlib_exit                            - Undefined Weak Reference
    __Vectors                                0x08000000   Data           4  cstartup.o(RESET)
    __main                                   0x08000151   Thumb Code     0  entry.o(.ARM.Collect$$$$00000000)
    _main_stk                                0x08000151   Thumb Code     0  entry2.o(.ARM.Collect$$$$00000001)
    _main_scatterload                        0x08000155   Thumb Code     0  entry5.o(.ARM.Collect$$$$00000004)
    __main_after_scatterload                 0x08000159   Thumb Code     0  entry5.o(.ARM.Collect$$$$00000004)
    _main_clock                              0x08000159   Thumb Code     0  entry7b.o(.ARM.Collect$$$$00000008)
    _main_cpp_init                           0x08000159   Thumb Code     0  entry8b.o(.ARM.Collect$$$$0000000A)
    _main_init                               0x08000159   Thumb Code     0  entry9a.o(.ARM.Collect$$$$0000000B)
    __rt_final_cpp                           0x08000161   Thumb Code     0  entry10a.o(.ARM.Collect$$$$0000000D)
    __rt_final_exit                          0x08000161   Thumb Code     0  entry11a.o(.ARM.Collect$$$$0000000F)
    main                                     0x08000165   Thumb Code   100  app.o(.text)
    BSP_Init                                 0x08000285   Thumb Code   266  bsp.o(.text)
    BSP_CPU_ClkFreq                          0x08000391   Thumb Code    16  bsp.o(.text)
    BSP_LED_On                               0x080003a1   Thumb Code    32  bsp.o(.text)
    BSP_LED_Off                              0x080003c1   Thumb Code    32  bsp.o(.text)
    BSP_LED_Toggle                           0x080003e1   Thumb Code    96  bsp.o(.text)
    BSP_StatusRd                             0x08000441   Thumb Code    22  bsp.o(.text)
    CPU_TS_TmrInit                           0x08000459   Thumb Code    56  bsp.o(.text)
    CPU_TS_TmrRd                             0x08000491   Thumb Code    12  bsp.o(.text)
    BSP_IntClr                               0x0800049d   Thumb Code     2  bsp_int.o(.text)
    BSP_IntDis                               0x080004a1   Thumb Code    14  bsp_int.o(.text)
    BSP_IntDisAll                            0x080004b1   Thumb Code     4  bsp_int.o(.text)
    BSP_IntEn                                0x080004b5   Thumb Code    14  bsp_int.o(.text)
    BSP_IntVectSet                           0x080004c5   Thumb Code    48  bsp_int.o(.text)
    BSP_IntPrioSet                           0x080004f5   Thumb Code    48  bsp_int.o(.text)
    BSP_IntInit                              0x08000525   Thumb Code    56  bsp_int.o(.text)
    BSP_IntHandlerWWDG                       0x08000561   Thumb Code    50  bsp_int.o(.text)
    BSP_IntHandlerPVD                        0x08000595   Thumb Code    50  bsp_int.o(.text)
    BSP_IntHandlerTAMPER                     0x080005c9   Thumb Code    50  bsp_int.o(.text)
    BSP_IntHandlerRTC                        0x080005fd   Thumb Code    50  bsp_int.o(.text)
    BSP_IntHandlerFLASH                      0x08000631   Thumb Code    50  bsp_int.o(.text)
    BSP_IntHandlerRCC                        0x08000665   Thumb Code    50  bsp_int.o(.text)
    BSP_IntHandlerEXTI0                      0x08000699   Thumb Code    50  bsp_int.o(.text)
    BSP_IntHandlerEXTI1                      0x080006cd   Thumb Code    50  bsp_int.o(.text)
    BSP_IntHandlerEXTI2                      0x08000701   Thumb Code    50  bsp_int.o(.text)
    BSP_IntHandlerEXTI3                      0x08000735   Thumb Code    50  bsp_int.o(.text)
    BSP_IntHandlerEXTI4                      0x08000769   Thumb Code    50  bsp_int.o(.text)
    BSP_IntHandlerDMA1_CH1                   0x0800079d   Thumb Code    50  bsp_int.o(.text)
    BSP_IntHandlerDMA1_CH2                   0x080007d1   Thumb Code    50  bsp_int.o(.text)
    BSP_IntHandlerDMA1_CH3                   0x08000805   Thumb Code    50  bsp_int.o(.text)
    BSP_IntHandlerDMA1_CH4                   0x08000839   Thumb Code    50  bsp_int.o(.text)
    BSP_IntHandlerDMA1_CH5                   0x0800086d   Thumb Code    50  bsp_int.o(.text)
    BSP_IntHandlerDMA1_CH6                   0x080008a1   Thumb Code    50  bsp_int.o(.text)
    BSP_IntHandlerDMA1_CH7                   0x080008d5   Thumb Code    50  bsp_int.o(.text)
    BSP_IntHandlerADC1_2                     0x08000909   Thumb Code    50  bsp_int.o(.text)
    BSP_IntHandlerCAN1_TX                    0x0800093d   Thumb Code    50  bsp_int.o(.text)
    BSP_IntHandlerCAN1_RX0                   0x08000971   Thumb Code    50  bsp_int.o(.text)
    BSP_IntHandlerCAN1_RX1                   0x080009a5   Thumb Code    50  bsp_int.o(.text)
    BSP_IntHandlerCAN1_SCE                   0x080009d9   Thumb Code    50  bsp_int.o(.text)
    BSP_IntHandlerEXTI9_5                    0x08000a0d   Thumb Code    50  bsp_int.o(.text)
    BSP_IntHandlerTIM1_BRK                   0x08000a41   Thumb Code    50  bsp_int.o(.text)
    BSP_IntHandlerTIM1_UP                    0x08000a75   Thumb Code    50  bsp_int.o(.text)
    BSP_IntHandlerTIM1_TRG_COM               0x08000aa9   Thumb Code    50  bsp_int.o(.text)
    BSP_IntHandlerTIM1_CC                    0x08000add   Thumb Code    50  bsp_int.o(.text)
    BSP_IntHandlerTIM2                       0x08000b11   Thumb Code    50  bsp_int.o(.text)
    BSP_IntHandlerTIM3                       0x08000b45   Thumb Code    50  bsp_int.o(.text)
    BSP_IntHandlerTIM4                       0x08000b79   Thumb Code    50  bsp_int.o(.text)
    BSP_IntHandlerI2C1_EV                    0x08000bad   Thumb Code    50  bsp_int.o(.text)
    BSP_IntHandlerI2C1_ER                    0x08000be1   Thumb Code    52  bsp_int.o(.text)
    BSP_IntHandlerI2C2_EV                    0x08000c15   Thumb Code    52  bsp_int.o(.text)
    BSP_IntHandlerI2C2_ER                    0x08000c49   Thumb Code    52  bsp_int.o(.text)
    BSP_IntHandlerSPI1                       0x08000c7d   Thumb Code    52  bsp_int.o(.text)
    BSP_IntHandlerSPI2                       0x08000cb1   Thumb Code    52  bsp_int.o(.text)
    BSP_IntHandlerUSART1                     0x08000ce5   Thumb Code    52  bsp_int.o(.text)
    BSP_IntHandlerUSART2                     0x08000d19   Thumb Code    52  bsp_int.o(.text)
    BSP_IntHandlerUSART3                     0x08000d4d   Thumb Code    52  bsp_int.o(.text)
    BSP_IntHandlerEXTI15_10                  0x08000d81   Thumb Code    52  bsp_int.o(.text)
    BSP_IntHandlerRTCAlarm                   0x08000db5   Thumb Code    52  bsp_int.o(.text)
    BSP_IntHandlerUSBWakeUp                  0x08000de9   Thumb Code    52  bsp_int.o(.text)
    BSP_IntHandlerTIM5                       0x08000e1d   Thumb Code    52  bsp_int.o(.text)
    BSP_IntHandlerSPI3                       0x08000e51   Thumb Code    52  bsp_int.o(.text)
    BSP_IntHandlerUSART4                     0x08000e85   Thumb Code    52  bsp_int.o(.text)
    BSP_IntHandlerUSART5                     0x08000eb9   Thumb Code    52  bsp_int.o(.text)
    BSP_IntHandlerTIM6                       0x08000eed   Thumb Code    52  bsp_int.o(.text)
    BSP_IntHandlerTIM7                       0x08000f21   Thumb Code    52  bsp_int.o(.text)
    BSP_IntHandlerDMA2_CH1                   0x08000f55   Thumb Code    52  bsp_int.o(.text)
    BSP_IntHandlerDMA2_CH2                   0x08000f89   Thumb Code    52  bsp_int.o(.text)
    BSP_IntHandlerDMA2_CH3                   0x08000fbd   Thumb Code    52  bsp_int.o(.text)
    BSP_IntHandlerDMA2_CH4                   0x08000ff1   Thumb Code    52  bsp_int.o(.text)
    BSP_IntHandlerDMA2_CH5                   0x08001025   Thumb Code    52  bsp_int.o(.text)
    BSP_IntHandlerETH                        0x08001059   Thumb Code    52  bsp_int.o(.text)
    BSP_IntHandlerETHWakeup                  0x0800108d   Thumb Code    52  bsp_int.o(.text)
    BSP_IntHandlerCAN2_TX                    0x080010c1   Thumb Code    52  bsp_int.o(.text)
    BSP_IntHandlerCAN2_RX0                   0x080010f5   Thumb Code    52  bsp_int.o(.text)
    BSP_IntHandlerCAN2_RX1                   0x08001129   Thumb Code    52  bsp_int.o(.text)
    BSP_IntHandlerCAN2_SCE                   0x0800115d   Thumb Code    52  bsp_int.o(.text)
    BSP_IntHandlerOTG                        0x08001191   Thumb Code    52  bsp_int.o(.text)
    BSP_PeriphClkFreqGet                     0x080011c5   Thumb Code   172  bsp_periph.o(.text)
    BSP_PeriphEn                             0x08001271   Thumb Code   174  bsp_periph.o(.text)
    BSP_PeriphDis                            0x08001321   Thumb Code   180  bsp_periph.o(.text)
    BSP_Ser_Init                             0x080013d5   Thumb Code   280  bsp_ser.o(.text)
    BSP_Ser_Printf                           0x08001589   Thumb Code    46  bsp_ser.o(.text)
    BSP_Ser_WrStr                            0x080015b9   Thumb Code   176  bsp_ser.o(.text)
    BSP_Ser_RdByte                           0x08001669   Thumb Code    84  bsp_ser.o(.text)
    BSP_Ser_RdStr                            0x080016bd   Thumb Code   374  bsp_ser.o(.text)
    BSP_Ser_WrByte                           0x08001835   Thumb Code    84  bsp_ser.o(.text)
    BSP_OS_SemCreate                         0x08001889   Thumb Code    32  bsp_os.o(.text)
    BSP_OS_SemWait                           0x080018a9   Thumb Code    54  bsp_os.o(.text)
    BSP_OS_SemPost                           0x080018e1   Thumb Code    28  bsp_os.o(.text)
    BSP_OS_TimeDlyMs                         0x080018fd   Thumb Code    78  bsp_os.o(.text)
    Reset_Handler                            0x0800194d   Thumb Code     4  cstartup.o(.text)
    App_NMI_ISR                              0x08001951   Thumb Code     2  cstartup.o(.text)
    App_Fault_ISR                            0x08001953   Thumb Code     2  cstartup.o(.text)
    App_MemFault_ISR                         0x08001955   Thumb Code     2  cstartup.o(.text)
    App_BusFault_ISR                         0x08001957   Thumb Code     2  cstartup.o(.text)
    App_UsageFault_ISR                       0x08001959   Thumb Code     2  cstartup.o(.text)
    App_Spurious_ISR                         0x0800195b   Thumb Code     2  cstartup.o(.text)
    App_Reserved_ISR                         0x0800195d   Thumb Code     2  cstartup.o(.text)
    CPU_Init                                 0x08001965   Thumb Code   204  cpu_core.o(.text)
    CPU_SW_Exception                         0x08001a31   Thumb Code     2  cpu_core.o(.text)
    CPU_NameClr                              0x08001a35   Thumb Code   150  cpu_core.o(.text)
    CPU_IntDisMeasStart                      0x08001acd   Thumb Code    50  cpu_core.o(.text)
    CPU_IntDisMeasStop                       0x08001b01   Thumb Code    82  cpu_core.o(.text)
    CPU_NameGet                              0x08001b55   Thumb Code   178  cpu_core.o(.text)
    CPU_NameSet                              0x08001c09   Thumb Code   196  cpu_core.o(.text)
    CPU_TS_Get32                             0x08001ccd   Thumb Code     4  cpu_core.o(.text)
    CPU_TS_Update                            0x08001cd1   Thumb Code     2  cpu_core.o(.text)
    CPU_TS_TmrFreqGet                        0x08001cd5   Thumb Code    30  cpu_core.o(.text)
    CPU_TS_TmrFreqSet                        0x08001cf5   Thumb Code    12  cpu_core.o(.text)
    CPU_IntDisMeasMaxCurReset                0x08001d01   Thumb Code    52  cpu_core.o(.text)
    CPU_IntDisMeasMaxCurGet                  0x08001d35   Thumb Code    38  cpu_core.o(.text)
    CPU_IntDisMeasMaxGet                     0x08001d5d   Thumb Code    38  cpu_core.o(.text)
    CPU_CntLeadZeros08                       0x08001d85   Thumb Code    10  cpu_core.o(.text)
    CPU_CntLeadZeros16                       0x08001d91   Thumb Code    10  cpu_core.o(.text)
    CPU_CntLeadZeros32                       0x08001d9d   Thumb Code     4  cpu_core.o(.text)
    CPU_CntLeadZeros64                       0x08001da1   Thumb Code   184  cpu_core.o(.text)
    CPU_CntTrailZeros08                      0x08001e59   Thumb Code    12  cpu_core.o(.text)
    CPU_CntTrailZeros16                      0x08001e65   Thumb Code    12  cpu_core.o(.text)
    CPU_CntTrailZeros32                      0x08001e71   Thumb Code    12  cpu_core.o(.text)
    CPU_CntTrailZeros64                      0x08001e7d   Thumb Code   238  cpu_core.o(.text)
    CPU_IntDis                               0x08001f6d   Thumb Code     0  cpu_a.o(.text)
    CPU_IntEn                                0x08001f71   Thumb Code     0  cpu_a.o(.text)
    CPU_SR_Save                              0x08001f75   Thumb Code     0  cpu_a.o(.text)
    CPU_SR_Restore                           0x08001f7d   Thumb Code     0  cpu_a.o(.text)
    CPU_WaitForInt                           0x08001f83   Thumb Code     0  cpu_a.o(.text)
    CPU_WaitForExcept                        0x08001f87   Thumb Code     0  cpu_a.o(.text)
    CPU_CntLeadZeros                         0x08001f8b   Thumb Code     0  cpu_a.o(.text)
    CPU_CntTrailZeros                        0x08001f91   Thumb Code     0  cpu_a.o(.text)
    CPU_RevBits                              0x08001f9b   Thumb Code     0  cpu_a.o(.text)
    CPU_BitBandClr                           0x08001fa1   Thumb Code    42  cpu_c.o(.text)
    CPU_BitBandSet                           0x08001fcd   Thumb Code    42  cpu_c.o(.text)
    CPU_IntSrcDis                            0x08001ff9   Thumb Code   246  cpu_c.o(.text)
    CPU_IntSrcEn                             0x080020f1   Thumb Code   246  cpu_c.o(.text)
    CPU_IntSrcPendClr                        0x080021e9   Thumb Code    92  cpu_c.o(.text)
    CPU_IntSrcPrioSet                        0x08002245   Thumb Code   356  cpu_c.o(.text)
    CPU_IntSrcPrioGet                        0x080023a9   Thumb Code   338  cpu_c.o(.text)
    ASCII_IsAlpha                            0x080024fd   Thumb Code    18  lib_ascii.o(.text)
    ASCII_IsAlphaNum                         0x08002511   Thumb Code    34  lib_ascii.o(.text)
    ASCII_IsLower                            0x08002535   Thumb Code    14  lib_ascii.o(.text)
    ASCII_IsUpper                            0x08002545   Thumb Code    14  lib_ascii.o(.text)
    ASCII_IsDig                              0x08002555   Thumb Code    14  lib_ascii.o(.text)
    ASCII_IsDigOct                           0x08002565   Thumb Code    14  lib_ascii.o(.text)
    ASCII_IsDigHex                           0x08002575   Thumb Code    34  lib_ascii.o(.text)
    ASCII_IsBlank                            0x08002599   Thumb Code    22  lib_ascii.o(.text)
    ASCII_IsSpace                            0x080025b1   Thumb Code    26  lib_ascii.o(.text)
    ASCII_IsPrint                            0x080025cd   Thumb Code    14  lib_ascii.o(.text)
    ASCII_IsGraph                            0x080025dd   Thumb Code    14  lib_ascii.o(.text)
    ASCII_IsPunct                            0x080025ed   Thumb Code    42  lib_ascii.o(.text)
    ASCII_IsCtrl                             0x08002619   Thumb Code    26  lib_ascii.o(.text)
    ASCII_ToLower                            0x08002635   Thumb Code    16  lib_ascii.o(.text)
    ASCII_ToUpper                            0x08002645   Thumb Code    16  lib_ascii.o(.text)
    ASCII_Cmp                                0x08002655   Thumb Code    38  lib_ascii.o(.text)
    Mem_Init                                 0x0800267d   Thumb Code    74  lib_mem.o(.text)
    Mem_Clr                                  0x080026c9   Thumb Code    86  lib_mem.o(.text)
    Mem_Set                                  0x08002721   Thumb Code   112  lib_mem.o(.text)
    Mem_Move                                 0x08002791   Thumb Code   154  lib_mem.o(.text)
    Mem_Cmp                                  0x0800282d   Thumb Code   188  lib_mem.o(.text)
    Mem_HeapAlloc                            0x080028e9   Thumb Code   212  lib_mem.o(.text)
    Mem_HeapGetSizeRem                       0x08002a8d   Thumb Code    16  lib_mem.o(.text)
    Mem_SegGetSizeRem                        0x08002a9d   Thumb Code   172  lib_mem.o(.text)
    Mem_PoolClr                              0x08002b49   Thumb Code    52  lib_mem.o(.text)
    Mem_PoolCreate                           0x08002b7d   Thumb Code   872  lib_mem.o(.text)
    Mem_PoolBlkGetNbrAvail                   0x08002ee5   Thumb Code    82  lib_mem.o(.text)
    Mem_PoolBlkGet                           0x08002f39   Thumb Code   142  lib_mem.o(.text)
    Mem_PoolBlkGetUsedAtIx                   0x08002fc9   Thumb Code   122  lib_mem.o(.text)
    Mem_PoolBlkFree                          0x08003045   Thumb Code   248  lib_mem.o(.text)
    Mem_PoolBlkIxGet                         0x0800313d   Thumb Code   250  lib_mem.o(.text)
    Str_Len                                  0x08003239   Thumb Code    38  lib_str.o(.text)
    Str_Len_N                                0x08003261   Thumb Code    56  lib_str.o(.text)
    Str_Copy                                 0x08003299   Thumb Code    82  lib_str.o(.text)
    Str_Copy_N                               0x080032ed   Thumb Code   106  lib_str.o(.text)
    Str_Cat                                  0x08003359   Thumb Code    82  lib_str.o(.text)
    Str_Cat_N                                0x080033ad   Thumb Code    90  lib_str.o(.text)
    Str_Cmp                                  0x08003409   Thumb Code   118  lib_str.o(.text)
    Str_Cmp_N                                0x08003481   Thumb Code   112  lib_str.o(.text)
    Str_CmpIgnoreCase                        0x080034f1   Thumb Code     8  lib_str.o(.text)
    Str_CmpIgnoreCase_N                      0x080034f9   Thumb Code   176  lib_str.o(.text)
    Str_Char                                 0x080035a9   Thumb Code    98  lib_str.o(.text)
    Str_Char_N                               0x0800360d   Thumb Code   120  lib_str.o(.text)
    Str_Char_Last                            0x08003685   Thumb Code    76  lib_str.o(.text)
    Str_Char_Last_N                          0x080036d1   Thumb Code   108  lib_str.o(.text)
    Str_Char_Replace                         0x0800373d   Thumb Code    60  lib_str.o(.text)
    Str_Char_Replace_N                       0x08003779   Thumb Code    68  lib_str.o(.text)
    Str_Str                                  0x080037bd   Thumb Code     8  lib_str.o(.text)
    Str_Str_N                                0x080037c5   Thumb Code   280  lib_str.o(.text)
    Str_FmtNbr_Int32U                        0x080038dd   Thumb Code    26  lib_str.o(.text)
    Str_FmtNbr_Int32S                        0x08003ac9   Thumb Code    42  lib_str.o(.text)
    Str_ParseNbr_Int32U                      0x08003af5   Thumb Code    22  lib_str.o(.text)
    Str_ParseNbr_Int32S                      0x08003cb1   Thumb Code    56  lib_str.o(.text)
    Mem_Copy                                 0x08003ce9   Thumb Code     0  lib_mem_a.o(.text)
    OSCfg_Init                               0x08003f09   Thumb Code     2  os_cfg_app.o(.text)
    OSInit                                   0x08003f0d   Thumb Code   442  os_core.o(.text)
    OS_RdyListInit                           0x080040c9   Thumb Code    34  os_core.o(.text)
    OS_IdleTaskInit                          0x080040ed   Thumb Code   104  os_core.o(.text)
    OSIntEnter                               0x08004169   Thumb Code    36  os_core.o(.text)
    OSIntExit                                0x0800418d   Thumb Code   158  os_core.o(.text)
    OSSched                                  0x0800422d   Thumb Code   136  os_core.o(.text)
    OSSchedLock                              0x080042b5   Thumb Code   116  os_core.o(.text)
    OS_SchedLockTimeMeasStart                0x08004329   Thumb Code    34  os_core.o(.text)
    OSSchedUnlock                            0x0800434d   Thumb Code   274  os_core.o(.text)
    OS_SchedLockTimeMeasStop                 0x08004461   Thumb Code    68  os_core.o(.text)
    OSSchedRoundRobinCfg                     0x080044a5   Thumb Code    94  os_core.o(.text)
    OSSchedRoundRobinYield                   0x08004505   Thumb Code   328  os_core.o(.text)
    OS_RdyListMoveHeadToTail                 0x0800464d   Thumb Code    56  os_core.o(.text)
    OSStart                                  0x08004685   Thumb Code   100  os_core.o(.text)
    OSVersion                                0x080046e9   Thumb Code    12  os_core.o(.text)
    OS_IdleTask                              0x080046f5   Thumb Code    54  os_core.o(.text)
    OS_Pend                                  0x0800472d   Thumb Code   226  os_core.o(.text)
    OS_TaskBlock                             0x08004811   Thumb Code   132  os_core.o(.text)
    OS_PendDataInit                          0x08004895   Thumb Code    52  os_core.o(.text)
    OS_PendListInsertPrio                    0x080048c9   Thumb Code   108  os_core.o(.text)
    OS_PendDbgNameAdd                        0x08004935   Thumb Code    66  os_core.o(.text)
    OS_PendAbort                             0x08004979   Thumb Code   312  os_core.o(.text)
    OS_PendAbort1                            0x08004ab1   Thumb Code    46  os_core.o(.text)
    OS_PendListRemove                        0x08004ae1   Thumb Code    90  os_core.o(.text)
    OS_TaskRdy                               0x08004b3d   Thumb Code   148  os_core.o(.text)
    OS_PendDbgNameRemove                     0x08004bd1   Thumb Code    24  os_core.o(.text)
    OS_PendListChangePrio                    0x08004be9   Thumb Code   194  os_core.o(.text)
    OS_PendListRemove1                       0x08004cad   Thumb Code    76  os_core.o(.text)
    OS_PendListInit                          0x08004cf9   Thumb Code    10  os_core.o(.text)
    OS_PendListInsertHead                    0x08004d05   Thumb Code    36  os_core.o(.text)
    OS_PendObjDel                            0x08004d29   Thumb Code   296  os_core.o(.text)
    OS_PendObjDel1                           0x08004e51   Thumb Code    46  os_core.o(.text)
    OS_Post                                  0x08004e81   Thumb Code   402  os_core.o(.text)
    OS_Post1                                 0x08005015   Thumb Code    60  os_core.o(.text)
    OS_RdyListInsert                         0x08005051   Thumb Code   152  os_core.o(.text)
    OS_RdyListInsertTail                     0x080050e9   Thumb Code    66  os_core.o(.text)
    OS_RdyListInsertHead                     0x0800512d   Thumb Code    64  os_core.o(.text)
    OS_RdyListRemove                         0x0800516d   Thumb Code    90  os_core.o(.text)
    OS_Sched0                                0x080051c9   Thumb Code    86  os_core.o(.text)
    OS_SchedRoundRobin                       0x08005221   Thumb Code   120  os_core.o(.text)
    OSFlagCreate                             0x08005299   Thumb Code   210  os_flag.o(.text)
    OS_FlagDbgListAdd                        0x0800536d   Thumb Code    38  os_flag.o(.text)
    OSFlagDel                                0x08005395   Thumb Code   554  os_flag.o(.text)
    OS_FlagDbgListRemove                     0x080055c1   Thumb Code    54  os_flag.o(.text)
    OS_FlagClr                               0x080055f9   Thumb Code    34  os_flag.o(.text)
    OSFlagPend                               0x0800561d   Thumb Code   614  os_flag.o(.text)
    OS_FlagBlock                             0x08005885   Thumb Code    44  os_flag.o(.text)
    OSFlagPendAbort                          0x080058b1   Thumb Code   264  os_flag.o(.text)
    OSFlagPendGetFlagsRdy                    0x080059b9   Thumb Code    66  os_flag.o(.text)
    OSFlagPost                               0x080059fd   Thumb Code   130  os_flag.o(.text)
    OS_FlagPost                              0x08005a81   Thumb Code   492  os_flag.o(.text)
    OS_FlagInit                              0x08005c6d   Thumb Code    26  os_flag.o(.text)
    OS_FlagTaskRdy                           0x08005c89   Thumb Code    56  os_flag.o(.text)
    OS_IntQPost                              0x08005cc1   Thumb Code   216  os_int.o(.text)
    OS_IntQRePost                            0x08005d99   Thumb Code   434  os_int.o(.text)
    OS_IntQTask                              0x08005f4d   Thumb Code   164  os_int.o(.text)
    OS_IntQTaskInit                          0x08005ff1   Thumb Code   284  os_int.o(.text)
    OSMemCreate                              0x08006129   Thumb Code   286  os_mem.o(.text)
    OS_MemDbgListAdd                         0x08006249   Thumb Code    28  os_mem.o(.text)
    OSMemGet                                 0x08006265   Thumb Code    70  os_mem.o(.text)
    OSMemPut                                 0x080062ad   Thumb Code    78  os_mem.o(.text)
    OS_MemInit                               0x080062fd   Thumb Code    26  os_mem.o(.text)
    OS_MsgPoolInit                           0x08006319   Thumb Code   136  os_msg.o(.text)
    OS_MsgQFreeAll                           0x080063a1   Thumb Code    60  os_msg.o(.text)
    OS_MsgQInit                              0x080063dd   Thumb Code    14  os_msg.o(.text)
    OS_MsgQGet                               0x080063ed   Thumb Code   114  os_msg.o(.text)
    OS_MsgQPut                               0x08006461   Thumb Code   168  os_msg.o(.text)
    OSMutexCreate                            0x08006509   Thumb Code   216  os_mutex.o(.text)
    OS_MutexDbgListAdd                       0x080065e1   Thumb Code    38  os_mutex.o(.text)
    OSMutexDel                               0x08006609   Thumb Code   738  os_mutex.o(.text)
    OS_MutexDbgListRemove                    0x080068ed   Thumb Code    54  os_mutex.o(.text)
    OS_MutexClr                              0x08006925   Thumb Code    40  os_mutex.o(.text)
    OSMutexPend                              0x0800694d   Thumb Code   578  os_mutex.o(.text)
    OSMutexPendAbort                         0x08006b91   Thumb Code   264  os_mutex.o(.text)
    OSMutexPost                              0x08006c99   Thumb Code   494  os_mutex.o(.text)
    OS_MutexInit                             0x08006e89   Thumb Code    26  os_mutex.o(.text)
    OS_PrioInit                              0x08006ea5   Thumb Code    14  os_prio.o(.text)
    OS_PrioGetHighest                        0x08006eb5   Thumb Code    46  os_prio.o(.text)
    OS_PrioInsert                            0x08006ee5   Thumb Code    36  os_prio.o(.text)
    OS_PrioRemove                            0x08006f09   Thumb Code    38  os_prio.o(.text)
    OSQCreate                                0x08006f31   Thumb Code   226  os_q.o(.text)
    OS_QDbgListAdd                           0x08007015   Thumb Code    38  os_q.o(.text)
    OSQDel                                   0x0800703d   Thumb Code   408  os_q.o(.text)
    OS_QDbgListRemove                        0x080071d5   Thumb Code    54  os_q.o(.text)
    OS_QClr                                  0x0800720d   Thumb Code    54  os_q.o(.text)
    OSQFlush                                 0x08007245   Thumb Code   188  os_q.o(.text)
    OSQPend                                  0x08007301   Thumb Code   480  os_q.o(.text)
    OSQPendAbort                             0x080074e1   Thumb Code   264  os_q.o(.text)
    OSQPost                                  0x080075e9   Thumb Code   192  os_q.o(.text)
    OS_QPost                                 0x080076a9   Thumb Code   266  os_q.o(.text)
    OS_QInit                                 0x080077b5   Thumb Code    26  os_q.o(.text)
    OSSemCreate                              0x080077d1   Thumb Code   216  os_sem.o(.text)
    OS_SemDbgListAdd                         0x080078a9   Thumb Code    38  os_sem.o(.text)
    OSSemDel                                 0x080078d1   Thumb Code   418  os_sem.o(.text)
    OS_SemDbgListRemove                      0x08007a75   Thumb Code    54  os_sem.o(.text)
    OS_SemClr                                0x08007aad   Thumb Code    36  os_sem.o(.text)
    OSSemPend                                0x08007ad1   Thumb Code   408  os_sem.o(.text)
    OSSemPendAbort                           0x08007c69   Thumb Code   264  os_sem.o(.text)
    OSSemPost                                0x08007d71   Thumb Code   140  os_sem.o(.text)
    OS_SemPost                               0x08007dfd   Thumb Code   212  os_sem.o(.text)
    OSSemSet                                 0x08007ed1   Thumb Code   112  os_sem.o(.text)
    OS_SemInit                               0x08007f41   Thumb Code    26  os_sem.o(.text)
    OSStatReset                              0x08007f5d   Thumb Code   276  os_stat.o(.text)
    OSStatTaskCPUUsageInit                   0x08008071   Thumb Code   234  os_stat.o(.text)
    OS_StatTask                              0x0800815d   Thumb Code   848  os_stat.o(.text)
    OS_StatTaskInit                          0x080084ad   Thumb Code   196  os_stat.o(.text)
    OSTaskChangePrio                         0x08008585   Thumb Code   362  os_task.o(.text)
    OSTaskCreate                             0x080086f1   Thumb Code   546  os_task.o(.text)
    OS_TaskInitTCB                           0x08008915   Thumb Code   150  os_task.o(.text)
    OS_TaskDbgListAdd                        0x080089ad   Thumb Code    36  os_task.o(.text)
    OSTaskDel                                0x080089d1   Thumb Code   570  os_task.o(.text)
    OS_TaskDbgListRemove                     0x08008c0d   Thumb Code    58  os_task.o(.text)
    OSTaskQFlush                             0x08008c49   Thumb Code   188  os_task.o(.text)
    OSTaskQPend                              0x08008d05   Thumb Code   438  os_task.o(.text)
    OSTaskQPendAbort                         0x08008ebd   Thumb Code   244  os_task.o(.text)
    OSTaskQPost                              0x08008fb1   Thumb Code   132  os_task.o(.text)
    OS_TaskQPost                             0x08009035   Thumb Code   430  os_task.o(.text)
    OSTaskRegGet                             0x080091e5   Thumb Code    62  os_task.o(.text)
    OSTaskRegGetID                           0x08009225   Thumb Code    68  os_task.o(.text)
    OSTaskRegSet                             0x08009269   Thumb Code    64  os_task.o(.text)
    OSTaskResume                             0x080092a9   Thumb Code   114  os_task.o(.text)
    OS_TaskResume                            0x0800931d   Thumb Code   248  os_task.o(.text)
    OSTaskSemPend                            0x08009415   Thumb Code   398  os_task.o(.text)
    OSTaskSemPendAbort                       0x080095a5   Thumb Code   256  os_task.o(.text)
    OSTaskSemPost                            0x080096a5   Thumb Code    96  os_task.o(.text)
    OS_TaskSemPost                           0x08009705   Thumb Code   546  os_task.o(.text)
    OSTaskSemSet                             0x08009929   Thumb Code    80  os_task.o(.text)
    OSTaskStkChk                             0x08009979   Thumb Code   168  os_task.o(.text)
    OSTaskSuspend                            0x08009a21   Thumb Code   110  os_task.o(.text)
    OS_TaskSuspend                           0x08009a91   Thumb Code   250  os_task.o(.text)
    OSTaskTimeQuantaSet                      0x08009b8d   Thumb Code    98  os_task.o(.text)
    OS_TaskInit                              0x08009bf1   Thumb Code    36  os_task.o(.text)
    OS_TaskReturn                            0x08009c15   Thumb Code    32  os_task.o(.text)
    OS_TickTask                              0x08009c35   Thumb Code    48  os_tick.o(.text)
    OS_TickListUpdate                        0x08009c65   Thumb Code   498  os_tick.o(.text)
    OS_TickTaskInit                          0x08009e59   Thumb Code   192  os_tick.o(.text)
    OS_TickListInit                          0x08009f2d   Thumb Code    34  os_tick.o(.text)
    OS_TickListInsert                        0x08009f51   Thumb Code   274  os_tick.o(.text)
    OS_TickListRemove                        0x0800a065   Thumb Code    60  os_tick.o(.text)
    OS_TickListResetPeak                     0x0800a0a1   Thumb Code    38  os_tick.o(.text)
    OSTimeDly                                0x0800a0c9   Thumb Code   252  os_time.o(.text)
    OSTimeDlyHMSM                            0x0800a1c5   Thumb Code   398  os_time.o(.text)
    OSTimeDlyResume                          0x0800a355   Thumb Code   298  os_time.o(.text)
    OSTimeGet                                0x0800a481   Thumb Code    42  os_time.o(.text)
    OSTimeSet                                0x0800a4ad   Thumb Code    42  os_time.o(.text)
    OSTimeTick                               0x0800a4d9   Thumb Code    74  os_time.o(.text)
    OSTmrCreate                              0x0800a525   Thumb Code   262  os_tmr.o(.text)
    OS_TmrDbgListAdd                         0x0800a62d   Thumb Code    28  os_tmr.o(.text)
    OSTmrDel                                 0x0800a649   Thumb Code   298  os_tmr.o(.text)
    OS_TmrDbgListRemove                      0x0800a775   Thumb Code    54  os_tmr.o(.text)
    OS_TmrUnlink                             0x0800a7ad   Thumb Code    86  os_tmr.o(.text)
    OS_TmrClr                                0x0800a805   Thumb Code    36  os_tmr.o(.text)
    OSTmrRemainGet                           0x0800a829   Thumb Code   152  os_tmr.o(.text)
    OSTmrStart                               0x0800a8c1   Thumb Code   218  os_tmr.o(.text)
    OS_TmrLink                               0x0800a99d   Thumb Code   194  os_tmr.o(.text)
    OSTmrStateGet                            0x0800aa61   Thumb Code    96  os_tmr.o(.text)
    OSTmrStop                                0x0800aac1   Thumb Code   286  os_tmr.o(.text)
    OS_TmrInit                               0x0800abe1   Thumb Code   252  os_tmr.o(.text)
    OS_TmrTask                               0x0800acf5   Thumb Code   272  os_tmr.o(.text)
    OS_TmrResetPeak                          0x0800ae05   Thumb Code    38  os_tmr.o(.text)
    OS_Dbg_Init                              0x0800ae2d   Thumb Code     2  os_dbg.o(.text)
    OSIdleTaskHook                           0x0800ae31   Thumb Code    18  os_cpu_c.o(.text)
    OSInitHook                               0x0800ae45   Thumb Code    50  os_cpu_c.o(.text)
    OSStatTaskHook                           0x0800ae79   Thumb Code    18  os_cpu_c.o(.text)
    OSTaskCreateHook                         0x0800ae8d   Thumb Code    18  os_cpu_c.o(.text)
    OSTaskDelHook                            0x0800aea1   Thumb Code    18  os_cpu_c.o(.text)
    OSTaskReturnHook                         0x0800aeb5   Thumb Code    18  os_cpu_c.o(.text)
    OSTaskStkInit                            0x0800aec9   Thumb Code   106  os_cpu_c.o(.text)
    OSTaskSwHook                             0x0800af35   Thumb Code   112  os_cpu_c.o(.text)
    OSTimeTickHook                           0x0800afa5   Thumb Code    18  os_cpu_c.o(.text)
    OS_CPU_SysTickHandler                    0x0800afb9   Thumb Code    48  os_cpu_c.o(.text)
    OS_CPU_SysTickInit                       0x0800afe9   Thumb Code    42  os_cpu_c.o(.text)
    FLASH_SetLatency                         0x0800b015   Thumb Code    24  stm32f10x_flash.o(.text)
    FLASH_HalfCycleAccessCmd                 0x0800b02d   Thumb Code    24  stm32f10x_flash.o(.text)
    FLASH_PrefetchBufferCmd                  0x0800b045   Thumb Code    24  stm32f10x_flash.o(.text)
    FLASH_Unlock                             0x0800b05d   Thumb Code    30  stm32f10x_flash.o(.text)
    FLASH_Lock                               0x0800b07d   Thumb Code    18  stm32f10x_flash.o(.text)
    FLASH_ErasePage                          0x0800b091   Thumb Code   330  stm32f10x_flash.o(.text)
    FLASH_WaitForLastOperation               0x0800b1dd   Thumb Code   142  stm32f10x_flash.o(.text)
    FLASH_EraseAllPages                      0x0800b26d   Thumb Code   322  stm32f10x_flash.o(.text)
    FLASH_EraseOptionBytes                   0x0800b3b1   Thumb Code   522  stm32f10x_flash.o(.text)
    FLASH_ProgramWord                        0x0800b5bd   Thumb Code   468  stm32f10x_flash.o(.text)
    FLASH_ProgramHalfWord                    0x0800b791   Thumb Code   314  stm32f10x_flash.o(.text)
    FLASH_ProgramOptionByteData              0x0800b8cd   Thumb Code   338  stm32f10x_flash.o(.text)
    FLASH_EnableWriteProtection              0x0800ba21   Thumb Code   730  stm32f10x_flash.o(.text)
    FLASH_ReadOutProtection                  0x0800bcfd   Thumb Code   552  stm32f10x_flash.o(.text)
    FLASH_UserOptionByteConfig               0x0800bf25   Thumb Code   354  stm32f10x_flash.o(.text)
    FLASH_GetUserOptionByte                  0x0800c089   Thumb Code    14  stm32f10x_flash.o(.text)
    FLASH_GetWriteProtectionOptionByte       0x0800c099   Thumb Code    12  stm32f10x_flash.o(.text)
    FLASH_GetReadOutProtectionStatus         0x0800c0a5   Thumb Code    16  stm32f10x_flash.o(.text)
    FLASH_GetPrefetchBufferStatus            0x0800c0b5   Thumb Code    16  stm32f10x_flash.o(.text)
    FLASH_ITConfig                           0x0800c0c5   Thumb Code    24  stm32f10x_flash.o(.text)
    FLASH_GetFlagStatus                      0x0800c0dd   Thumb Code    30  stm32f10x_flash.o(.text)
    FLASH_ClearFlag                          0x0800c0fd   Thumb Code    12  stm32f10x_flash.o(.text)
    FLASH_GetStatus                          0x0800c109   Thumb Code    42  stm32f10x_flash.o(.text)
    GPIO_DeInit                              0x0800c135   Thumb Code    52  stm32f10x_gpio.o(.text)
    GPIO_AFIODeInit                          0x0800c169   Thumb Code    22  stm32f10x_gpio.o(.text)
    GPIO_Init                                0x0800c181   Thumb Code   192  stm32f10x_gpio.o(.text)
    GPIO_StructInit                          0x0800c241   Thumb Code    12  stm32f10x_gpio.o(.text)
    GPIO_ReadInputDataBit                    0x0800c24d   Thumb Code    10  stm32f10x_gpio.o(.text)
    GPIO_ReadInputData                       0x0800c259   Thumb Code     6  stm32f10x_gpio.o(.text)
    GPIO_ReadOutputDataBit                   0x0800c261   Thumb Code    10  stm32f10x_gpio.o(.text)
    GPIO_ReadOutputData                      0x0800c26d   Thumb Code     6  stm32f10x_gpio.o(.text)
    GPIO_SetBits                             0x0800c275   Thumb Code     4  stm32f10x_gpio.o(.text)
    GPIO_ResetBits                           0x0800c279   Thumb Code     4  stm32f10x_gpio.o(.text)
    GPIO_WriteBit                            0x0800c27d   Thumb Code    12  stm32f10x_gpio.o(.text)
    GPIO_Write                               0x0800c289   Thumb Code     4  stm32f10x_gpio.o(.text)
    GPIO_PinLockConfig                       0x0800c28d   Thumb Code    16  stm32f10x_gpio.o(.text)
    GPIO_EventOutputConfig                   0x0800c29d   Thumb Code    30  stm32f10x_gpio.o(.text)
    GPIO_EventOutputCmd                      0x0800c2bd   Thumb Code    10  stm32f10x_gpio.o(.text)
    GPIO_PinRemapConfig                      0x0800c2c9   Thumb Code   110  stm32f10x_gpio.o(.text)
    GPIO_EXTILineConfig                      0x0800c339   Thumb Code    46  stm32f10x_gpio.o(.text)
    GPIO_ETH_MediaInterfaceConfig            0x0800c369   Thumb Code    10  stm32f10x_gpio.o(.text)
    RCC_DeInit                               0x0800c375   Thumb Code    64  stm32f10x_rcc.o(.text)
    RCC_HSEConfig                            0x0800c3b5   Thumb Code    50  stm32f10x_rcc.o(.text)
    RCC_WaitForHSEStartUp                    0x0800c3e9   Thumb Code    48  stm32f10x_rcc.o(.text)
    RCC_GetFlagStatus                        0x0800c419   Thumb Code    38  stm32f10x_rcc.o(.text)
    RCC_AdjustHSICalibrationValue            0x0800c441   Thumb Code    22  stm32f10x_rcc.o(.text)
    RCC_HSICmd                               0x0800c459   Thumb Code    10  stm32f10x_rcc.o(.text)
    RCC_PLLConfig                            0x0800c465   Thumb Code    22  stm32f10x_rcc.o(.text)
    RCC_PLLCmd                               0x0800c47d   Thumb Code    10  stm32f10x_rcc.o(.text)
    RCC_PREDIV1Config                        0x0800c489   Thumb Code    32  stm32f10x_rcc.o(.text)
    RCC_PREDIV2Config                        0x0800c4a9   Thumb Code    20  stm32f10x_rcc.o(.text)
    RCC_PLL1Config                           0x0800c4bd   Thumb Code    22  stm32f10x_rcc.o(.text)
    RCC_PLL1Cmd                              0x0800c4d5   Thumb Code    10  stm32f10x_rcc.o(.text)
    RCC_PLL2Config                           0x0800c4e1   Thumb Code    20  stm32f10x_rcc.o(.text)
    RCC_PLL2Cmd                              0x0800c4f5   Thumb Code    10  stm32f10x_rcc.o(.text)
    RCC_PLL3Config                           0x0800c501   Thumb Code    20  stm32f10x_rcc.o(.text)
    RCC_PLL3Cmd                              0x0800c515   Thumb Code    10  stm32f10x_rcc.o(.text)
    RCC_SYSCLKConfig                         0x0800c521   Thumb Code    20  stm32f10x_rcc.o(.text)
    RCC_GetSYSCLKSource                      0x0800c535   Thumb Code    16  stm32f10x_rcc.o(.text)
    RCC_HCLKConfig                           0x0800c545   Thumb Code    20  stm32f10x_rcc.o(.text)
    RCC_PCLK1Config                          0x0800c559   Thumb Code    20  stm32f10x_rcc.o(.text)
    RCC_PCLK2Config                          0x0800c56d   Thumb Code    22  stm32f10x_rcc.o(.text)
    RCC_ITConfig                             0x0800c585   Thumb Code    24  stm32f10x_rcc.o(.text)
    RCC_USBCLKConfig                         0x0800c59d   Thumb Code    10  stm32f10x_rcc.o(.text)
    RCC_ADCCLKConfig                         0x0800c5a9   Thumb Code    20  stm32f10x_rcc.o(.text)
    RCC_OTGFSCLKConfig                       0x0800c5bd   Thumb Code    10  stm32f10x_rcc.o(.text)
    RCC_I2S2CLKConfig                        0x0800c5c9   Thumb Code    12  stm32f10x_rcc.o(.text)
    RCC_I2S3CLKConfig                        0x0800c5d5   Thumb Code    12  stm32f10x_rcc.o(.text)
    RCC_LSEConfig                            0x0800c5e1   Thumb Code    30  stm32f10x_rcc.o(.text)
    RCC_LSICmd                               0x0800c601   Thumb Code    12  stm32f10x_rcc.o(.text)
    RCC_RTCCLKConfig                         0x0800c60d   Thumb Code    16  stm32f10x_rcc.o(.text)
    RCC_RTCCLKCmd                            0x0800c61d   Thumb Code    12  stm32f10x_rcc.o(.text)
    RCC_GetClocksFreq                        0x0800c629   Thumb Code   204  stm32f10x_rcc.o(.text)
    RCC_AHBPeriphClockCmd                    0x0800c6f9   Thumb Code    24  stm32f10x_rcc.o(.text)
    RCC_APB2PeriphClockCmd                   0x0800c711   Thumb Code    24  stm32f10x_rcc.o(.text)
    RCC_APB1PeriphClockCmd                   0x0800c729   Thumb Code    24  stm32f10x_rcc.o(.text)
    RCC_AHBPeriphResetCmd                    0x0800c741   Thumb Code    24  stm32f10x_rcc.o(.text)
    RCC_APB2PeriphResetCmd                   0x0800c759   Thumb Code    24  stm32f10x_rcc.o(.text)
    RCC_APB1PeriphResetCmd                   0x0800c771   Thumb Code    24  stm32f10x_rcc.o(.text)
    RCC_BackupResetCmd                       0x0800c789   Thumb Code    12  stm32f10x_rcc.o(.text)
    RCC_ClockSecuritySystemCmd               0x0800c795   Thumb Code    10  stm32f10x_rcc.o(.text)
    RCC_MCOConfig                            0x0800c7a1   Thumb Code    12  stm32f10x_rcc.o(.text)
    RCC_ClearFlag                            0x0800c7ad   Thumb Code    18  stm32f10x_rcc.o(.text)
    RCC_GetITStatus                          0x0800c7c1   Thumb Code    18  stm32f10x_rcc.o(.text)
    RCC_ClearITPendingBit                    0x0800c7d5   Thumb Code    12  stm32f10x_rcc.o(.text)
    USART_DeInit                             0x0800c7e1   Thumb Code   174  stm32f10x_usart.o(.text)
    USART_Init                               0x0800c891   Thumb Code   146  stm32f10x_usart.o(.text)
    USART_StructInit                         0x0800c925   Thumb Code    18  stm32f10x_usart.o(.text)
    USART_ClockInit                          0x0800c939   Thumb Code    34  stm32f10x_usart.o(.text)
    USART_ClockStructInit                    0x0800c95d   Thumb Code     8  stm32f10x_usart.o(.text)
    USART_Cmd                                0x0800c965   Thumb Code    20  stm32f10x_usart.o(.text)
    USART_ITConfig                           0x0800c979   Thumb Code    46  stm32f10x_usart.o(.text)
    USART_DMACmd                             0x0800c9a9   Thumb Code    16  stm32f10x_usart.o(.text)
    USART_SetAddress                         0x0800c9b9   Thumb Code    16  stm32f10x_usart.o(.text)
    USART_WakeUpConfig                       0x0800c9c9   Thumb Code    16  stm32f10x_usart.o(.text)
    USART_ReceiverWakeUpCmd                  0x0800c9d9   Thumb Code    20  stm32f10x_usart.o(.text)
    USART_LINBreakDetectLengthConfig         0x0800c9ed   Thumb Code    16  stm32f10x_usart.o(.text)
    USART_LINCmd                             0x0800c9fd   Thumb Code    20  stm32f10x_usart.o(.text)
    USART_SendData                           0x0800ca11   Thumb Code     8  stm32f10x_usart.o(.text)
    USART_ReceiveData                        0x0800ca19   Thumb Code     8  stm32f10x_usart.o(.text)
    USART_SendBreak                          0x0800ca21   Thumb Code    10  stm32f10x_usart.o(.text)
    USART_SetGuardTime                       0x0800ca2d   Thumb Code    16  stm32f10x_usart.o(.text)
    USART_SetPrescaler                       0x0800ca3d   Thumb Code    16  stm32f10x_usart.o(.text)
    USART_SmartCardCmd                       0x0800ca4d   Thumb Code    20  stm32f10x_usart.o(.text)
    USART_SmartCardNACKCmd                   0x0800ca61   Thumb Code    20  stm32f10x_usart.o(.text)
    USART_HalfDuplexCmd                      0x0800ca75   Thumb Code    20  stm32f10x_usart.o(.text)
    USART_IrDAConfig                         0x0800ca89   Thumb Code    16  stm32f10x_usart.o(.text)
    USART_IrDACmd                            0x0800ca99   Thumb Code    20  stm32f10x_usart.o(.text)
    USART_GetFlagStatus                      0x0800caad   Thumb Code    10  stm32f10x_usart.o(.text)
    USART_ClearFlag                          0x0800cab9   Thumb Code     6  stm32f10x_usart.o(.text)
    USART_GetITStatus                        0x0800cac1   Thumb Code    48  stm32f10x_usart.o(.text)
    USART_ClearITPendingBit                  0x0800caf1   Thumb Code    14  stm32f10x_usart.o(.text)
    __aeabi_memset                           0x0800caff   Thumb Code    14  memseta.o(.text)
    __aeabi_memset4                          0x0800caff   Thumb Code     0  memseta.o(.text)
    __aeabi_memset8                          0x0800caff   Thumb Code     0  memseta.o(.text)
    __aeabi_memclr                           0x0800cb0d   Thumb Code     4  memseta.o(.text)
    __aeabi_memclr4                          0x0800cb0d   Thumb Code     0  memseta.o(.text)
    __aeabi_memclr8                          0x0800cb0d   Thumb Code     0  memseta.o(.text)
    _memset$wrapper                          0x0800cb11   Thumb Code    18  memseta.o(.text)
    __aeabi_uidiv                            0x0800cb23   Thumb Code     0  uidiv.o(.text)
    __aeabi_uidivmod                         0x0800cb23   Thumb Code    44  uidiv.o(.text)
    __aeabi_uldivmod                         0x0800cb4f   Thumb Code    98  uldiv.o(.text)
    __I$use$fp                               0x0800cbb1   Thumb Code     0  iusefp.o(.text)
    __aeabi_dadd                             0x0800cbb1   Thumb Code   322  dadd.o(.text)
    __aeabi_dsub                             0x0800ccf3   Thumb Code     6  dadd.o(.text)
    __aeabi_drsub                            0x0800ccf9   Thumb Code     6  dadd.o(.text)
    __aeabi_dmul                             0x0800ccff   Thumb Code   228  dmul.o(.text)
    __aeabi_ddiv                             0x0800cde3   Thumb Code   222  ddiv.o(.text)
    __aeabi_d2ulz                            0x0800cec1   Thumb Code    48  dfixul.o(.text)
    __aeabi_cdrcmple                         0x0800cef1   Thumb Code    48  cdrcmple.o(.text)
    __scatterload                            0x0800cf21   Thumb Code    28  init.o(.text)
    __scatterload_rt2                        0x0800cf21   Thumb Code     0  init.o(.text)
    __aeabi_llsl                             0x0800cf45   Thumb Code    30  llshl.o(.text)
    _ll_shift_l                              0x0800cf45   Thumb Code     0  llshl.o(.text)
    __aeabi_llsr                             0x0800cf63   Thumb Code    32  llushr.o(.text)
    _ll_ushift_r                             0x0800cf63   Thumb Code     0  llushr.o(.text)
    __aeabi_lasr                             0x0800cf83   Thumb Code    36  llsshr.o(.text)
    _ll_sshift_r                             0x0800cf83   Thumb Code     0  llsshr.o(.text)
    _double_round                            0x0800cfa7   Thumb Code    30  depilogue.o(.text)
    _double_epilogue                         0x0800cfc5   Thumb Code   156  depilogue.o(.text)
    OSStartHighRdy                           0x0800d061   Thumb Code     0  os_cpu_a.o(CODE)
    OS_CPU_PendSVHandler                     0x0800d083   Thumb Code     0  os_cpu_a.o(CODE)
    __0vsnprintf                             0x0800d0e5   Thumb Code    46  printfa.o(i.__0vsnprintf)
    __1vsnprintf                             0x0800d0e5   Thumb Code     0  printfa.o(i.__0vsnprintf)
    __2vsnprintf                             0x0800d0e5   Thumb Code     0  printfa.o(i.__0vsnprintf)
    __c89vsnprintf                           0x0800d0e5   Thumb Code     0  printfa.o(i.__0vsnprintf)
    vsnprintf                                0x0800d0e5   Thumb Code     0  printfa.o(i.__0vsnprintf)
    __scatterload_copy                       0x0800d119   Thumb Code    14  handlers.o(i.__scatterload_copy)
    __scatterload_null                       0x0800d127   Thumb Code     2  handlers.o(i.__scatterload_null)
    __scatterload_zeroinit                   0x0800d129   Thumb Code    14  handlers.o(i.__scatterload_zeroinit)
    OSCfg_ISRStkBasePtr                      0x0800db1c   Data           4  os_cfg_app.o(.rodata.OSCfg_ISRStkBasePtr)
    OSCfg_ISRStkSize                         0x0800db20   Data           4  os_cfg_app.o(.rodata.OSCfg_ISRStkSize)
    OSCfg_IdleTaskStkBasePtr                 0x0800db24   Data           4  os_cfg_app.o(.rodata.OSCfg_IdleTaskStkBasePtr)
    OSCfg_IdleTaskStkLimit                   0x0800db28   Data           4  os_cfg_app.o(.rodata.OSCfg_IdleTaskStkLimit)
    OSCfg_IdleTaskStkSize                    0x0800db2c   Data           4  os_cfg_app.o(.rodata.OSCfg_IdleTaskStkSize)
    OSCfg_IntQBasePtr                        0x0800db30   Data           4  os_cfg_app.o(.rodata.OSCfg_IntQBasePtr)
    OSCfg_IntQSize                           0x0800db34   Data           2  os_cfg_app.o(.rodata.OSCfg_IntQSize)
    OSCfg_IntQTaskStkBasePtr                 0x0800db38   Data           4  os_cfg_app.o(.rodata.OSCfg_IntQTaskStkBasePtr)
    OSCfg_IntQTaskStkLimit                   0x0800db3c   Data           4  os_cfg_app.o(.rodata.OSCfg_IntQTaskStkLimit)
    OSCfg_IntQTaskStkSize                    0x0800db40   Data           4  os_cfg_app.o(.rodata.OSCfg_IntQTaskStkSize)
    OSCfg_MsgPoolBasePtr                     0x0800db44   Data           4  os_cfg_app.o(.rodata.OSCfg_MsgPoolBasePtr)
    OSCfg_MsgPoolSize                        0x0800db48   Data           2  os_cfg_app.o(.rodata.OSCfg_MsgPoolSize)
    OSCfg_StatTaskPrio                       0x0800db4a   Data           1  os_cfg_app.o(.rodata.OSCfg_StatTaskPrio)
    OSCfg_StatTaskRate_Hz                    0x0800db4c   Data           4  os_cfg_app.o(.rodata.OSCfg_StatTaskRate_Hz)
    OSCfg_StatTaskStkBasePtr                 0x0800db50   Data           4  os_cfg_app.o(.rodata.OSCfg_StatTaskStkBasePtr)
    OSCfg_StatTaskStkLimit                   0x0800db54   Data           4  os_cfg_app.o(.rodata.OSCfg_StatTaskStkLimit)
    OSCfg_StatTaskStkSize                    0x0800db58   Data           4  os_cfg_app.o(.rodata.OSCfg_StatTaskStkSize)
    OSCfg_StkSizeMin                         0x0800db5c   Data           4  os_cfg_app.o(.rodata.OSCfg_StkSizeMin)
    OSCfg_TickRate_Hz                        0x0800db60   Data           4  os_cfg_app.o(.rodata.OSCfg_TickRate_Hz)
    OSCfg_TickTaskPrio                       0x0800db64   Data           1  os_cfg_app.o(.rodata.OSCfg_TickTaskPrio)
    OSCfg_TickTaskStkBasePtr                 0x0800db68   Data           4  os_cfg_app.o(.rodata.OSCfg_TickTaskStkBasePtr)
    OSCfg_TickTaskStkLimit                   0x0800db6c   Data           4  os_cfg_app.o(.rodata.OSCfg_TickTaskStkLimit)
    OSCfg_TickTaskStkSize                    0x0800db70   Data           4  os_cfg_app.o(.rodata.OSCfg_TickTaskStkSize)
    OSCfg_TickWheelSize                      0x0800db74   Data           2  os_cfg_app.o(.rodata.OSCfg_TickWheelSize)
    OSCfg_TmrTaskPrio                        0x0800db76   Data           1  os_cfg_app.o(.rodata.OSCfg_TmrTaskPrio)
    OSCfg_TmrTaskRate_Hz                     0x0800db78   Data           4  os_cfg_app.o(.rodata.OSCfg_TmrTaskRate_Hz)
    OSCfg_TmrTaskStkBasePtr                  0x0800db7c   Data           4  os_cfg_app.o(.rodata.OSCfg_TmrTaskStkBasePtr)
    OSCfg_TmrTaskStkLimit                    0x0800db80   Data           4  os_cfg_app.o(.rodata.OSCfg_TmrTaskStkLimit)
    OSCfg_TmrTaskStkSize                     0x0800db84   Data           4  os_cfg_app.o(.rodata.OSCfg_TmrTaskStkSize)
    OSCfg_TmrWheelSize                       0x0800db88   Data           2  os_cfg_app.o(.rodata.OSCfg_TmrWheelSize)
    Region$$Table$$Base                      0x0800dc6c   Number         0  anon$$obj.o(Region$$Table)
    Region$$Table$$Limit                     0x0800dc7c   Number         0  anon$$obj.o(Region$$Table)
    BSP_CPU_ClkFreq_MHz                      0x200002c8   Data           4  bsp.o(.bss.BSP_CPU_ClkFreq_MHz)
    CPU_IntDisMeasCtr                        0x20000458   Data           2  cpu_core.o(.bss.CPU_IntDisMeasCtr)
    CPU_IntDisMeasMaxCur_cnts                0x2000045c   Data           4  cpu_core.o(.bss.CPU_IntDisMeasMaxCur_cnts)
    CPU_IntDisMeasMax_cnts                   0x20000460   Data           4  cpu_core.o(.bss.CPU_IntDisMeasMax_cnts)
    CPU_IntDisMeasOvrhd_cnts                 0x20000464   Data           4  cpu_core.o(.bss.CPU_IntDisMeasOvrhd_cnts)
    CPU_IntDisMeasStart_cnts                 0x20000468   Data           4  cpu_core.o(.bss.CPU_IntDisMeasStart_cnts)
    CPU_IntDisMeasStop_cnts                  0x2000046c   Data           4  cpu_core.o(.bss.CPU_IntDisMeasStop_cnts)
    CPU_IntDisNestCtr                        0x20000470   Data           2  cpu_core.o(.bss.CPU_IntDisNestCtr)
    CPU_Name                                 0x20000472   Data          16  cpu_core.o(.bss.CPU_Name)
    CPU_TS_TmrFreq_Hz                        0x20000484   Data           4  cpu_core.o(.bss.CPU_TS_TmrFreq_Hz)
    Mem_Heap                                 0x20000488   Data       27648  lib_mem.o(.bss.Mem_Heap)
    Mem_PoolHeap                             0x20007088   Data          72  lib_mem.o(.bss.Mem_PoolHeap)
    Mem_PoolTbl                              0x200070d0   Data           4  lib_mem.o(.bss.Mem_PoolTbl)
    OSCfg_ISRStk                             0x200070d4   Data         512  os_cfg_app.o(.bss.OSCfg_ISRStk)
    OSCfg_IdleTaskStk                        0x200072d4   Data         512  os_cfg_app.o(.bss.OSCfg_IdleTaskStk)
    OSCfg_IntQ                               0x200074d4   Data         320  os_cfg_app.o(.bss.OSCfg_IntQ)
    OSCfg_IntQTaskStk                        0x20007614   Data         512  os_cfg_app.o(.bss.OSCfg_IntQTaskStk)
    OSCfg_MsgPool                            0x20007814   Data        1600  os_cfg_app.o(.bss.OSCfg_MsgPool)
    OSCfg_StatTaskStk                        0x20007e54   Data         512  os_cfg_app.o(.bss.OSCfg_StatTaskStk)
    OSCfg_TickTaskStk                        0x20008054   Data         512  os_cfg_app.o(.bss.OSCfg_TickTaskStk)
    OSCfg_TickWheel                          0x20008254   Data         136  os_cfg_app.o(.bss.OSCfg_TickWheel)
    OSCfg_TmrTaskStk                         0x200082dc   Data         512  os_cfg_app.o(.bss.OSCfg_TmrTaskStk)
    OSCfg_TmrWheel                           0x200084dc   Data         136  os_cfg_app.o(.bss.OSCfg_TmrWheel)
    OSFlagDbgListPtr                         0x20008564   Data           4  os_var.o(.bss.OSFlagDbgListPtr)
    OSFlagQty                                0x20008568   Data           2  os_var.o(.bss.OSFlagQty)
    OSIdleTaskCtr                            0x2000856c   Data           4  os_var.o(.bss.OSIdleTaskCtr)
    OSIdleTaskTCB                            0x20008570   Data         200  os_var.o(.bss.OSIdleTaskTCB)
    OSIntDisTimeMax                          0x20008638   Data           4  os_var.o(.bss.OSIntDisTimeMax)
    OSIntNestingCtr                          0x2000863c   Data           1  os_var.o(.bss.OSIntNestingCtr)
    OSIntQInPtr                              0x20008640   Data           4  os_var.o(.bss.OSIntQInPtr)
    OSIntQNbrEntries                         0x20008644   Data           2  os_var.o(.bss.OSIntQNbrEntries)
    OSIntQNbrEntriesMax                      0x20008646   Data           2  os_var.o(.bss.OSIntQNbrEntriesMax)
    OSIntQOutPtr                             0x20008648   Data           4  os_var.o(.bss.OSIntQOutPtr)
    OSIntQOvfCtr                             0x2000864c   Data           2  os_var.o(.bss.OSIntQOvfCtr)
    OSIntQTaskTCB                            0x20008650   Data         200  os_var.o(.bss.OSIntQTaskTCB)
    OSIntQTaskTimeMax                        0x20008718   Data           4  os_var.o(.bss.OSIntQTaskTimeMax)
    OSMemDbgListPtr                          0x2000871c   Data           4  os_var.o(.bss.OSMemDbgListPtr)
    OSMemQty                                 0x20008720   Data           2  os_var.o(.bss.OSMemQty)
    OSMsgPool                                0x20008724   Data          12  os_var.o(.bss.OSMsgPool)
    OSMutexDbgListPtr                        0x20008730   Data           4  os_var.o(.bss.OSMutexDbgListPtr)
    OSMutexQty                               0x20008734   Data           2  os_var.o(.bss.OSMutexQty)
    OSPrioCur                                0x20008736   Data           1  os_var.o(.bss.OSPrioCur)
    OSPrioHighRdy                            0x20008737   Data           1  os_var.o(.bss.OSPrioHighRdy)
    OSPrioSaved                              0x20008738   Data           1  os_var.o(.bss.OSPrioSaved)
    OSPrioTbl                                0x2000873c   Data           4  os_prio.o(.bss.OSPrioTbl)
    OSQDbgListPtr                            0x20008740   Data           4  os_var.o(.bss.OSQDbgListPtr)
    OSQQty                                   0x20008744   Data           2  os_var.o(.bss.OSQQty)
    OSRdyList                                0x20008748   Data         384  os_var.o(.bss.OSRdyList)
    OSRunning                                0x200088c8   Data           1  os_var.o(.bss.OSRunning)
    OSSchedLockNestingCtr                    0x200088c9   Data           1  os_var.o(.bss.OSSchedLockNestingCtr)
    OSSchedLockTimeBegin                     0x200088cc   Data           4  os_var.o(.bss.OSSchedLockTimeBegin)
    OSSchedLockTimeMax                       0x200088d0   Data           4  os_var.o(.bss.OSSchedLockTimeMax)
    OSSchedLockTimeMaxCur                    0x200088d4   Data           4  os_var.o(.bss.OSSchedLockTimeMaxCur)
    OSSchedRoundRobinDfltTimeQuanta          0x200088d8   Data           4  os_var.o(.bss.OSSchedRoundRobinDfltTimeQuanta)
    OSSchedRoundRobinEn                      0x200088dc   Data           1  os_var.o(.bss.OSSchedRoundRobinEn)
    OSSemDbgListPtr                          0x200088e0   Data           4  os_var.o(.bss.OSSemDbgListPtr)
    OSSemQty                                 0x200088e4   Data           2  os_var.o(.bss.OSSemQty)
    OSStatResetFlag                          0x200088e6   Data           1  os_var.o(.bss.OSStatResetFlag)
    OSStatTaskCPUUsage                       0x200088e8   Data           2  os_var.o(.bss.OSStatTaskCPUUsage)
    OSStatTaskCPUUsageMax                    0x200088ea   Data           2  os_var.o(.bss.OSStatTaskCPUUsageMax)
    OSStatTaskCtr                            0x200088ec   Data           4  os_var.o(.bss.OSStatTaskCtr)
    OSStatTaskCtrMax                         0x200088f0   Data           4  os_var.o(.bss.OSStatTaskCtrMax)
    OSStatTaskCtrRun                         0x200088f4   Data           4  os_var.o(.bss.OSStatTaskCtrRun)
    OSStatTaskRdy                            0x200088f8   Data           1  os_var.o(.bss.OSStatTaskRdy)
    OSStatTaskTCB                            0x200088fc   Data         200  os_var.o(.bss.OSStatTaskTCB)
    OSStatTaskTimeMax                        0x200089c4   Data           4  os_var.o(.bss.OSStatTaskTimeMax)
    OSTCBCurPtr                              0x200089c8   Data           4  os_var.o(.bss.OSTCBCurPtr)
    OSTCBHighRdyPtr                          0x200089cc   Data           4  os_var.o(.bss.OSTCBHighRdyPtr)
    OSTaskCtxSwCtr                           0x200089d0   Data           4  os_var.o(.bss.OSTaskCtxSwCtr)
    OSTaskDbgListPtr                         0x200089d4   Data           4  os_var.o(.bss.OSTaskDbgListPtr)
    OSTaskQty                                0x200089d8   Data           2  os_var.o(.bss.OSTaskQty)
    OSTaskRegNextAvailID                     0x200089da   Data           1  os_var.o(.bss.OSTaskRegNextAvailID)
    OSTickCtr                                0x200089dc   Data           4  os_var.o(.bss.OSTickCtr)
    OSTickTaskTCB                            0x200089e0   Data         200  os_var.o(.bss.OSTickTaskTCB)
    OSTickTaskTimeMax                        0x20008aa8   Data           4  os_var.o(.bss.OSTickTaskTimeMax)
    OSTmrDbgListPtr                          0x20008aac   Data           4  os_var.o(.bss.OSTmrDbgListPtr)
    OSTmrQty                                 0x20008ab0   Data           2  os_var.o(.bss.OSTmrQty)
    OSTmrTaskTCB                             0x20008ab4   Data         200  os_var.o(.bss.OSTmrTaskTCB)
    OSTmrTaskTimeMax                         0x20008b7c   Data           4  os_var.o(.bss.OSTmrTaskTimeMax)
    OSTmrTickCtr                             0x20008b80   Data           4  os_var.o(.bss.OSTmrTickCtr)
    OSTmrUpdateCnt                           0x20008b84   Data           4  os_var.o(.bss.OSTmrUpdateCnt)
    OSTmrUpdateCtr                           0x20008b88   Data           4  os_var.o(.bss.OSTmrUpdateCtr)
    OS_AppIdleTaskHookPtr                    0x20008b8c   Data           4  os_var.o(.bss.OS_AppIdleTaskHookPtr)
    OS_AppStatTaskHookPtr                    0x20008b90   Data           4  os_var.o(.bss.OS_AppStatTaskHookPtr)
    OS_AppTaskCreateHookPtr                  0x20008b94   Data           4  os_var.o(.bss.OS_AppTaskCreateHookPtr)
    OS_AppTaskDelHookPtr                     0x20008b98   Data           4  os_var.o(.bss.OS_AppTaskDelHookPtr)
    OS_AppTaskReturnHookPtr                  0x20008b9c   Data           4  os_var.o(.bss.OS_AppTaskReturnHookPtr)
    OS_AppTaskSwHookPtr                      0x20008ba0   Data           4  os_var.o(.bss.OS_AppTaskSwHookPtr)
    OS_AppTimeTickHookPtr                    0x20008ba4   Data           4  os_var.o(.bss.OS_AppTimeTickHookPtr)
    OS_CPU_ExceptStkBase                     0x20008ba8   Data           4  os_cpu_c.o(.bss.OS_CPU_ExceptStkBase)
    __initial_sp                             0x20008db0   Data           0  cstartup.o(STACK)



==============================================================================

Memory Map of the image

  Image Entry point : 0x08000151

  Load Region LR_IROM1 (Base: 0x08000000, Size: 0x0000dc7c, Max: 0x00040000, ABSOLUTE)

    Execution Region ER_IROM1 (Exec base: 0x08000000, Load base: 0x08000000, Size: 0x0000dc7c, Max: 0x00040000, ABSOLUTE)

    Exec Addr    Load Addr    Size         Type   Attr      Idx    E Section Name        Object

    0x08000000   0x08000000   0x00000150   Data   RO           87    RESET               cstartup.o
    0x08000150   0x08000150   0x00000000   Code   RO          696  * .ARM.Collect$$$$00000000  mc_w.l(entry.o)
    0x08000150   0x08000150   0x00000004   Code   RO          729    .ARM.Collect$$$$00000001  mc_w.l(entry2.o)
    0x08000154   0x08000154   0x00000004   Code   RO          732    .ARM.Collect$$$$00000004  mc_w.l(entry5.o)
    0x08000158   0x08000158   0x00000000   Code   RO          734    .ARM.Collect$$$$00000008  mc_w.l(entry7b.o)
    0x08000158   0x08000158   0x00000000   Code   RO          736    .ARM.Collect$$$$0000000A  mc_w.l(entry8b.o)
    0x08000158   0x08000158   0x00000008   Code   RO          737    .ARM.Collect$$$$0000000B  mc_w.l(entry9a.o)
    0x08000160   0x08000160   0x00000000   Code   RO          739    .ARM.Collect$$$$0000000D  mc_w.l(entry10a.o)
    0x08000160   0x08000160   0x00000000   Code   RO          741    .ARM.Collect$$$$0000000F  mc_w.l(entry11a.o)
    0x08000160   0x08000160   0x00000004   Code   RO          730    .ARM.Collect$$$$00002712  mc_w.l(entry2.o)
    0x08000164   0x08000164   0x00000120   Code   RO            1    .text               app.o
    0x08000284   0x08000284   0x00000218   Code   RO           20    .text               bsp.o
    0x0800049c   0x0800049c   0x00000d28   Code   RO           40    .text               bsp_int.o
    0x080011c4   0x080011c4   0x00000210   Code   RO           49    .text               bsp_periph.o
    0x080013d4   0x080013d4   0x000004b4   Code   RO           57    .text               bsp_ser.o
    0x08001888   0x08001888   0x000000c2   Code   RO           77    .text               bsp_os.o
    0x0800194a   0x0800194a   0x00000002   PAD
    0x0800194c   0x0800194c   0x00000018   Code   RO           88    .text               cstartup.o
    0x08001964   0x08001964   0x00000606   Code   RO           94    .text               cpu_core.o
    0x08001f6a   0x08001f6a   0x00000002   PAD
    0x08001f6c   0x08001f6c   0x00000034   Code   RO          113    .text               cpu_a.o
    0x08001fa0   0x08001fa0   0x0000055a   Code   RO          116    .text               cpu_c.o
    0x080024fa   0x080024fa   0x00000002   PAD
    0x080024fc   0x080024fc   0x0000017e   Code   RO          124    .text               lib_ascii.o
    0x0800267a   0x0800267a   0x00000002   PAD
    0x0800267c   0x0800267c   0x00000bba   Code   RO          142    .text               lib_mem.o
    0x08003236   0x08003236   0x00000002   PAD
    0x08003238   0x08003238   0x00000ab0   Code   RO          154    .text               lib_str.o
    0x08003ce8   0x08003ce8   0x00000220   Code   RO          164    .text               lib_mem_a.o
    0x08003f08   0x08003f08   0x00000002   Code   RO          167    .text               os_cfg_app.o
    0x08003f0a   0x08003f0a   0x00000002   PAD
    0x08003f0c   0x08003f0c   0x0000138c   Code   RO          225    .text               os_core.o
    0x08005298   0x08005298   0x00000a28   Code   RO          235    .text               os_flag.o
    0x08005cc0   0x08005cc0   0x00000468   Code   RO          245    .text               os_int.o
    0x08006128   0x08006128   0x000001ee   Code   RO          253    .text               os_mem.o
    0x08006316   0x08006316   0x00000002   PAD
    0x08006318   0x08006318   0x000001f0   Code   RO          262    .text               os_msg.o
    0x08006508   0x08006508   0x0000099a   Code   RO          270    .text               os_mutex.o
    0x08006ea2   0x08006ea2   0x00000002   PAD
    0x08006ea4   0x08006ea4   0x0000008a   Code   RO          288    .text               os_prio.o
    0x08006f2e   0x08006f2e   0x00000002   PAD
    0x08006f30   0x08006f30   0x0000089e   Code   RO          297    .text               os_q.o
    0x080077ce   0x080077ce   0x00000002   PAD
    0x080077d0   0x080077d0   0x0000078a   Code   RO          307    .text               os_sem.o
    0x08007f5a   0x08007f5a   0x00000002   PAD
    0x08007f5c   0x08007f5c   0x00000628   Code   RO          317    .text               os_stat.o
    0x08008584   0x08008584   0x000016b0   Code   RO          325    .text               os_task.o
    0x08009c34   0x08009c34   0x00000492   Code   RO          335    .text               os_tick.o
    0x0800a0c6   0x0800a0c6   0x00000002   PAD
    0x0800a0c8   0x0800a0c8   0x0000045a   Code   RO          344    .text               os_time.o
    0x0800a522   0x0800a522   0x00000002   PAD
    0x0800a524   0x0800a524   0x00000906   Code   RO          352    .text               os_tmr.o
    0x0800ae2a   0x0800ae2a   0x00000002   PAD
    0x0800ae2c   0x0800ae2c   0x00000002   Code   RO          432    .text               os_dbg.o
    0x0800ae2e   0x0800ae2e   0x00000002   PAD
    0x0800ae30   0x0800ae30   0x000001e2   Code   RO          514    .text               os_cpu_c.o
    0x0800b012   0x0800b012   0x00000002   PAD
    0x0800b014   0x0800b014   0x0000111e   Code   RO          588    .text               stm32f10x_flash.o
    0x0800c132   0x0800c132   0x00000002   PAD
    0x0800c134   0x0800c134   0x0000023e   Code   RO          604    .text               stm32f10x_gpio.o
    0x0800c372   0x0800c372   0x00000002   PAD
    0x0800c374   0x0800c374   0x0000046c   Code   RO          630    .text               stm32f10x_rcc.o
    0x0800c7e0   0x0800c7e0   0x0000031e   Code   RO          680    .text               stm32f10x_usart.o
    0x0800cafe   0x0800cafe   0x00000024   Code   RO          699    .text               mc_w.l(memseta.o)
    0x0800cb22   0x0800cb22   0x0000002c   Code   RO          757    .text               mc_w.l(uidiv.o)
    0x0800cb4e   0x0800cb4e   0x00000062   Code   RO          759    .text               mc_w.l(uldiv.o)
    0x0800cbb0   0x0800cbb0   0x00000000   Code   RO          761    .text               mc_w.l(iusefp.o)
    0x0800cbb0   0x0800cbb0   0x0000014e   Code   RO          762    .text               mf_w.l(dadd.o)
    0x0800ccfe   0x0800ccfe   0x000000e4   Code   RO          764    .text               mf_w.l(dmul.o)
    0x0800cde2   0x0800cde2   0x000000de   Code   RO          766    .text               mf_w.l(ddiv.o)
    0x0800cec0   0x0800cec0   0x00000030   Code   RO          768    .text               mf_w.l(dfixul.o)
    0x0800cef0   0x0800cef0   0x00000030   Code   RO          770    .text               mf_w.l(cdrcmple.o)
    0x0800cf20   0x0800cf20   0x00000024   Code   RO          772    .text               mc_w.l(init.o)
    0x0800cf44   0x0800cf44   0x0000001e   Code   RO          775    .text               mc_w.l(llshl.o)
    0x0800cf62   0x0800cf62   0x00000020   Code   RO          777    .text               mc_w.l(llushr.o)
    0x0800cf82   0x0800cf82   0x00000024   Code   RO          779    .text               mc_w.l(llsshr.o)
    0x0800cfa6   0x0800cfa6   0x000000ba   Code   RO          782    .text               mf_w.l(depilogue.o)
    0x0800d060   0x0800d060   0x00000084   Code   RO          511    CODE                os_cpu_a.o
    0x0800d0e4   0x0800d0e4   0x00000034   Code   RO          707    i.__0vsnprintf      mc_w.l(printfa.o)
    0x0800d118   0x0800d118   0x0000000e   Code   RO          786    i.__scatterload_copy  mc_w.l(handlers.o)
    0x0800d126   0x0800d126   0x00000002   Code   RO          787    i.__scatterload_null  mc_w.l(handlers.o)
    0x0800d128   0x0800d128   0x0000000e   Code   RO          788    i.__scatterload_zeroinit  mc_w.l(handlers.o)
    0x0800d136   0x0800d136   0x00000002   PAD
    0x0800d138   0x0800d138   0x00000184   Code   RO          709    i._fp_digits        mc_w.l(printfa.o)
    0x0800d2bc   0x0800d2bc   0x000006dc   Code   RO          710    i._printf_core      mc_w.l(printfa.o)
    0x0800d998   0x0800d998   0x00000024   Code   RO          711    i._printf_post_padding  mc_w.l(printfa.o)
    0x0800d9bc   0x0800d9bc   0x0000002e   Code   RO          712    i._printf_pre_padding  mc_w.l(printfa.o)
    0x0800d9ea   0x0800d9ea   0x00000016   Code   RO          713    i._snputc           mc_w.l(printfa.o)
    0x0800da00   0x0800da00   0x0000001c   Data   RO          606    .rodata..Lswitch.table.GPIO_DeInit.1  stm32f10x_gpio.o
    0x0800da1c   0x0800da1c   0x00000100   Data   RO          105    .rodata.CPU_CntLeadZerosTbl  cpu_core.o
    0x0800db1c   0x0800db1c   0x00000004   Data   RO          184    .rodata.OSCfg_ISRStkBasePtr  os_cfg_app.o
    0x0800db20   0x0800db20   0x00000004   Data   RO          185    .rodata.OSCfg_ISRStkSize  os_cfg_app.o
    0x0800db24   0x0800db24   0x00000004   Data   RO          170    .rodata.OSCfg_IdleTaskStkBasePtr  os_cfg_app.o
    0x0800db28   0x0800db28   0x00000004   Data   RO          171    .rodata.OSCfg_IdleTaskStkLimit  os_cfg_app.o
    0x0800db2c   0x0800db2c   0x00000004   Data   RO          172    .rodata.OSCfg_IdleTaskStkSize  os_cfg_app.o
    0x0800db30   0x0800db30   0x00000004   Data   RO          175    .rodata.OSCfg_IntQBasePtr  os_cfg_app.o
    0x0800db34   0x0800db34   0x00000002   Data   RO          176    .rodata.OSCfg_IntQSize  os_cfg_app.o
    0x0800db36   0x0800db36   0x00000002   PAD
    0x0800db38   0x0800db38   0x00000004   Data   RO          179    .rodata.OSCfg_IntQTaskStkBasePtr  os_cfg_app.o
    0x0800db3c   0x0800db3c   0x00000004   Data   RO          180    .rodata.OSCfg_IntQTaskStkLimit  os_cfg_app.o
    0x0800db40   0x0800db40   0x00000004   Data   RO          181    .rodata.OSCfg_IntQTaskStkSize  os_cfg_app.o
    0x0800db44   0x0800db44   0x00000004   Data   RO          190    .rodata.OSCfg_MsgPoolBasePtr  os_cfg_app.o
    0x0800db48   0x0800db48   0x00000002   Data   RO          187    .rodata.OSCfg_MsgPoolSize  os_cfg_app.o
    0x0800db4a   0x0800db4a   0x00000001   Data   RO          191    .rodata.OSCfg_StatTaskPrio  os_cfg_app.o
    0x0800db4b   0x0800db4b   0x00000001   PAD
    0x0800db4c   0x0800db4c   0x00000004   Data   RO          192    .rodata.OSCfg_StatTaskRate_Hz  os_cfg_app.o
    0x0800db50   0x0800db50   0x00000004   Data   RO          194    .rodata.OSCfg_StatTaskStkBasePtr  os_cfg_app.o
    0x0800db54   0x0800db54   0x00000004   Data   RO          195    .rodata.OSCfg_StatTaskStkLimit  os_cfg_app.o
    0x0800db58   0x0800db58   0x00000004   Data   RO          196    .rodata.OSCfg_StatTaskStkSize  os_cfg_app.o
    0x0800db5c   0x0800db5c   0x00000004   Data   RO          198    .rodata.OSCfg_StkSizeMin  os_cfg_app.o
    0x0800db60   0x0800db60   0x00000004   Data   RO          199    .rodata.OSCfg_TickRate_Hz  os_cfg_app.o
    0x0800db64   0x0800db64   0x00000001   Data   RO          200    .rodata.OSCfg_TickTaskPrio  os_cfg_app.o
    0x0800db65   0x0800db65   0x00000003   PAD
    0x0800db68   0x0800db68   0x00000004   Data   RO          202    .rodata.OSCfg_TickTaskStkBasePtr  os_cfg_app.o
    0x0800db6c   0x0800db6c   0x00000004   Data   RO          203    .rodata.OSCfg_TickTaskStkLimit  os_cfg_app.o
    0x0800db70   0x0800db70   0x00000004   Data   RO          204    .rodata.OSCfg_TickTaskStkSize  os_cfg_app.o
    0x0800db74   0x0800db74   0x00000002   Data   RO          206    .rodata.OSCfg_TickWheelSize  os_cfg_app.o
    0x0800db76   0x0800db76   0x00000001   Data   RO          208    .rodata.OSCfg_TmrTaskPrio  os_cfg_app.o
    0x0800db77   0x0800db77   0x00000001   PAD
    0x0800db78   0x0800db78   0x00000004   Data   RO          209    .rodata.OSCfg_TmrTaskRate_Hz  os_cfg_app.o
    0x0800db7c   0x0800db7c   0x00000004   Data   RO          211    .rodata.OSCfg_TmrTaskStkBasePtr  os_cfg_app.o
    0x0800db80   0x0800db80   0x00000004   Data   RO          212    .rodata.OSCfg_TmrTaskStkLimit  os_cfg_app.o
    0x0800db84   0x0800db84   0x00000004   Data   RO          213    .rodata.OSCfg_TmrTaskStkSize  os_cfg_app.o
    0x0800db88   0x0800db88   0x00000002   Data   RO          215    .rodata.OSCfg_TmrWheelSize  os_cfg_app.o
    0x0800db8a   0x0800db8a   0x00000002   PAD
    0x0800db8c   0x0800db8c   0x00000094   Data   RO          156    .rodata.Str_MultOvfThTbl_Int32U  lib_str.o
    0x0800dc20   0x0800dc20   0x00000010   Data   RO          632    .rodata.cst16       stm32f10x_rcc.o
    0x0800dc30   0x0800dc30   0x00000008   Data   RO           23    .rodata.cst8        bsp.o
    0x0800dc38   0x0800dc38   0x00000012   Data   RO          227    .rodata.str1.1      os_core.o
    0x0800dc4a   0x0800dc4a   0x00000006   Data   RO          237    .rodata.str1.1      os_flag.o
    0x0800dc50   0x0800dc50   0x00000007   Data   RO          272    .rodata.str1.1      os_mutex.o
    0x0800dc57   0x0800dc57   0x00000003   Data   RO          299    .rodata.str1.1      os_q.o
    0x0800dc5a   0x0800dc5a   0x00000005   Data   RO          309    .rodata.str1.1      os_sem.o
    0x0800dc5f   0x0800dc5f   0x00000006   Data   RO          327    .rodata.str1.1      os_task.o
    0x0800dc65   0x0800dc65   0x00000005   Data   RO          354    .rodata.str1.1      os_tmr.o
    0x0800dc6a   0x0800dc6a   0x00000002   PAD
    0x0800dc6c   0x0800dc6c   0x00000010   Data   RO          785    Region$$Table       anon$$obj.o


    Execution Region RW_IRAM1 (Exec base: 0x20000000, Load base: 0x0800dc7c, Size: 0x00008db0, Max: 0x00010000, ABSOLUTE)

    Exec Addr    Load Addr    Size         Type   Attr      Idx    E Section Name        Object

    0x20000000        -       0x00000200   Zero   RW            4    .bss.AppTaskStartStk  app.o
    0x20000200        -       0x000000c8   Zero   RW            3    .bss.AppTaskStartTCB  app.o
    0x200002c8        -       0x00000004   Zero   RW           22    .bss.BSP_CPU_ClkFreq_MHz  bsp.o
    0x200002cc        -       0x00000110   Zero   RW           42    .bss.BSP_IntVectTbl  bsp_int.o
    0x200003dc        -       0x00000028   Zero   RW           61    .bss.BSP_SerLock    bsp_ser.o
    0x20000404        -       0x00000001   Zero   RW           62    .bss.BSP_SerRxData  bsp_ser.o
    0x20000405   0x0800dc7c   0x00000003   PAD
    0x20000408        -       0x00000028   Zero   RW           60    .bss.BSP_SerRxWait  bsp_ser.o
    0x20000430        -       0x00000028   Zero   RW           59    .bss.BSP_SerTxWait  bsp_ser.o
    0x20000458        -       0x00000002   Zero   RW          100    .bss.CPU_IntDisMeasCtr  cpu_core.o
    0x2000045a   0x0800dc7c   0x00000002   PAD
    0x2000045c        -       0x00000004   Zero   RW           98    .bss.CPU_IntDisMeasMaxCur_cnts  cpu_core.o
    0x20000460        -       0x00000004   Zero   RW           99    .bss.CPU_IntDisMeasMax_cnts  cpu_core.o
    0x20000464        -       0x00000004   Zero   RW          104    .bss.CPU_IntDisMeasOvrhd_cnts  cpu_core.o
    0x20000468        -       0x00000004   Zero   RW          102    .bss.CPU_IntDisMeasStart_cnts  cpu_core.o
    0x2000046c        -       0x00000004   Zero   RW          103    .bss.CPU_IntDisMeasStop_cnts  cpu_core.o
    0x20000470        -       0x00000002   Zero   RW          101    .bss.CPU_IntDisNestCtr  cpu_core.o
    0x20000472        -       0x00000010   Zero   RW           96    .bss.CPU_Name       cpu_core.o
    0x20000482   0x0800dc7c   0x00000002   PAD
    0x20000484        -       0x00000004   Zero   RW           97    .bss.CPU_TS_TmrFreq_Hz  cpu_core.o
    0x20000488        -       0x00006c00   Zero   RW          145    .bss.Mem_Heap       lib_mem.o
    0x20007088        -       0x00000048   Zero   RW          144    .bss.Mem_PoolHeap   lib_mem.o
    0x200070d0        -       0x00000004   Zero   RW          146    .bss.Mem_PoolTbl    lib_mem.o
    0x200070d4        -       0x00000200   Zero   RW          183    .bss.OSCfg_ISRStk   os_cfg_app.o
    0x200072d4        -       0x00000200   Zero   RW          169    .bss.OSCfg_IdleTaskStk  os_cfg_app.o
    0x200074d4        -       0x00000140   Zero   RW          174    .bss.OSCfg_IntQ     os_cfg_app.o
    0x20007614        -       0x00000200   Zero   RW          178    .bss.OSCfg_IntQTaskStk  os_cfg_app.o
    0x20007814        -       0x00000640   Zero   RW          189    .bss.OSCfg_MsgPool  os_cfg_app.o
    0x20007e54        -       0x00000200   Zero   RW          193    .bss.OSCfg_StatTaskStk  os_cfg_app.o
    0x20008054        -       0x00000200   Zero   RW          201    .bss.OSCfg_TickTaskStk  os_cfg_app.o
    0x20008254        -       0x00000088   Zero   RW          218    .bss.OSCfg_TickWheel  os_cfg_app.o
    0x200082dc        -       0x00000200   Zero   RW          210    .bss.OSCfg_TmrTaskStk  os_cfg_app.o
    0x200084dc        -       0x00000088   Zero   RW          219    .bss.OSCfg_TmrWheel  os_cfg_app.o
    0x20008564        -       0x00000004   Zero   RW          382    .bss.OSFlagDbgListPtr  os_var.o
    0x20008568        -       0x00000002   Zero   RW          383    .bss.OSFlagQty      os_var.o
    0x2000856a   0x0800dc7c   0x00000002   PAD
    0x2000856c        -       0x00000004   Zero   RW          370    .bss.OSIdleTaskCtr  os_var.o
    0x20008570        -       0x000000c8   Zero   RW          371    .bss.OSIdleTaskTCB  os_var.o
    0x20008638        -       0x00000004   Zero   RW          373    .bss.OSIntDisTimeMax  os_var.o
    0x2000863c        -       0x00000001   Zero   RW          372    .bss.OSIntNestingCtr  os_var.o
    0x2000863d   0x0800dc7c   0x00000003   PAD
    0x20008640        -       0x00000004   Zero   RW          375    .bss.OSIntQInPtr    os_var.o
    0x20008644        -       0x00000002   Zero   RW          377    .bss.OSIntQNbrEntries  os_var.o
    0x20008646        -       0x00000002   Zero   RW          378    .bss.OSIntQNbrEntriesMax  os_var.o
    0x20008648        -       0x00000004   Zero   RW          376    .bss.OSIntQOutPtr   os_var.o
    0x2000864c        -       0x00000002   Zero   RW          379    .bss.OSIntQOvfCtr   os_var.o
    0x2000864e   0x0800dc7c   0x00000002   PAD
    0x20008650        -       0x000000c8   Zero   RW          380    .bss.OSIntQTaskTCB  os_var.o
    0x20008718        -       0x00000004   Zero   RW          381    .bss.OSIntQTaskTimeMax  os_var.o
    0x2000871c        -       0x00000004   Zero   RW          384    .bss.OSMemDbgListPtr  os_var.o
    0x20008720        -       0x00000002   Zero   RW          385    .bss.OSMemQty       os_var.o
    0x20008722   0x0800dc7c   0x00000002   PAD
    0x20008724        -       0x0000000c   Zero   RW          386    .bss.OSMsgPool      os_var.o
    0x20008730        -       0x00000004   Zero   RW          387    .bss.OSMutexDbgListPtr  os_var.o
    0x20008734        -       0x00000002   Zero   RW          388    .bss.OSMutexQty     os_var.o
    0x20008736        -       0x00000001   Zero   RW          389    .bss.OSPrioCur      os_var.o
    0x20008737        -       0x00000001   Zero   RW          390    .bss.OSPrioHighRdy  os_var.o
    0x20008738        -       0x00000001   Zero   RW          391    .bss.OSPrioSaved    os_var.o
    0x20008739   0x0800dc7c   0x00000003   PAD
    0x2000873c        -       0x00000004   Zero   RW          290    .bss.OSPrioTbl      os_prio.o
    0x20008740        -       0x00000004   Zero   RW          392    .bss.OSQDbgListPtr  os_var.o
    0x20008744        -       0x00000002   Zero   RW          393    .bss.OSQQty         os_var.o
    0x20008746   0x0800dc7c   0x00000002   PAD
    0x20008748        -       0x00000180   Zero   RW          394    .bss.OSRdyList      os_var.o
    0x200088c8        -       0x00000001   Zero   RW          374    .bss.OSRunning      os_var.o
    0x200088c9        -       0x00000001   Zero   RW          398    .bss.OSSchedLockNestingCtr  os_var.o
    0x200088ca   0x0800dc7c   0x00000002   PAD
    0x200088cc        -       0x00000004   Zero   RW          395    .bss.OSSchedLockTimeBegin  os_var.o
    0x200088d0        -       0x00000004   Zero   RW          396    .bss.OSSchedLockTimeMax  os_var.o
    0x200088d4        -       0x00000004   Zero   RW          397    .bss.OSSchedLockTimeMaxCur  os_var.o
    0x200088d8        -       0x00000004   Zero   RW          399    .bss.OSSchedRoundRobinDfltTimeQuanta  os_var.o
    0x200088dc        -       0x00000001   Zero   RW          400    .bss.OSSchedRoundRobinEn  os_var.o
    0x200088dd   0x0800dc7c   0x00000003   PAD
    0x200088e0        -       0x00000004   Zero   RW          401    .bss.OSSemDbgListPtr  os_var.o
    0x200088e4        -       0x00000002   Zero   RW          402    .bss.OSSemQty       os_var.o
    0x200088e6        -       0x00000001   Zero   RW          403    .bss.OSStatResetFlag  os_var.o
    0x200088e7   0x0800dc7c   0x00000001   PAD
    0x200088e8        -       0x00000002   Zero   RW          404    .bss.OSStatTaskCPUUsage  os_var.o
    0x200088ea        -       0x00000002   Zero   RW          405    .bss.OSStatTaskCPUUsageMax  os_var.o
    0x200088ec        -       0x00000004   Zero   RW          406    .bss.OSStatTaskCtr  os_var.o
    0x200088f0        -       0x00000004   Zero   RW          407    .bss.OSStatTaskCtrMax  os_var.o
    0x200088f4        -       0x00000004   Zero   RW          408    .bss.OSStatTaskCtrRun  os_var.o
    0x200088f8        -       0x00000001   Zero   RW          409    .bss.OSStatTaskRdy  os_var.o
    0x200088f9   0x0800dc7c   0x00000003   PAD
    0x200088fc        -       0x000000c8   Zero   RW          410    .bss.OSStatTaskTCB  os_var.o
    0x200089c4        -       0x00000004   Zero   RW          411    .bss.OSStatTaskTimeMax  os_var.o
    0x200089c8        -       0x00000004   Zero   RW          426    .bss.OSTCBCurPtr    os_var.o
    0x200089cc        -       0x00000004   Zero   RW          427    .bss.OSTCBHighRdyPtr  os_var.o
    0x200089d0        -       0x00000004   Zero   RW          412    .bss.OSTaskCtxSwCtr  os_var.o
    0x200089d4        -       0x00000004   Zero   RW          413    .bss.OSTaskDbgListPtr  os_var.o
    0x200089d8        -       0x00000002   Zero   RW          414    .bss.OSTaskQty      os_var.o
    0x200089da        -       0x00000001   Zero   RW          415    .bss.OSTaskRegNextAvailID  os_var.o
    0x200089db   0x0800dc7c   0x00000001   PAD
    0x200089dc        -       0x00000004   Zero   RW          416    .bss.OSTickCtr      os_var.o
    0x200089e0        -       0x000000c8   Zero   RW          417    .bss.OSTickTaskTCB  os_var.o
    0x20008aa8        -       0x00000004   Zero   RW          418    .bss.OSTickTaskTimeMax  os_var.o
    0x20008aac        -       0x00000004   Zero   RW          419    .bss.OSTmrDbgListPtr  os_var.o
    0x20008ab0        -       0x00000002   Zero   RW          420    .bss.OSTmrQty       os_var.o
    0x20008ab2   0x0800dc7c   0x00000002   PAD
    0x20008ab4        -       0x000000c8   Zero   RW          421    .bss.OSTmrTaskTCB   os_var.o
    0x20008b7c        -       0x00000004   Zero   RW          422    .bss.OSTmrTaskTimeMax  os_var.o
    0x20008b80        -       0x00000004   Zero   RW          423    .bss.OSTmrTickCtr   os_var.o
    0x20008b84        -       0x00000004   Zero   RW          424    .bss.OSTmrUpdateCnt  os_var.o
    0x20008b88        -       0x00000004   Zero   RW          425    .bss.OSTmrUpdateCtr  os_var.o
    0x20008b8c        -       0x00000004   Zero   RW          366    .bss.OS_AppIdleTaskHookPtr  os_var.o
    0x20008b90        -       0x00000004   Zero   RW          367    .bss.OS_AppStatTaskHookPtr  os_var.o
    0x20008b94        -       0x00000004   Zero   RW          363    .bss.OS_AppTaskCreateHookPtr  os_var.o
    0x20008b98        -       0x00000004   Zero   RW          364    .bss.OS_AppTaskDelHookPtr  os_var.o
    0x20008b9c        -       0x00000004   Zero   RW          365    .bss.OS_AppTaskReturnHookPtr  os_var.o
    0x20008ba0        -       0x00000004   Zero   RW          368    .bss.OS_AppTaskSwHookPtr  os_var.o
    0x20008ba4        -       0x00000004   Zero   RW          369    .bss.OS_AppTimeTickHookPtr  os_var.o
    0x20008ba8        -       0x00000004   Zero   RW          516    .bss.OS_CPU_ExceptStkBase  os_cpu_c.o
    0x20008bac   0x0800dc7c   0x00000004   PAD
    0x20008bb0        -       0x00000200   Zero   RW           85    STACK               cstartup.o


==============================================================================

Image component sizes


      Code (inc. data)   RO Data    RW Data    ZI Data      Debug   Object Name

       288         84          0          0        712       8493   app.o
       536          0          8          0          4       3679   bsp.o
      3368          0          0          0        272      14472   bsp_int.o
       194          0          0          0          0       9295   bsp_os.o
       528        282          0          0          0       1504   bsp_periph.o
      1204         44          0          0        121       8188   bsp_ser.o
        52          0          0          0          0        376   cpu_a.o
      1370         64          0          0          0       5129   cpu_c.o
      1542          0        256          0         44       8964   cpu_core.o
        24          6        336          0        512        716   cstartup.o
       382          0          0          0          0       3313   lib_ascii.o
      3002          0          0          0      27724      17642   lib_mem.o
       544          0          0          0          0        524   lib_mem_a.o
      2736          0        148          0          0      16822   lib_str.o
         2          0        103          0       5264       6109   os_cfg_app.o
      5004         20         18          0          0      28275   os_core.o
       132         32          0          0          0        424   os_cpu_a.o
       482          0          0          0          4       5684   os_cpu_c.o
         2          0          0          0          0       7287   os_dbg.o
      2600         20          6          0          0      15519   os_flag.o
      1128         28          0          0          0      10874   os_int.o
       494          0          0          0          0       7768   os_mem.o
       496          0          0          0          0       7492   os_msg.o
      2458          4          7          0          0      13649   os_mutex.o
       138          0          0          0          4       1506   os_prio.o
      2206          4          3          0          0      14489   os_q.o
      1930          4          5          0          0      14258   os_sem.o
      1576         20          0          0          0      10635   os_stat.o
      5808         24          6          0          0      22060   os_task.o
      1170         28          0          0          0      11629   os_tick.o
      1114         20          0          0          0      11317   os_time.o
      2310         40          5          0          0      15443   os_tmr.o
         0          0          0          0       1574       7349   os_var.o
      4382          0          0          0          0      15438   stm32f10x_flash.o
       574          0         28          0          0       5314   stm32f10x_gpio.o
      1132          4         16          0          0       9511   stm32f10x_rcc.o
       798          0          0          0          0       7276   stm32f10x_usart.o

    ----------------------------------------------------------------------
     51742        728        972          0      36272     348423   Object Totals
         0          0         16          0          0          0   (incl. Generated)
        36          0         11          0         37          0   (incl. Padding)

    ----------------------------------------------------------------------

      Code (inc. data)   RO Data    RW Data    ZI Data      Debug   Library Member Name

         0          0          0          0          0          0   entry.o
         0          0          0          0          0          0   entry10a.o
         0          0          0          0          0          0   entry11a.o
         8          4          0          0          0          0   entry2.o
         4          0          0          0          0          0   entry5.o
         0          0          0          0          0          0   entry7b.o
         0          0          0          0          0          0   entry8b.o
         8          4          0          0          0          0   entry9a.o
        30          0          0          0          0          0   handlers.o
        36          8          0          0          0         68   init.o
         0          0          0          0          0          0   iusefp.o
        30          0          0          0          0         68   llshl.o
        36          0          0          0          0         68   llsshr.o
        32          0          0          0          0         68   llushr.o
        36          0          0          0          0        108   memseta.o
      2300         86          0          0          0        516   printfa.o
        44          0          0          0          0         80   uidiv.o
        98          0          0          0          0         92   uldiv.o
        48          0          0          0          0         68   cdrcmple.o
       334          0          0          0          0        148   dadd.o
       222          0          0          0          0        100   ddiv.o
       186          0          0          0          0        176   depilogue.o
        48          0          0          0          0         68   dfixul.o
       228          0          0          0          0         96   dmul.o

    ----------------------------------------------------------------------
      3730        102          0          0          0       1724   Library Totals
         2          0          0          0          0          0   (incl. Padding)

    ----------------------------------------------------------------------

      Code (inc. data)   RO Data    RW Data    ZI Data      Debug   Library Name

      2662        102          0          0          0       1068   mc_w.l
      1066          0          0          0          0        656   mf_w.l

    ----------------------------------------------------------------------
      3730        102          0          0          0       1724   Library Totals

    ----------------------------------------------------------------------

==============================================================================


      Code (inc. data)   RO Data    RW Data    ZI Data      Debug   

     55472        830        972          0      36272     348795   Grand Totals
     55472        830        972          0      36272     348795   ELF Image Totals
     55472        830        972          0          0          0   ROM Totals

==============================================================================

    Total RO  Size (Code + RO Data)                56444 (  55.12kB)
    Total RW  Size (RW Data + ZI Data)             36272 (  35.42kB)
    Total ROM Size (Code + RO Data + RW Data)      56444 (  55.12kB)

==============================================================================

