Component: Arm Compiler for Embedded 6.19 Tool: armlink [5e73cb00]

==============================================================================

Section Cross References

    app.o(.text) refers to bsp_int.o(.text) for BSP_IntDisAll
    app.o(.text) refers to os_core.o(.text) for OSInit
    app.o(.text) refers to app.o(.bss.AppTaskStartStk) for AppTaskStartStk
    app.o(.text) refers to app.o(.bss.AppTaskStartTCB) for AppTaskStartTCB
    app.o(.text) refers to os_task.o(.text) for OSTaskCreate
    app.o(.text) refers to bsp.o(.text) for BSP_Init
    app.o(.text) refers to cpu_core.o(.text) for CPU_Init
    app.o(.text) refers to os_cfg_app.o(.rodata.OSCfg_TickRate_Hz) for OSCfg_TickRate_Hz
    app.o(.text) refers to os_cpu_c.o(.text) for OS_CPU_SysTickInit
    app.o(.text) refers to lib_mem.o(.text) for Mem_Init
    app.o(.text) refers to os_stat.o(.text) for OSStatTaskCPUUsageInit
    app.o(.text) refers to bsp_ser.o(.text) for BSP_Ser_Init
    app.o(.text) refers to mpu6050.o(.text) for MPU6050_I2C_Init
    app.o(.text) refers to usr_init.o(.text) for Enable_Motion_Interrupt
    app.o(.text) refers to app.o(.bss.AppTaskCollisionStk) for AppTaskCollisionStk
    app.o(.text) refers to app.o(.bss.AppTaskCollisionTCB) for AppTaskCollisionTCB
    app.o(.text) refers to app.o(.bss.AppTaskSuddenAccelStk) for AppTaskSuddenAccelStk
    app.o(.text) refers to app.o(.bss.AppTaskSuddenAccelTCB) for AppTaskSuddenAccelTCB
    app.o(.text) refers to app.o(.bss.SuddenAccelMsgQ) for SuddenAccelMsgQ
    app.o(.text) refers to os_q.o(.text) for OSQCreate
    app.o(.text) refers to app.o(.rodata.str1.1) for .L.str.5
    app.o(.text) refers to os_time.o(.text) for OSTimeDlyHMSM
    app.o(.text) refers to stm32f10x_exti.o(.text) for EXTI_GetITStatus
    app.o(.text) refers to app.o(.bss.flag) for flag
    app.o(.ARM.exidx) refers to app.o(.text) for [Anonymous Symbol]
    os_app_hooks.o(.text) refers to cpu_a.o(.text) for CPU_SR_Save
    os_app_hooks.o(.text) refers to cpu_core.o(.text) for CPU_IntDisMeasStart
    os_app_hooks.o(.text) refers to os_var.o(.bss.OS_AppTaskCreateHookPtr) for OS_AppTaskCreateHookPtr
    os_app_hooks.o(.text) refers to os_var.o(.bss.OS_AppTaskDelHookPtr) for OS_AppTaskDelHookPtr
    os_app_hooks.o(.text) refers to os_var.o(.bss.OS_AppTaskReturnHookPtr) for OS_AppTaskReturnHookPtr
    os_app_hooks.o(.text) refers to os_var.o(.bss.OS_AppIdleTaskHookPtr) for OS_AppIdleTaskHookPtr
    os_app_hooks.o(.text) refers to os_var.o(.bss.OS_AppStatTaskHookPtr) for OS_AppStatTaskHookPtr
    os_app_hooks.o(.text) refers to os_var.o(.bss.OS_AppTaskSwHookPtr) for OS_AppTaskSwHookPtr
    os_app_hooks.o(.text) refers to os_var.o(.bss.OS_AppTimeTickHookPtr) for OS_AppTimeTickHookPtr
    os_app_hooks.o(.ARM.exidx) refers to os_app_hooks.o(.text) for [Anonymous Symbol]
    bsp.o(.text) refers to bsp_int.o(.text) for BSP_IntInit
    bsp.o(.text) refers to stm32f10x_rcc.o(.text) for RCC_DeInit
    bsp.o(.text) refers to stm32f10x_flash.o(.text) for FLASH_SetLatency
    bsp.o(.text) refers to bsp.o(.bss.BSP_CPU_ClkFreq_MHz) for BSP_CPU_ClkFreq_MHz
    bsp.o(.text) refers to stm32f10x_gpio.o(.text) for GPIO_Init
    bsp.o(.text) refers to bsp.o(.rodata.cst8) for .Lswitch.table.BSP_LED_Off
    bsp.o(.text) refers to cpu_core.o(.text) for CPU_TS_TmrFreqSet
    bsp.o(.ARM.exidx) refers to bsp.o(.text) for [Anonymous Symbol]
    bsp_i2c.o(.text) refers to bsp_i2c.o(.bss.BSP_I2C_DevTbl) for BSP_I2C_DevTbl
    bsp_i2c.o(.text) refers to bsp_periph.o(.text) for BSP_PeriphEn
    bsp_i2c.o(.text) refers to stm32f10x_gpio.o(.text) for GPIO_Init
    bsp_i2c.o(.text) refers to bsp_os.o(.text) for BSP_OS_SemCreate
    bsp_i2c.o(.text) refers to stm32f10x_rcc.o(.text) for RCC_GetClocksFreq
    bsp_i2c.o(.text) refers to bsp_int.o(.text) for BSP_IntVectSet
    bsp_i2c.o(.ARM.exidx) refers to bsp_i2c.o(.text) for [Anonymous Symbol]
    bsp_int.o(.text) refers to cpu_c.o(.text) for CPU_IntSrcDis
    bsp_int.o(.text) refers to cpu_a.o(.text) for CPU_IntDis
    bsp_int.o(.text) refers to cpu_core.o(.text) for CPU_IntDisMeasStart
    bsp_int.o(.text) refers to bsp_int.o(.bss.BSP_IntVectTbl) for BSP_IntVectTbl
    bsp_int.o(.text) refers to os_core.o(.text) for OSIntEnter
    bsp_int.o(.ARM.exidx) refers to bsp_int.o(.text) for [Anonymous Symbol]
    bsp_periph.o(.text) refers to bsp.o(.text) for BSP_CPU_ClkFreq
    bsp_periph.o(.ARM.exidx) refers to bsp_periph.o(.text) for [Anonymous Symbol]
    bsp_ser.o(.text) refers to bsp_ser.o(.bss.BSP_SerTxWait) for BSP_SerTxWait
    bsp_ser.o(.text) refers to bsp_os.o(.text) for BSP_OS_SemCreate
    bsp_ser.o(.text) refers to bsp_ser.o(.bss.BSP_SerRxWait) for BSP_SerRxWait
    bsp_ser.o(.text) refers to bsp_ser.o(.bss.BSP_SerLock) for BSP_SerLock
    bsp_ser.o(.text) refers to bsp_periph.o(.text) for BSP_PeriphEn
    bsp_ser.o(.text) refers to stm32f10x_gpio.o(.text) for GPIO_PinRemapConfig
    bsp_ser.o(.text) refers to stm32f10x_usart.o(.text) for USART_Init
[...]
    BSP_IntHandlerETH                        0x08001359   Thumb Code    52  bsp_int.o(.text)
    BSP_IntHandlerETHWakeup                  0x0800138d   Thumb Code    52  bsp_int.o(.text)
    BSP_IntHandlerCAN2_TX                    0x080013c1   Thumb Code    52  bsp_int.o(.text)
    BSP_IntHandlerCAN2_RX0                   0x080013f5   Thumb Code    52  bsp_int.o(.text)
    BSP_IntHandlerCAN2_RX1                   0x08001429   Thumb Code    52  bsp_int.o(.text)
    BSP_IntHandlerCAN2_SCE                   0x0800145d   Thumb Code    52  bsp_int.o(.text)
    BSP_IntHandlerOTG                        0x08001491   Thumb Code    52  bsp_int.o(.text)
    BSP_PeriphClkFreqGet                     0x080014c5   Thumb Code   172  bsp_periph.o(.text)
    BSP_PeriphEn                             0x08001571   Thumb Code   174  bsp_periph.o(.text)
    BSP_PeriphDis                            0x08001621   Thumb Code   180  bsp_periph.o(.text)
    BSP_Ser_Init                             0x080016d5   Thumb Code   280  bsp_ser.o(.text)
    BSP_Ser_Printf                           0x08001889   Thumb Code    46  bsp_ser.o(.text)
    BSP_Ser_WrStr                            0x080018b9   Thumb Code   176  bsp_ser.o(.text)
    BSP_Ser_RdByte                           0x08001969   Thumb Code    84  bsp_ser.o(.text)
    BSP_Ser_RdStr                            0x080019bd   Thumb Code   374  bsp_ser.o(.text)
    BSP_Ser_WrByte                           0x08001b35   Thumb Code    84  bsp_ser.o(.text)
    BSP_OS_SemCreate                         0x08001b89   Thumb Code    32  bsp_os.o(.text)
    BSP_OS_SemWait                           0x08001ba9   Thumb Code    54  bsp_os.o(.text)
    BSP_OS_SemPost                           0x08001be1   Thumb Code    28  bsp_os.o(.text)
    BSP_OS_TimeDlyMs                         0x08001bfd   Thumb Code    78  bsp_os.o(.text)
    Reset_Handler                            0x08001c4d   Thumb Code     4  cstartup.o(.text)
    App_NMI_ISR                              0x08001c51   Thumb Code     2  cstartup.o(.text)
    App_Fault_ISR                            0x08001c53   Thumb Code     2  cstartup.o(.text)
    App_MemFault_ISR                         0x08001c55   Thumb Code     2  cstartup.o(.text)
    App_BusFault_ISR                         0x08001c57   Thumb Code     2  cstartup.o(.text)
    App_UsageFault_ISR                       0x08001c59   Thumb Code     2  cstartup.o(.text)
    App_Spurious_ISR                         0x08001c5b   Thumb Code     2  cstartup.o(.text)
    App_Reserved_ISR                         0x08001c5d   Thumb Code     2  cstartup.o(.text)
    CPU_Init                                 0x08001c65   Thumb Code   204  cpu_core.o(.text)
    CPU_SW_Exception                         0x08001d31   Thumb Code     2  cpu_core.o(.text)
    CPU_NameClr                              0x08001d35   Thumb Code   150  cpu_core.o(.text)
    CPU_IntDisMeasStart                      0x08001dcd   Thumb Code    50  cpu_core.o(.text)
    CPU_IntDisMeasStop                       0x08001e01   Thumb Code    82  cpu_core.o(.text)
    CPU_NameGet                              0x08001e55   Thumb Code   178  cpu_core.o(.text)
    CPU_NameSet                              0x08001f09   Thumb Code   196  cpu_core.o(.text)
    CPU_TS_Get32                             0x08001fcd   Thumb Code     4  cpu_core.o(.text)
    CPU_TS_Update                            0x08001fd1   Thumb Code     2  cpu_core.o(.text)
    CPU_TS_TmrFreqGet                        0x08001fd5   Thumb Code    30  cpu_core.o(.text)
    CPU_TS_TmrFreqSet                        0x08001ff5   Thumb Code    12  cpu_core.o(.text)
    CPU_IntDisMeasMaxCurReset                0x08002001   Thumb Code    52  cpu_core.o(.text)
    CPU_IntDisMeasMaxCurGet                  0x08002035   Thumb Code    38  cpu_core.o(.text)
    CPU_IntDisMeasMaxGet                     0x0800205d   Thumb Code    38  cpu_core.o(.text)
    CPU_CntLeadZeros08                       0x08002085   Thumb Code    10  cpu_core.o(.text)
    CPU_CntLeadZeros16                       0x08002091   Thumb Code    10  cpu_core.o(.text)
    CPU_CntLeadZeros32                       0x0800209d   Thumb Code     4  cpu_core.o(.text)
    CPU_CntLeadZeros64                       0x080020a1   Thumb Code   184  cpu_core.o(.text)
    CPU_CntTrailZeros08                      0x08002159   Thumb Code    12  cpu_core.o(.text)
    CPU_CntTrailZeros16                      0x08002165   Thumb Code    12  cpu_core.o(.text)
    CPU_CntTrailZeros32                      0x08002171   Thumb Code    12  cpu_core.o(.text)
    CPU_CntTrailZeros64                      0x0800217d   Thumb Code   238  cpu_core.o(.text)
    CPU_IntDis                               0x0800226d   Thumb Code     0  cpu_a.o(.text)
    CPU_IntEn                                0x08002271   Thumb Code     0  cpu_a.o(.text)
    CPU_SR_Save                              0x08002275   Thumb Code     0  cpu_a.o(.text)
    CPU_SR_Restore                           0x0800227d   Thumb Code     0  cpu_a.o(.text)
    CPU_WaitForInt                           0x08002283   Thumb Code     0  cpu_a.o(.text)
    CPU_WaitForExcept                        0x08002287   Thumb Code     0  cpu_a.o(.text)
    CPU_CntLeadZeros                         0x0800228b   Thumb Code     0  cpu_a.o(.text)
    CPU_CntTrailZeros                        0x08002291   Thumb Code     0  cpu_a.o(.text)
    CPU_RevBits                              0x0800229b   Thumb Code     0  cpu_a.o(.text)
    CPU_BitBandClr                           0x080022a1   Thumb Code    42  cpu_c.o(.text)
    CPU_BitBandSet                           0x080022cd   Thumb Code    42  cpu_c.o(.text)
    CPU_IntSrcDis                            0x080022f9   Thumb Code   246  cpu_c.o(.text)
    CPU_IntSrcEn                             0x080023f1   Thumb Code   246  cpu_c.o(.text)
    CPU_IntSrcPendClr                        0x080024e9   Thumb Code    92  cpu_c.o(.text)
    CPU_IntSrcPrioSet                        0x08002545   Thumb Code   356  cpu_c.o(.text)
    CPU_IntSrcPrioGet                        0x080026a9   Thumb Code   338  cpu_c.o(.text)
    ASCII_IsAlpha                            0x080027fd   Thumb Code    18  lib_ascii.o(.text)
    ASCII_IsAlphaNum                         0x08002811   Thumb Code    34  lib_ascii.o(.text)
    ASCII_IsLower                            0x08002835   Thumb Code    14  lib_ascii.o(.text)
    ASCII_IsUpper                            0x08002845   Thumb Code    14  lib_ascii.o(.text)
    ASCII_IsDig                              0x08002855   Thumb Code    14  lib_ascii.o(.text)
    ASCII_IsDigOct                           0x08002865   Thumb Code    14  lib_ascii.o(.text)
    ASCII_IsDigHex                           0x08002875   Thumb Code    34  lib_ascii.o(.text)
    ASCII_IsBlank                            0x08002899   Thumb Code    22  lib_ascii.o(.text)
    ASCII_IsSpace                            0x080028b1   Thumb Code    26  lib_ascii.o(.text)
    ASCII_IsPrint                            0x080028cd   Thumb Code    14  lib_ascii.o(.text)
    ASCII_IsGraph                            0x080028dd   Thumb Code    14  lib_ascii.o(.text)
    ASCII_IsPunct                            0x080028ed   Thumb Code    42  lib_ascii.o(.text)
    ASCII_IsCtrl                             0x08002919   Thumb Code    26  lib_ascii.o(.text)
    ASCII_ToLower                            0x08002935   Thumb Code    16  lib_ascii.o(.text)
    ASCII_ToUpper                            0x08002945   Thumb Code    16  lib_ascii.o(.text)
    ASCII_Cmp                                0x08002955   Thumb Code    38  lib_ascii.o(.text)
    Mem_Init                                 0x0800297d   Thumb Code    74  lib_mem.o(.text)
    Mem_Clr                                  0x080029c9   Thumb Code    86  lib_mem.o(.text)
    Mem_Set                                  0x08002a21   Thumb Code   112  lib_mem.o(.text)
    Mem_Move                                 0x08002a91   Thumb Code   154  lib_mem.o(.text)
    Mem_Cmp                                  0x08002b2d   Thumb Code   188  lib_mem.o(.text)
    Mem_HeapAlloc                            0x08002be9   Thumb Code   212  lib_mem.o(.text)
    Mem_HeapGetSizeRem                       0x08002d8d   Thumb Code    16  lib_mem.o(.text)
    Mem_SegGetSizeRem                        0x08002d9d   Thumb Code   172  lib_mem.o(.text)
    Mem_PoolClr                              0x08002e49   Thumb Code    52  lib_mem.o(.text)
    Mem_PoolCreate                           0x08002e7d   Thumb Code   872  lib_mem.o(.text)
    Mem_PoolBlkGetNbrAvail                   0x080031e5   Thumb Code    82  lib_mem.o(.text)
    Mem_PoolBlkGet                           0x08003239   Thumb Code   142  lib_mem.o(.text)
    Mem_PoolBlkGetUsedAtIx                   0x080032c9   Thumb Code   122  lib_mem.o(.text)
    Mem_PoolBlkFree                          0x08003345   Thumb Code   248  lib_mem.o(.text)
    Mem_PoolBlkIxGet                         0x0800343d   Thumb Code   250  lib_mem.o(.text)
    Str_Len                                  0x08003539   Thumb Code    38  lib_str.o(.text)
    Str_Len_N                                0x08003561   Thumb Code    56  lib_str.o(.text)
    Str_Copy                                 0x08003599   Thumb Code    82  lib_str.o(.text)
    Str_Copy_N                               0x080035ed   Thumb Code   106  lib_str.o(.text)
    Str_Cat                                  0x08003659   Thumb Code    82  lib_str.o(.text)
    Str_Cat_N                                0x080036ad   Thumb Code    90  lib_str.o(.text)
    Str_Cmp                                  0x08003709   Thumb Code   118  lib_str.o(.text)
    Str_Cmp_N                                0x08003781   Thumb Code   112  lib_str.o(.text)
    Str_CmpIgnoreCase                        0x080037f1   Thumb Code     8  lib_str.o(.text)
    Str_CmpIgnoreCase_N                      0x080037f9   Thumb Code   176  lib_str.o(.text)
    Str_Char                                 0x080038a9   Thumb Code    98  lib_str.o(.text)
    Str_Char_N                               0x0800390d   Thumb Code   120  lib_str.o(.text)
    Str_Char_Last                            0x08003985   Thumb Code    76  lib_str.o(.text)
    Str_Char_Last_N                          0x080039d1   Thumb Code   108  lib_str.o(.text)
    Str_Char_Replace                         0x08003a3d   Thumb Code    60  lib_str.o(.text)
    Str_Char_Replace_N                       0x08003a79   Thumb Code    68  lib_str.o(.text)
    Str_Str                                  0x08003abd   Thumb Code     8  lib_str.o(.text)
    Str_Str_N                                0x08003ac5   Thumb Code   280  lib_str.o(.text)
    Str_FmtNbr_Int32U                        0x08003bdd   Thumb Code    26  lib_str.o(.text)
    Str_FmtNbr_Int32S                        0x08003dc9   Thumb Code    42  lib_str.o(.text)
    Str_ParseNbr_Int32U                      0x08003df5   Thumb Code    22  lib_str.o(.text)
    Str_ParseNbr_Int32S                      0x08003fb1   Thumb Code    56  lib_str.o(.text)
    Mem_Copy                                 0x08003fe9   Thumb Code     0  lib_mem_a.o(.text)
    OSCfg_Init                               0x08004209   Thumb Code     2  os_cfg_app.o(.text)
    OSInit                                   0x0800420d   Thumb Code   442  os_core.o(.text)
    OS_RdyListInit                           0x080043c9   Thumb Code    34  os_core.o(.text)
    OS_IdleTaskInit                          0x080043ed   Thumb Code   104  os_core.o(.text)
    OSIntEnter                               0x08004469   Thumb Code    36  os_core.o(.text)
    OSIntExit                                0x0800448d   Thumb Code   158  os_core.o(.text)
    OSSched                                  0x0800452d   Thumb Code   136  os_core.o(.text)
    OSSchedLock                              0x080045b5   Thumb Code   116  os_core.o(.text)
    OS_SchedLockTimeMeasStart                0x08004629   Thumb Code    34  os_core.o(.text)
    OSSchedUnlock                            0x0800464d   Thumb Code   274  os_core.o(.text)
    OS_SchedLockTimeMeasStop                 0x08004761   Thumb Code    68  os_core.o(.text)
    OSSchedRoundRobinCfg                     0x080047a5   Thumb Code    94  os_core.o(.text)
    OSSchedRoundRobinYield                   0x08004805   Thumb Code   328  os_core.o(.text)
    OS_RdyListMoveHeadToTail                 0x0800494d   Thumb Code    56  os_core.o(.text)
    OSStart                                  0x08004985   Thumb Code   100  os_core.o(.text)
    OSVersion                                0x080049e9   Thumb Code    12  os_core.o(.text)
    OS_IdleTask                              0x080049f5   Thumb Code    54  os_core.o(.text)
    OS_Pend                                  0x08004a2d   Thumb Code   226  os_core.o(.text)
    OS_TaskBlock                             0x08004b11   Thumb Code   132  os_core.o(.text)
    OS_PendDataInit                          0x08004b95   Thumb Code    52  os_core.o(.text)
    OS_PendListInsertPrio                    0x08004bc9   Thumb Code   108  os_core.o(.text)
    OS_PendDbgNameAdd                        0x08004c35   Thumb Code    66  os_core.o(.text)
    OS_PendAbort                             0x08004c79   Thumb Code   312  os_core.o(.text)
    OS_PendAbort1                            0x08004db1   Thumb Code    46  os_core.o(.text)
    OS_PendListRemove                        0x08004de1   Thumb Code    90  os_core.o(.text)
    OS_TaskRdy                               0x08004e3d   Thumb Code   148  os_core.o(.text)
    OS_PendDbgNameRemove                     0x08004ed1   Thumb Code    24  os_core.o(.text)
    OS_PendListChangePrio                    0x08004ee9   Thumb Code   194  os_core.o(.text)
    OS_PendListRemove1                       0x08004fad   Thumb Code    76  os_core.o(.text)
    OS_PendListInit                          0x08004ff9   Thumb Code    10  os_core.o(.text)
    OS_PendListInsertHead                    0x08005005   Thumb Code    36  os_core.o(.text)
    OS_PendObjDel                            0x08005029   Thumb Code   296  os_core.o(.text)
    OS_PendObjDel1                           0x08005151   Thumb Code    46  os_core.o(.text)
    OS_Post                                  0x08005181   Thumb Code   402  os_core.o(.text)
    OS_Post1                                 0x08005315   Thumb Code    60  os_core.o(.text)
    OS_RdyListInsert                         0x08005351   Thumb Code   152  os_core.o(.text)
    OS_RdyListInsertTail                     0x080053e9   Thumb Code    66  os_core.o(.text)
    OS_RdyListInsertHead                     0x0800542d   Thumb Code    64  os_core.o(.text)
    OS_RdyListRemove                         0x0800546d   Thumb Code    90  os_core.o(.text)
    OS_Sched0                                0x080054c9   Thumb Code    86  os_core.o(.text)
    OS_SchedRoundRobin                       0x08005521   Thumb Code   120  os_core.o(.text)
    OSFlagCreate                             0x08005599   Thumb Code   210  os_flag.o(.text)
    OS_FlagDbgListAdd                        0x0800566d   Thumb Code    38  os_flag.o(.text)
    OSFlagDel                                0x08005695   Thumb Code   554  os_flag.o(.text)
    OS_FlagDbgListRemove                     0x080058c1   Thumb Code    54  os_flag.o(.text)
    OS_FlagClr                               0x080058f9   Thumb Code    34  os_flag.o(.text)
    OSFlagPend                               0x0800591d   Thumb Code   614  os_flag.o(.text)
    OS_FlagBlock                             0x08005b85   Thumb Code    44  os_flag.o(.text)
    OSFlagPendAbort                          0x08005bb1   Thumb Code   264  os_flag.o(.text)
    OSFlagPendGetFlagsRdy                    0x08005cb9   Thumb Code    66  os_flag.o(.text)
    OSFlagPost                               0x08005cfd   Thumb Code   130  os_flag.o(.text)
    OS_FlagPost                              0x08005d81   Thumb Code   492  os_flag.o(.text)
    OS_FlagInit                              0x08005f6d   Thumb Code    26  os_flag.o(.text)
    OS_FlagTaskRdy                           0x08005f89   Thumb Code    56  os_flag.o(.text)
    OS_IntQPost                              0x08005fc1   Thumb Code   216  os_int.o(.text)
    OS_IntQRePost                            0x08006099   Thumb Code   434  os_int.o(.text)
    OS_IntQTask                              0x0800624d   Thumb Code   164  os_int.o(.text)
    OS_IntQTaskInit                          0x080062f1   Thumb Code   284  os_int.o(.text)
    OSMemCreate                              0x08006429   Thumb Code   286  os_mem.o(.text)
    OS_MemDbgListAdd                         0x08006549   Thumb Code    28  os_mem.o(.text)
    OSMemGet                                 0x08006565   Thumb Code    70  os_mem.o(.text)
    OSMemPut                                 0x080065ad   Thumb Code    78  os_mem.o(.text)
    OS_MemInit                               0x080065fd   Thumb Code    26  os_mem.o(.text)
    OS_MsgPoolInit                           0x08006619   Thumb Code   136  os_msg.o(.text)
    OS_MsgQFreeAll                           0x080066a1   Thumb Code    60  os_msg.o(.text)
    OS_MsgQInit                              0x080066dd   Thumb Code    14  os_msg.o(.text)
    OS_MsgQGet                               0x080066ed   Thumb Code   114  os_msg.o(.text)
    OS_MsgQPut                               0x08006761   Thumb Code   168  os_msg.o(.text)
    OSMutexCreate                            0x08006809   Thumb Code   216  os_mutex.o(.text)
    OS_MutexDbgListAdd                       0x080068e1   Thumb Code    38  os_mutex.o(.text)
    OSMutexDel                               0x08006909   Thumb Code   738  os_mutex.o(.text)
    OS_MutexDbgListRemove                    0x08006bed   Thumb Code    54  os_mutex.o(.text)
    OS_MutexClr                              0x08006c25   Thumb Code    40  os_mutex.o(.text)
    OSMutexPend                              0x08006c4d   Thumb Code   578  os_mutex.o(.text)
    OSMutexPendAbort                         0x08006e91   Thumb Code   264  os_mutex.o(.text)
    OSMutexPost                              0x08006f99   Thumb Code   494  os_mutex.o(.text)
    OS_MutexInit                             0x08007189   Thumb Code    26  os_mutex.o(.text)
    OS_PrioInit                              0x080071a5   Thumb Code    14  os_prio.o(.text)
    OS_PrioGetHighest                        0x080071b5   Thumb Code    46  os_prio.o(.text)
    OS_PrioInsert                            0x080071e5   Thumb Code    36  os_prio.o(.text)
    OS_PrioRemove                            0x08007209   Thumb Code    38  os_prio.o(.text)
    OSQCreate                                0x08007231   Thumb Code   226  os_q.o(.text)
    OS_QDbgListAdd                           0x08007315   Thumb Code    38  os_q.o(.text)
    OSQDel                                   0x0800733d   Thumb Code   408  os_q.o(.text)
    OS_QDbgListRemove                        0x080074d5   Thumb Code    54  os_q.o(.text)
    OS_QClr                                  0x0800750d   Thumb Code    54  os_q.o(.text)
    OSQFlush                                 0x08007545   Thumb Code   188  os_q.o(.text)
    OSQPend                                  0x08007601   Thumb Code   480  os_q.o(.text)
    OSQPendAbort                             0x080077e1   Thumb Code   264  os_q.o(.text)
    OSQPost                                  0x080078e9   Thumb Code   192  os_q.o(.text)
    OS_QPost                                 0x080079a9   Thumb Code   266  os_q.o(.text)
    OS_QInit                                 0x08007ab5   Thumb Code    26  os_q.o(.text)
    OSSemCreate                              0x08007ad1   Thumb Code   216  os_sem.o(.text)
    OS_SemDbgListAdd                         0x08007ba9   Thumb Code    38  os_sem.o(.text)
    OSSemDel                                 0x08007bd1   Thumb Code   418  os_sem.o(.text)
    OS_SemDbgListRemove                      0x08007d75   Thumb Code    54  os_sem.o(.text)
    OS_SemClr                                0x08007dad   Thumb Code    36  os_sem.o(.text)
    OSSemPend                                0x08007dd1   Thumb Code   408  os_sem.o(.text)
    OSSemPendAbort                           0x08007f69   Thumb Code   264  os_sem.o(.text)
    OSSemPost                                0x08008071   Thumb Code   140  os_sem.o(.text)
    OS_SemPost                               0x080080fd   Thumb Code   212  os_sem.o(.text)
    OSSemSet                                 0x080081d1   Thumb Code   112  os_sem.o(.text)
    OS_SemInit                               0x08008241   Thumb Code    26  os_sem.o(.text)
    OSStatReset                              0x0800825d   Thumb Code   276  os_stat.o(.text)
    OSStatTaskCPUUsageInit                   0x08008371   Thumb Code   234  os_stat.o(.text)
    OS_StatTask                              0x0800845d   Thumb Code   848  os_stat.o(.text)
    OS_StatTaskInit                          0x080087ad   Thumb Code   196  os_stat.o(.text)
    OSTaskChangePrio                         0x08008885   Thumb Code   362  os_task.o(.text)
    OSTaskCreate                             0x080089f1   Thumb Code   546  os_task.o(.text)
    OS_TaskInitTCB                           0x08008c15   Thumb Code   150  os_task.o(.text)
    OS_TaskDbgListAdd                        0x08008cad   Thumb Code    36  os_task.o(.text)
    OSTaskDel                                0x08008cd1   Thumb Code   570  os_task.o(.text)
    OS_TaskDbgListRemove                     0x08008f0d   Thumb Code    58  os_task.o(.text)
    OSTaskQFlush                             0x08008f49   Thumb Code   188  os_task.o(.text)
    OSTaskQPend                              0x08009005   Thumb Code   438  os_task.o(.text)
    OSTaskQPendAbort                         0x080091bd   Thumb Code   244  os_task.o(.text)
    OSTaskQPost                              0x080092b1   Thumb Code   132  os_task.o(.text)
    OS_TaskQPost                             0x08009335   Thumb Code   430  os_task.o(.text)
    OSTaskRegGet                             0x080094e5   Thumb Code    62  os_task.o(.text)
    OSTaskRegGetID                           0x08009525   Thumb Code    68  os_task.o(.text)
    OSTaskRegSet                             0x08009569   Thumb Code    64  os_task.o(.text)
    OSTaskResume                             0x080095a9   Thumb Code   114  os_task.o(.text)
    OS_TaskResume                            0x0800961d   Thumb Code   248  os_task.o(.text)
    OSTaskSemPend                            0x08009715   Thumb Code   398  os_task.o(.text)
    OSTaskSemPendAbort                       0x080098a5   Thumb Code   256  os_task.o(.text)
    OSTaskSemPost                            0x080099a5   Thumb Code    96  os_task.o(.text)
    OS_TaskSemPost                           0x08009a05   Thumb Code   546  os_task.o(.text)
    OSTaskSemSet                             0x08009c29   Thumb Code    80  os_task.o(.text)
    OSTaskStkChk                             0x08009c79   Thumb Code   168  os_task.o(.text)
    OSTaskSuspend                            0x08009d21   Thumb Code   110  os_task.o(.text)
    OS_TaskSuspend                           0x08009d91   Thumb Code   250  os_task.o(.text)
    OSTaskTimeQuantaSet                      0x08009e8d   Thumb Code    98  os_task.o(.text)
    OS_TaskInit                              0x08009ef1   Thumb Code    36  os_task.o(.text)
    OS_TaskReturn                            0x08009f15   Thumb Code    32  os_task.o(.text)
    OS_TickTask                              0x08009f35   Thumb Code    48  os_tick.o(.text)
    OS_TickListUpdate                        0x08009f65   Thumb Code   498  os_tick.o(.text)
    OS_TickTaskInit                          0x0800a159   Thumb Code   192  os_tick.o(.text)
    OS_TickListInit                          0x0800a22d   Thumb Code    34  os_tick.o(.text)
    OS_TickListInsert                        0x0800a251   Thumb Code   274  os_tick.o(.text)
    OS_TickListRemove                        0x0800a365   Thumb Code    60  os_tick.o(.text)
    OS_TickListResetPeak                     0x0800a3a1   Thumb Code    38  os_tick.o(.text)
    OSTimeDly                                0x0800a3c9   Thumb Code   252  os_time.o(.text)
    OSTimeDlyHMSM                            0x0800a4c5   Thumb Code   398  os_time.o(.text)
    OSTimeDlyResume                          0x0800a655   Thumb Code   298  os_time.o(.text)
    OSTimeGet                                0x0800a781   Thumb Code    42  os_time.o(.text)
    OSTimeSet                                0x0800a7ad   Thumb Code    42  os_time.o(.text)
    OSTimeTick                               0x0800a7d9   Thumb Code    74  os_time.o(.text)
    OSTmrCreate                              0x0800a825   Thumb Code   262  os_tmr.o(.text)
    OS_TmrDbgListAdd                         0x0800a92d   Thumb Code    28  os_tmr.o(.text)
    OSTmrDel                                 0x0800a949   Thumb Code   298  os_tmr.o(.text)
    OS_TmrDbgListRemove                      0x0800aa75   Thumb Code    54  os_tmr.o(.text)
    OS_TmrUnlink                             0x0800aaad   Thumb Code    86  os_tmr.o(.text)
    OS_TmrClr                                0x0800ab05   Thumb Code    36  os_tmr.o(.text)
    OSTmrRemainGet                           0x0800ab29   Thumb Code   152  os_tmr.o(.text)
    OSTmrStart                               0x0800abc1   Thumb Code   218  os_tmr.o(.text)
    OS_TmrLink                               0x0800ac9d   Thumb Code   194  os_tmr.o(.text)
    OSTmrStateGet                            0x0800ad61   Thumb Code    96  os_tmr.o(.text)
    OSTmrStop                                0x0800adc1   Thumb Code   286  os_tmr.o(.text)
    OS_TmrInit                               0x0800aee1   Thumb Code   252  os_tmr.o(.text)
    OS_TmrTask                               0x0800aff5   Thumb Code   272  os_tmr.o(.text)
    OS_TmrResetPeak                          0x0800b105   Thumb Code    38  os_tmr.o(.text)
    OS_Dbg_Init                              0x0800b12d   Thumb Code     2  os_dbg.o(.text)
    OSIdleTaskHook                           0x0800b131   Thumb Code    18  os_cpu_c.o(.text)
    OSInitHook                               0x0800b145   Thumb Code    50  os_cpu_c.o(.text)
    OSStatTaskHook                           0x0800b179   Thumb Code    18  os_cpu_c.o(.text)
    OSTaskCreateHook                         0x0800b18d   Thumb Code    18  os_cpu_c.o(.text)
    OSTaskDelHook                            0x0800b1a1   Thumb Code    18  os_cpu_c.o(.text)
    OSTaskReturnHook                         0x0800b1b5   Thumb Code    18  os_cpu_c.o(.text)
    OSTaskStkInit                            0x0800b1c9   Thumb Code   106  os_cpu_c.o(.text)
    OSTaskSwHook                             0x0800b235   Thumb Code   112  os_cpu_c.o(.text)
    OSTimeTickHook                           0x0800b2a5   Thumb Code    18  os_cpu_c.o(.text)
    OS_CPU_SysTickHandler                    0x0800b2b9   Thumb Code    48  os_cpu_c.o(.text)
    OS_CPU_SysTickInit                       0x0800b2e9   Thumb Code    42  os_cpu_c.o(.text)
    EXTI_DeInit                              0x0800b315   Thumb Code    30  stm32f10x_exti.o(.text)
    EXTI_Init                                0x0800b335   Thumb Code   114  stm32f10x_exti.o(.text)
    EXTI_StructInit                          0x0800b3a9   Thumb Code    14  stm32f10x_exti.o(.text)
    EXTI_GenerateSWInterrupt                 0x0800b3b9   Thumb Code    16  stm32f10x_exti.o(.text)
    EXTI_GetFlagStatus                       0x0800b3c9   Thumb Code    18  stm32f10x_exti.o(.text)
    EXTI_ClearFlag                           0x0800b3dd   Thumb Code    12  stm32f10x_exti.o(.text)
    EXTI_GetITStatus                         0x0800b3e9   Thumb Code    30  stm32f10x_exti.o(.text)
    EXTI_ClearITPendingBit                   0x0800b409   Thumb Code    12  stm32f10x_exti.o(.text)
    FLASH_SetLatency                         0x0800b415   Thumb Code    24  stm32f10x_flash.o(.text)
    FLASH_HalfCycleAccessCmd                 0x0800b42d   Thumb Code    24  stm32f10x_flash.o(.text)
    FLASH_PrefetchBufferCmd                  0x0800b445   Thumb Code    24  stm32f10x_flash.o(.text)
    FLASH_Unlock                             0x0800b45d   Thumb Code    30  stm32f10x_flash.o(.text)
    FLASH_Lock                               0x0800b47d   Thumb Code    18  stm32f10x_flash.o(.text)
    FLASH_ErasePage                          0x0800b491   Thumb Code   330  stm32f10x_flash.o(.text)
    FLASH_WaitForLastOperation               0x0800b5dd   Thumb Code   142  stm32f10x_flash.o(.text)
    FLASH_EraseAllPages                      0x0800b66d   Thumb Code   322  stm32f10x_flash.o(.text)
    FLASH_EraseOptionBytes                   0x0800b7b1   Thumb Code   522  stm32f10x_flash.o(.text)
    FLASH_ProgramWord                        0x0800b9bd   Thumb Code   468  stm32f10x_flash.o(.text)
    FLASH_ProgramHalfWord                    0x0800bb91   Thumb Code   314  stm32f10x_flash.o(.text)
    FLASH_ProgramOptionByteData              0x0800bccd   Thumb Code   338  stm32f10x_flash.o(.text)
    FLASH_EnableWriteProtection              0x0800be21   Thumb Code   730  stm32f10x_flash.o(.text)
    FLASH_ReadOutProtection                  0x0800c0fd   Thumb Code   552  stm32f10x_flash.o(.text)
    FLASH_UserOptionByteConfig               0x0800c325   Thumb Code   354  stm32f10x_flash.o(.text)
    FLASH_GetUserOptionByte                  0x0800c489   Thumb Code    14  stm32f10x_flash.o(.text)
    FLASH_GetWriteProtectionOptionByte       0x0800c499   Thumb Code    12  stm32f10x_flash.o(.text)
    FLASH_GetReadOutProtectionStatus         0x0800c4a5   Thumb Code    16  stm32f10x_flash.o(.text)
    FLASH_GetPrefetchBufferStatus            0x0800c4b5   Thumb Code    16  stm32f10x_flash.o(.text)
    FLASH_ITConfig                           0x0800c4c5   Thumb Code    24  stm32f10x_flash.o(.text)
    FLASH_GetFlagStatus                      0x0800c4dd   Thumb Code    30  stm32f10x_flash.o(.text)
    FLASH_ClearFlag                          0x0800c4fd   Thumb Code    12  stm32f10x_flash.o(.text)
    FLASH_GetStatus                          0x0800c509   Thumb Code    42  stm32f10x_flash.o(.text)
    GPIO_DeInit                              0x0800c535   Thumb Code    52  stm32f10x_gpio.o(.text)
    GPIO_AFIODeInit                          0x0800c569   Thumb Code    22  stm32f10x_gpio.o(.text)
    GPIO_Init                                0x0800c581   Thumb Code   192  stm32f10x_gpio.o(.text)
    GPIO_StructInit                          0x0800c641   Thumb Code    12  stm32f10x_gpio.o(.text)
    GPIO_ReadInputDataBit                    0x0800c64d   Thumb Code    10  stm32f10x_gpio.o(.text)
    GPIO_ReadInputData                       0x0800c659   Thumb Code     6  stm32f10x_gpio.o(.text)
    GPIO_ReadOutputDataBit                   0x0800c661   Thumb Code    10  stm32f10x_gpio.o(.text)
    GPIO_ReadOutputData                      0x0800c66d   Thumb Code     6  stm32f10x_gpio.o(.text)
    GPIO_SetBits                             0x0800c675   Thumb Code     4  stm32f10x_gpio.o(.text)
    GPIO_ResetBits                           0x0800c679   Thumb Code     4  stm32f10x_gpio.o(.text)
    GPIO_WriteBit                            0x0800c67d   Thumb Code    12  stm32f10x_gpio.o(.text)
    GPIO_Write                               0x0800c689   Thumb Code     4  stm32f10x_gpio.o(.text)
    GPIO_PinLockConfig                       0x0800c68d   Thumb Code    16  stm32f10x_gpio.o(.text)
    GPIO_EventOutputConfig                   0x0800c69d   Thumb Code    30  stm32f10x_gpio.o(.text)
    GPIO_EventOutputCmd                      0x0800c6bd   Thumb Code    10  stm32f10x_gpio.o(.text)
    GPIO_PinRemapConfig                      0x0800c6c9   Thumb Code   110  stm32f10x_gpio.o(.text)
    GPIO_EXTILineConfig                      0x0800c739   Thumb Code    46  stm32f10x_gpio.o(.text)
    GPIO_ETH_MediaInterfaceConfig            0x0800c769   Thumb Code    10  stm32f10x_gpio.o(.text)
    I2C_DeInit                               0x0800c775   Thumb Code    58  stm32f10x_i2c.o(.text)
    I2C_Init                                 0x0800c7b1   Thumb Code   204  stm32f10x_i2c.o(.text)
    I2C_StructInit                           0x0800c87d   Thumb Code    26  stm32f10x_i2c.o(.text)
    I2C_Cmd                                  0x0800c899   Thumb Code    18  stm32f10x_i2c.o(.text)
    I2C_DMACmd                               0x0800c8ad   Thumb Code    20  stm32f10x_i2c.o(.text)
    I2C_DMALastTransferCmd                   0x0800c8c1   Thumb Code    20  stm32f10x_i2c.o(.text)
    I2C_GenerateSTART                        0x0800c8d5   Thumb Code    20  stm32f10x_i2c.o(.text)
    I2C_GenerateSTOP                         0x0800c8e9   Thumb Code    20  stm32f10x_i2c.o(.text)
    I2C_AcknowledgeConfig                    0x0800c8fd   Thumb Code    20  stm32f10x_i2c.o(.text)
    I2C_OwnAddress2Config                    0x0800c911   Thumb Code    12  stm32f10x_i2c.o(.text)
    I2C_DualAddressCmd                       0x0800c91d   Thumb Code    18  stm32f10x_i2c.o(.text)
    I2C_GeneralCallCmd                       0x0800c931   Thumb Code    20  stm32f10x_i2c.o(.text)
    I2C_ITConfig                             0x0800c945   Thumb Code    16  stm32f10x_i2c.o(.text)
    I2C_SendData                             0x0800c955   Thumb Code     4  stm32f10x_i2c.o(.text)
    I2C_ReceiveData                          0x0800c959   Thumb Code     6  stm32f10x_i2c.o(.text)
    I2C_Send7bitAddress                      0x0800c961   Thumb Code    16  stm32f10x_i2c.o(.text)
    I2C_ReadRegister                         0x0800c971   Thumb Code    12  stm32f10x_i2c.o(.text)
    I2C_SoftwareResetCmd                     0x0800c97d   Thumb Code    20  stm32f10x_i2c.o(.text)
    I2C_SMBusAlertConfig                     0x0800c991   Thumb Code    24  stm32f10x_i2c.o(.text)
    I2C_TransmitPEC                          0x0800c9a9   Thumb Code    20  stm32f10x_i2c.o(.text)
    I2C_PECPositionConfig                    0x0800c9bd   Thumb Code    24  stm32f10x_i2c.o(.text)
    I2C_CalculatePEC                         0x0800c9d5   Thumb Code    20  stm32f10x_i2c.o(.text)
    I2C_GetPEC                               0x0800c9e9   Thumb Code     6  stm32f10x_i2c.o(.text)
    I2C_ARPCmd                               0x0800c9f1   Thumb Code    20  stm32f10x_i2c.o(.text)
    I2C_StretchClockCmd                      0x0800ca05   Thumb Code    20  stm32f10x_i2c.o(.text)
    I2C_FastModeDutyCycleConfig              0x0800ca19   Thumb Code    24  stm32f10x_i2c.o(.text)
    I2C_GetLastEvent                         0x0800ca31   Thumb Code    12  stm32f10x_i2c.o(.text)
    I2C_CheckEvent                           0x0800ca3d   Thumb Code    18  stm32f10x_i2c.o(.text)
    I2C_GetFlagStatus                        0x0800ca51   Thumb Code    30  stm32f10x_i2c.o(.text)
    I2C_ClearFlag                            0x0800ca71   Thumb Code     6  stm32f10x_i2c.o(.text)
    I2C_GetITStatus                          0x0800ca79   Thumb Code    28  stm32f10x_i2c.o(.text)
    I2C_ClearITPendingBit                    0x0800ca95   Thumb Code     6  stm32f10x_i2c.o(.text)
    RCC_DeInit                               0x0800ca9d   Thumb Code    64  stm32f10x_rcc.o(.text)
    RCC_HSEConfig                            0x0800cadd   Thumb Code    50  stm32f10x_rcc.o(.text)
    RCC_WaitForHSEStartUp                    0x0800cb11   Thumb Code    48  stm32f10x_rcc.o(.text)
    RCC_GetFlagStatus                        0x0800cb41   Thumb Code    38  stm32f10x_rcc.o(.text)
    RCC_AdjustHSICalibrationValue            0x0800cb69   Thumb Code    22  stm32f10x_rcc.o(.text)
    RCC_HSICmd                               0x0800cb81   Thumb Code    10  stm32f10x_rcc.o(.text)
    RCC_PLLConfig                            0x0800cb8d   Thumb Code    22  stm32f10x_rcc.o(.text)
    RCC_PLLCmd                               0x0800cba5   Thumb Code    10  stm32f10x_rcc.o(.text)
    RCC_PREDIV1Config                        0x0800cbb1   Thumb Code    32  stm32f10x_rcc.o(.text)
    RCC_PREDIV2Config                        0x0800cbd1   Thumb Code    20  stm32f10x_rcc.o(.text)
    RCC_PLL1Config                           0x0800cbe5   Thumb Code    22  stm32f10x_rcc.o(.text)
    RCC_PLL1Cmd                              0x0800cbfd   Thumb Code    10  stm32f10x_rcc.o(.text)
    RCC_PLL2Config                           0x0800cc09   Thumb Code    20  stm32f10x_rcc.o(.text)
    RCC_PLL2Cmd                              0x0800cc1d   Thumb Code    10  stm32f10x_rcc.o(.text)
    RCC_PLL3Config                           0x0800cc29   Thumb Code    20  stm32f10x_rcc.o(.text)
    RCC_PLL3Cmd                              0x0800cc3d   Thumb Code    10  stm32f10x_rcc.o(.text)
    RCC_SYSCLKConfig                         0x0800cc49   Thumb Code    20  stm32f10x_rcc.o(.text)
    RCC_GetSYSCLKSource                      0x0800cc5d   Thumb Code    16  stm32f10x_rcc.o(.text)
    RCC_HCLKConfig                           0x0800cc6d   Thumb Code    20  stm32f10x_rcc.o(.text)
    RCC_PCLK1Config                          0x0800cc81   Thumb Code    20  stm32f10x_rcc.o(.text)
    RCC_PCLK2Config                          0x0800cc95   Thumb Code    22  stm32f10x_rcc.o(.text)
    RCC_ITConfig                             0x0800ccad   Thumb Code    24  stm32f10x_rcc.o(.text)
    RCC_USBCLKConfig                         0x0800ccc5   Thumb Code    10  stm32f10x_rcc.o(.text)
    RCC_ADCCLKConfig                         0x0800ccd1   Thumb Code    20  stm32f10x_rcc.o(.text)
    RCC_OTGFSCLKConfig                       0x0800cce5   Thumb Code    10  stm32f10x_rcc.o(.text)
    RCC_I2S2CLKConfig                        0x0800ccf1   Thumb Code    12  stm32f10x_rcc.o(.text)
    RCC_I2S3CLKConfig                        0x0800ccfd   Thumb Code    12  stm32f10x_rcc.o(.text)
    RCC_LSEConfig                            0x0800cd09   Thumb Code    30  stm32f10x_rcc.o(.text)
    RCC_LSICmd                               0x0800cd29   Thumb Code    12  stm32f10x_rcc.o(.text)
    RCC_RTCCLKConfig                         0x0800cd35   Thumb Code    16  stm32f10x_rcc.o(.text)
    RCC_RTCCLKCmd                            0x0800cd45   Thumb Code    12  stm32f10x_rcc.o(.text)
    RCC_GetClocksFreq                        0x0800cd51   Thumb Code   204  stm32f10x_rcc.o(.text)
    RCC_AHBPeriphClockCmd                    0x0800ce21   Thumb Code    24  stm32f10x_rcc.o(.text)
    RCC_APB2PeriphClockCmd                   0x0800ce39   Thumb Code    24  stm32f10x_rcc.o(.text)
    RCC_APB1PeriphClockCmd                   0x0800ce51   Thumb Code    24  stm32f10x_rcc.o(.text)
    RCC_AHBPeriphResetCmd                    0x0800ce69   Thumb Code    24  stm32f10x_rcc.o(.text)
    RCC_APB2PeriphResetCmd                   0x0800ce81   Thumb Code    24  stm32f10x_rcc.o(.text)
    RCC_APB1PeriphResetCmd                   0x0800ce99   Thumb Code    24  stm32f10x_rcc.o(.text)
    RCC_BackupResetCmd                       0x0800ceb1   Thumb Code    12  stm32f10x_rcc.o(.text)
    RCC_ClockSecuritySystemCmd               0x0800cebd   Thumb Code    10  stm32f10x_rcc.o(.text)
    RCC_MCOConfig                            0x0800cec9   Thumb Code    12  stm32f10x_rcc.o(.text)
    RCC_ClearFlag                            0x0800ced5   Thumb Code    18  stm32f10x_rcc.o(.text)
    RCC_GetITStatus                          0x0800cee9   Thumb Code    18  stm32f10x_rcc.o(.text)
    RCC_ClearITPendingBit                    0x0800cefd   Thumb Code    12  stm32f10x_rcc.o(.text)
    USART_DeInit                             0x0800cf09   Thumb Code   174  stm32f10x_usart.o(.text)
    USART_Init                               0x0800cfb9   Thumb Code   146  stm32f10x_usart.o(.text)
    USART_StructInit                         0x0800d04d   Thumb Code    18  stm32f10x_usart.o(.text)
    USART_ClockInit                          0x0800d061   Thumb Code    34  stm32f10x_usart.o(.text)
    USART_ClockStructInit                    0x0800d085   Thumb Code     8  stm32f10x_usart.o(.text)
    USART_Cmd                                0x0800d08d   Thumb Code    20  stm32f10x_usart.o(.text)
    USART_ITConfig                           0x0800d0a1   Thumb Code    46  stm32f10x_usart.o(.text)
    USART_DMACmd                             0x0800d0d1   Thumb Code    16  stm32f10x_usart.o(.text)
    USART_SetAddress                         0x0800d0e1   Thumb Code    16  stm32f10x_usart.o(.text)
    USART_WakeUpConfig                       0x0800d0f1   Thumb Code    16  stm32f10x_usart.o(.text)
    USART_ReceiverWakeUpCmd                  0x0800d101   Thumb Code    20  stm32f10x_usart.o(.text)
    USART_LINBreakDetectLengthConfig         0x0800d115   Thumb Code    16  stm32f10x_usart.o(.text)
    USART_LINCmd                             0x0800d125   Thumb Code    20  stm32f10x_usart.o(.text)
    USART_SendData                           0x0800d139   Thumb Code     8  stm32f10x_usart.o(.text)
    USART_ReceiveData                        0x0800d141   Thumb Code     8  stm32f10x_usart.o(.text)
    USART_SendBreak                          0x0800d149   Thumb Code    10  stm32f10x_usart.o(.text)
    USART_SetGuardTime                       0x0800d155   Thumb Code    16  stm32f10x_usart.o(.text)
    USART_SetPrescaler                       0x0800d165   Thumb Code    16  stm32f10x_usart.o(.text)
    USART_SmartCardCmd                       0x0800d175   Thumb Code    20  stm32f10x_usart.o(.text)
    USART_SmartCardNACKCmd                   0x0800d189   Thumb Code    20  stm32f10x_usart.o(.text)
    USART_HalfDuplexCmd                      0x0800d19d   Thumb Code    20  stm32f10x_usart.o(.text)
    USART_IrDAConfig                         0x0800d1b1   Thumb Code    16  stm32f10x_usart.o(.text)
    USART_IrDACmd                            0x0800d1c1   Thumb Code    20  stm32f10x_usart.o(.text)
    USART_GetFlagStatus                      0x0800d1d5   Thumb Code    10  stm32f10x_usart.o(.text)
    USART_ClearFlag                          0x0800d1e1   Thumb Code     6  stm32f10x_usart.o(.text)
    USART_GetITStatus                        0x0800d1e9   Thumb Code    48  stm32f10x_usart.o(.text)
    USART_ClearITPendingBit                  0x0800d219   Thumb Code    14  stm32f10x_usart.o(.text)
    MPU6050_Initialize                       0x0800d229   Thumb Code   160  mpu6050.o(.text)
    MPU6050_SetClockSource                   0x0800d2c9   Thumb Code    54  mpu6050.o(.text)
    MPU6050_SetFullScaleGyroRange            0x0800d301   Thumb Code    56  mpu6050.o(.text)
    MPU6050_SetFullScaleAccelRange           0x0800d339   Thumb Code    56  mpu6050.o(.text)
    MPU6050_SetSleepModeStatus               0x0800d371   Thumb Code    64  mpu6050.o(.text)
    MPU6050_TestConnection                   0x0800d3b1   Thumb Code    38  mpu6050.o(.text)
    MPU6050_GetDeviceID                      0x0800d3d9   Thumb Code    30  mpu6050.o(.text)
    MPU6050_ReadBits                         0x0800d3f9   Thumb Code    50  mpu6050.o(.text)
    MPU6050_WriteBits                        0x0800d42d   Thumb Code    82  mpu6050.o(.text)
    MPU6050_GetFullScaleGyroRange            0x0800d481   Thumb Code    30  mpu6050.o(.text)
    MPU6050_GetFullScaleAccelRange           0x0800d4a1   Thumb Code    30  mpu6050.o(.text)
    MPU6050_GetSleepModeStatus               0x0800d4c1   Thumb Code    30  mpu6050.o(.text)
    MPU6050_ReadBit                          0x0800d4e1   Thumb Code    38  mpu6050.o(.text)
    MPU6050_WriteBit                         0x0800d509   Thumb Code    72  mpu6050.o(.text)
    MPU6050_GetRawAccelGyro                  0x0800d551   Thumb Code    72  mpu6050.o(.text)
    MPU6050_I2C_BufferRead                   0x0800d599   Thumb Code   256  mpu6050.o(.text)
    MPU6050_I2C_ByteWrite                    0x0800d699   Thumb Code   156  mpu6050.o(.text)
    MPU6050_I2C_Init                         0x0800d735   Thumb Code   102  mpu6050.o(.text)
    Initialize_MPU6050                       0x0800d79d   Thumb Code    30  usr_init.o(.text)
    Enable_Motion_Interrupt                  0x0800d7bd   Thumb Code    60  usr_init.o(.text)
    RCC_Configuration                        0x0800d7f9   Thumb Code    30  usr_init.o(.text)
    GPIO_Configuration                       0x0800d819   Thumb Code    58  usr_init.o(.text)
    EXTI_Configuration                       0x0800d855   Thumb Code    72  usr_init.o(.text)
    NVIC_Configuration                       0x0800d89d   Thumb Code   208  usr_init.o(.text)
    __aeabi_memset                           0x0800d96d   Thumb Code    14  memseta.o(.text)
    __aeabi_memset4                          0x0800d96d   Thumb Code     0  memseta.o(.text)
    __aeabi_memset8                          0x0800d96d   Thumb Code     0  memseta.o(.text)
    __aeabi_memclr                           0x0800d97b   Thumb Code     4  memseta.o(.text)
    __aeabi_memclr4                          0x0800d97b   Thumb Code     0  memseta.o(.text)
    __aeabi_memclr8                          0x0800d97b   Thumb Code     0  memseta.o(.text)
    _memset$wrapper                          0x0800d97f   Thumb Code    18  memseta.o(.text)
    __aeabi_uidiv                            0x0800d991   Thumb Code     0  uidiv.o(.text)
    __aeabi_uidivmod                         0x0800d991   Thumb Code    44  uidiv.o(.text)
    __aeabi_uldivmod                         0x0800d9bd   Thumb Code    98  uldiv.o(.text)
    __I$use$fp                               0x0800da1f   Thumb Code     0  iusefp.o(.text)
    __aeabi_dadd                             0x0800da1f   Thumb Code   322  dadd.o(.text)
    __aeabi_dsub                             0x0800db61   Thumb Code     6  dadd.o(.text)
    __aeabi_drsub                            0x0800db67   Thumb Code     6  dadd.o(.text)
    __aeabi_dmul                             0x0800db6d   Thumb Code   228  dmul.o(.text)
    __aeabi_ddiv                             0x0800dc51   Thumb Code   222  ddiv.o(.text)
    __aeabi_d2ulz                            0x0800dd2f   Thumb Code    48  dfixul.o(.text)
    __aeabi_cdrcmple                         0x0800dd61   Thumb Code    48  cdrcmple.o(.text)
    __scatterload                            0x0800dd91   Thumb Code    28  init.o(.text)
    __scatterload_rt2                        0x0800dd91   Thumb Code     0  init.o(.text)
    __aeabi_llsl                             0x0800ddb5   Thumb Code    30  llshl.o(.text)
    _ll_shift_l                              0x0800ddb5   Thumb Code     0  llshl.o(.text)
    __aeabi_llsr                             0x0800ddd3   Thumb Code    32  llushr.o(.text)
    _ll_ushift_r                             0x0800ddd3   Thumb Code     0  llushr.o(.text)
    __aeabi_lasr                             0x0800ddf3   Thumb Code    36  llsshr.o(.text)
    _ll_sshift_r                             0x0800ddf3   Thumb Code     0  llsshr.o(.text)
    _double_round                            0x0800de17   Thumb Code    30  depilogue.o(.text)
    _double_epilogue                         0x0800de35   Thumb Code   156  depilogue.o(.text)
    OSStartHighRdy                           0x0800ded1   Thumb Code     0  os_cpu_a.o(CODE)
    OS_CPU_PendSVHandler                     0x0800def3   Thumb Code     0  os_cpu_a.o(CODE)
    __0vsnprintf                             0x0800df55   Thumb Code    46  printfa.o(i.__0vsnprintf)
    __1vsnprintf                             0x0800df55   Thumb Code     0  printfa.o(i.__0vsnprintf)
    __2vsnprintf                             0x0800df55   Thumb Code     0  printfa.o(i.__0vsnprintf)
    __c89vsnprintf                           0x0800df55   Thumb Code     0  printfa.o(i.__0vsnprintf)
    vsnprintf                                0x0800df55   Thumb Code     0  printfa.o(i.__0vsnprintf)
    __scatterload_copy                       0x0800df89   Thumb Code    14  handlers.o(i.__scatterload_copy)
    __scatterload_null                       0x0800df97   Thumb Code     2  handlers.o(i.__scatterload_null)
    __scatterload_zeroinit                   0x0800df99   Thumb Code    14  handlers.o(i.__scatterload_zeroinit)
    OSCfg_ISRStkBasePtr                      0x0800e98c   Data           4  os_cfg_app.o(.rodata.OSCfg_ISRStkBasePtr)
    OSCfg_ISRStkSize                         0x0800e990   Data           4  os_cfg_app.o(.rodata.OSCfg_ISRStkSize)
    OSCfg_IdleTaskStkBasePtr                 0x0800e994   Data           4  os_cfg_app.o(.rodata.OSCfg_IdleTaskStkBasePtr)
    OSCfg_IdleTaskStkLimit                   0x0800e998   Data           4  os_cfg_app.o(.rodata.OSCfg_IdleTaskStkLimit)
    OSCfg_IdleTaskStkSize                    0x0800e99c   Data           4  os_cfg_app.o(.rodata.OSCfg_IdleTaskStkSize)
    OSCfg_IntQBasePtr                        0x0800e9a0   Data           4  os_cfg_app.o(.rodata.OSCfg_IntQBasePtr)
    OSCfg_IntQSize                           0x0800e9a4   Data           2  os_cfg_app.o(.rodata.OSCfg_IntQSize)
    OSCfg_IntQTaskStkBasePtr                 0x0800e9a8   Data           4  os_cfg_app.o(.rodata.OSCfg_IntQTaskStkBasePtr)
    OSCfg_IntQTaskStkLimit                   0x0800e9ac   Data           4  os_cfg_app.o(.rodata.OSCfg_IntQTaskStkLimit)
    OSCfg_IntQTaskStkSize                    0x0800e9b0   Data           4  os_cfg_app.o(.rodata.OSCfg_IntQTaskStkSize)
    OSCfg_MsgPoolBasePtr                     0x0800e9b4   Data           4  os_cfg_app.o(.rodata.OSCfg_MsgPoolBasePtr)
    OSCfg_MsgPoolSize                        0x0800e9b8   Data           2  os_cfg_app.o(.rodata.OSCfg_MsgPoolSize)
    OSCfg_StatTaskPrio                       0x0800e9ba   Data           1  os_cfg_app.o(.rodata.OSCfg_StatTaskPrio)
    OSCfg_StatTaskRate_Hz                    0x0800e9bc   Data           4  os_cfg_app.o(.rodata.OSCfg_StatTaskRate_Hz)
    OSCfg_StatTaskStkBasePtr                 0x0800e9c0   Data           4  os_cfg_app.o(.rodata.OSCfg_StatTaskStkBasePtr)
    OSCfg_StatTaskStkLimit                   0x0800e9c4   Data           4  os_cfg_app.o(.rodata.OSCfg_StatTaskStkLimit)
    OSCfg_StatTaskStkSize                    0x0800e9c8   Data           4  os_cfg_app.o(.rodata.OSCfg_StatTaskStkSize)
    OSCfg_StkSizeMin                         0x0800e9cc   Data           4  os_cfg_app.o(.rodata.OSCfg_StkSizeMin)
    OSCfg_TickRate_Hz                        0x0800e9d0   Data           4  os_cfg_app.o(.rodata.OSCfg_TickRate_Hz)
    OSCfg_TickTaskPrio                       0x0800e9d4   Data           1  os_cfg_app.o(.rodata.OSCfg_TickTaskPrio)
    OSCfg_TickTaskStkBasePtr                 0x0800e9d8   Data           4  os_cfg_app.o(.rodata.OSCfg_TickTaskStkBasePtr)
    OSCfg_TickTaskStkLimit                   0x0800e9dc   Data           4  os_cfg_app.o(.rodata.OSCfg_TickTaskStkLimit)
    OSCfg_TickTaskStkSize                    0x0800e9e0   Data           4  os_cfg_app.o(.rodata.OSCfg_TickTaskStkSize)
    OSCfg_TickWheelSize                      0x0800e9e4   Data           2  os_cfg_app.o(.rodata.OSCfg_TickWheelSize)
    OSCfg_TmrTaskPrio                        0x0800e9e6   Data           1  os_cfg_app.o(.rodata.OSCfg_TmrTaskPrio)
    OSCfg_TmrTaskRate_Hz                     0x0800e9e8   Data           4  os_cfg_app.o(.rodata.OSCfg_TmrTaskRate_Hz)
    OSCfg_TmrTaskStkBasePtr                  0x0800e9ec   Data           4  os_cfg_app.o(.rodata.OSCfg_TmrTaskStkBasePtr)
    OSCfg_TmrTaskStkLimit                    0x0800e9f0   Data           4  os_cfg_app.o(.rodata.OSCfg_TmrTaskStkLimit)
    OSCfg_TmrTaskStkSize                     0x0800e9f4   Data           4  os_cfg_app.o(.rodata.OSCfg_TmrTaskStkSize)
    OSCfg_TmrWheelSize                       0x0800e9f8   Data           2  os_cfg_app.o(.rodata.OSCfg_TmrWheelSize)
    Region$$Table$$Base                      0x0800eaf8   Number         0  anon$$obj.o(Region$$Table)
    Region$$Table$$Limit                     0x0800eb08   Number         0  anon$$obj.o(Region$$Table)
    BSP_CPU_ClkFreq_MHz                      0x20000858   Data           4  bsp.o(.bss.BSP_CPU_ClkFreq_MHz)
    CPU_IntDisMeasCtr                        0x200009e8   Data           2  cpu_core.o(.bss.CPU_IntDisMeasCtr)
    CPU_IntDisMeasMaxCur_cnts                0x200009ec   Data           4  cpu_core.o(.bss.CPU_IntDisMeasMaxCur_cnts)
    CPU_IntDisMeasMax_cnts                   0x200009f0   Data           4  cpu_core.o(.bss.CPU_IntDisMeasMax_cnts)
    CPU_IntDisMeasOvrhd_cnts                 0x200009f4   Data           4  cpu_core.o(.bss.CPU_IntDisMeasOvrhd_cnts)
    CPU_IntDisMeasStart_cnts                 0x200009f8   Data           4  cpu_core.o(.bss.CPU_IntDisMeasStart_cnts)
    CPU_IntDisMeasStop_cnts                  0x200009fc   Data           4  cpu_core.o(.bss.CPU_IntDisMeasStop_cnts)
    CPU_IntDisNestCtr                        0x20000a00   Data           2  cpu_core.o(.bss.CPU_IntDisNestCtr)
    CPU_Name                                 0x20000a02   Data          16  cpu_core.o(.bss.CPU_Name)
    CPU_TS_TmrFreq_Hz                        0x20000a14   Data           4  cpu_core.o(.bss.CPU_TS_TmrFreq_Hz)
    Mem_Heap                                 0x20000a18   Data       27648  lib_mem.o(.bss.Mem_Heap)
    Mem_PoolHeap                             0x20007618   Data          72  lib_mem.o(.bss.Mem_PoolHeap)
    Mem_PoolTbl                              0x20007660   Data           4  lib_mem.o(.bss.Mem_PoolTbl)
    OSCfg_ISRStk                             0x20007664   Data         512  os_cfg_app.o(.bss.OSCfg_ISRStk)
    OSCfg_IdleTaskStk                        0x20007864   Data         512  os_cfg_app.o(.bss.OSCfg_IdleTaskStk)
    OSCfg_IntQ                               0x20007a64   Data         320  os_cfg_app.o(.bss.OSCfg_IntQ)
    OSCfg_IntQTaskStk                        0x20007ba4   Data         512  os_cfg_app.o(.bss.OSCfg_IntQTaskStk)
    OSCfg_MsgPool                            0x20007da4   Data        1600  os_cfg_app.o(.bss.OSCfg_MsgPool)
    OSCfg_StatTaskStk                        0x200083e4   Data         512  os_cfg_app.o(.bss.OSCfg_StatTaskStk)
    OSCfg_TickTaskStk                        0x200085e4   Data         512  os_cfg_app.o(.bss.OSCfg_TickTaskStk)
    OSCfg_TickWheel                          0x200087e4   Data         136  os_cfg_app.o(.bss.OSCfg_TickWheel)
    OSCfg_TmrTaskStk                         0x2000886c   Data         512  os_cfg_app.o(.bss.OSCfg_TmrTaskStk)
    OSCfg_TmrWheel                           0x20008a6c   Data         136  os_cfg_app.o(.bss.OSCfg_TmrWheel)
    OSFlagDbgListPtr                         0x20008af4   Data           4  os_var.o(.bss.OSFlagDbgListPtr)
    OSFlagQty                                0x20008af8   Data           2  os_var.o(.bss.OSFlagQty)
    OSIdleTaskCtr                            0x20008afc   Data           4  os_var.o(.bss.OSIdleTaskCtr)
    OSIdleTaskTCB                            0x20008b00   Data         200  os_var.o(.bss.OSIdleTaskTCB)
    OSIntDisTimeMax                          0x20008bc8   Data           4  os_var.o(.bss.OSIntDisTimeMax)
    OSIntNestingCtr                          0x20008bcc   Data           1  os_var.o(.bss.OSIntNestingCtr)
    OSIntQInPtr                              0x20008bd0   Data           4  os_var.o(.bss.OSIntQInPtr)
    OSIntQNbrEntries                         0x20008bd4   Data           2  os_var.o(.bss.OSIntQNbrEntries)
    OSIntQNbrEntriesMax                      0x20008bd6   Data           2  os_var.o(.bss.OSIntQNbrEntriesMax)
    OSIntQOutPtr                             0x20008bd8   Data           4  os_var.o(.bss.OSIntQOutPtr)
    OSIntQOvfCtr                             0x20008bdc   Data           2  os_var.o(.bss.OSIntQOvfCtr)
    OSIntQTaskTCB                            0x20008be0   Data         200  os_var.o(.bss.OSIntQTaskTCB)
    OSIntQTaskTimeMax                        0x20008ca8   Data           4  os_var.o(.bss.OSIntQTaskTimeMax)
    OSMemDbgListPtr                          0x20008cac   Data           4  os_var.o(.bss.OSMemDbgListPtr)
    OSMemQty                                 0x20008cb0   Data           2  os_var.o(.bss.OSMemQty)
    OSMsgPool                                0x20008cb4   Data          12  os_var.o(.bss.OSMsgPool)
    OSMutexDbgListPtr                        0x20008cc0   Data           4  os_var.o(.bss.OSMutexDbgListPtr)
    OSMutexQty                               0x20008cc4   Data           2  os_var.o(.bss.OSMutexQty)
    OSPrioCur                                0x20008cc6   Data           1  os_var.o(.bss.OSPrioCur)
    OSPrioHighRdy                            0x20008cc7   Data           1  os_var.o(.bss.OSPrioHighRdy)
    OSPrioSaved                              0x20008cc8   Data           1  os_var.o(.bss.OSPrioSaved)
    OSPrioTbl                                0x20008ccc   Data           4  os_prio.o(.bss.OSPrioTbl)
    OSQDbgListPtr                            0x20008cd0   Data           4  os_var.o(.bss.OSQDbgListPtr)
    OSQQty                                   0x20008cd4   Data           2  os_var.o(.bss.OSQQty)
    OSRdyList                                0x20008cd8   Data         384  os_var.o(.bss.OSRdyList)
    OSRunning                                0x20008e58   Data           1  os_var.o(.bss.OSRunning)
    OSSchedLockNestingCtr                    0x20008e59   Data           1  os_var.o(.bss.OSSchedLockNestingCtr)
    OSSchedLockTimeBegin                     0x20008e5c   Data           4  os_var.o(.bss.OSSchedLockTimeBegin)
    OSSchedLockTimeMax                       0x20008e60   Data           4  os_var.o(.bss.OSSchedLockTimeMax)
    OSSchedLockTimeMaxCur                    0x20008e64   Data           4  os_var.o(.bss.OSSchedLockTimeMaxCur)
    OSSchedRoundRobinDfltTimeQuanta          0x20008e68   Data           4  os_var.o(.bss.OSSchedRoundRobinDfltTimeQuanta)
    OSSchedRoundRobinEn                      0x20008e6c   Data           1  os_var.o(.bss.OSSchedRoundRobinEn)
    OSSemDbgListPtr                          0x20008e70   Data           4  os_var.o(.bss.OSSemDbgListPtr)
    OSSemQty                                 0x20008e74   Data           2  os_var.o(.bss.OSSemQty)
    OSStatResetFlag                          0x20008e76   Data           1  os_var.o(.bss.OSStatResetFlag)
    OSStatTaskCPUUsage                       0x20008e78   Data           2  os_var.o(.bss.OSStatTaskCPUUsage)
    OSStatTaskCPUUsageMax                    0x20008e7a   Data           2  os_var.o(.bss.OSStatTaskCPUUsageMax)
    OSStatTaskCtr                            0x20008e7c   Data           4  os_var.o(.bss.OSStatTaskCtr)
    OSStatTaskCtrMax                         0x20008e80   Data           4  os_var.o(.bss.OSStatTaskCtrMax)
    OSStatTaskCtrRun                         0x20008e84   Data           4  os_var.o(.bss.OSStatTaskCtrRun)
    OSStatTaskRdy                            0x20008e88   Data           1  os_var.o(.bss.OSStatTaskRdy)
    OSStatTaskTCB                            0x20008e8c   Data         200  os_var.o(.bss.OSStatTaskTCB)
    OSStatTaskTimeMax                        0x20008f54   Data           4  os_var.o(.bss.OSStatTaskTimeMax)
    OSTCBCurPtr                              0x20008f58   Data           4  os_var.o(.bss.OSTCBCurPtr)
    OSTCBHighRdyPtr                          0x20008f5c   Data           4  os_var.o(.bss.OSTCBHighRdyPtr)
    OSTaskCtxSwCtr                           0x20008f60   Data           4  os_var.o(.bss.OSTaskCtxSwCtr)
    OSTaskDbgListPtr                         0x20008f64   Data           4  os_var.o(.bss.OSTaskDbgListPtr)
    OSTaskQty                                0x20008f68   Data           2  os_var.o(.bss.OSTaskQty)
    OSTaskRegNextAvailID                     0x20008f6a   Data           1  os_var.o(.bss.OSTaskRegNextAvailID)
    OSTickCtr                                0x20008f6c   Data           4  os_var.o(.bss.OSTickCtr)
    OSTickTaskTCB                            0x20008f70   Data         200  os_var.o(.bss.OSTickTaskTCB)
    OSTickTaskTimeMax                        0x20009038   Data           4  os_var.o(.bss.OSTickTaskTimeMax)
    OSTmrDbgListPtr                          0x2000903c   Data           4  os_var.o(.bss.OSTmrDbgListPtr)
    OSTmrQty                                 0x20009040   Data           2  os_var.o(.bss.OSTmrQty)
    OSTmrTaskTCB                             0x20009044   Data         200  os_var.o(.bss.OSTmrTaskTCB)
    OSTmrTaskTimeMax                         0x2000910c   Data           4  os_var.o(.bss.OSTmrTaskTimeMax)
    OSTmrTickCtr                             0x20009110   Data           4  os_var.o(.bss.OSTmrTickCtr)
    OSTmrUpdateCnt                           0x20009114   Data           4  os_var.o(.bss.OSTmrUpdateCnt)
    OSTmrUpdateCtr                           0x20009118   Data           4  os_var.o(.bss.OSTmrUpdateCtr)
    OS_AppIdleTaskHookPtr                    0x2000911c   Data           4  os_var.o(.bss.OS_AppIdleTaskHookPtr)
    OS_AppStatTaskHookPtr                    0x20009120   Data           4  os_var.o(.bss.OS_AppStatTaskHookPtr)
    OS_AppTaskCreateHookPtr                  0x20009124   Data           4  os_var.o(.bss.OS_AppTaskCreateHookPtr)
    OS_AppTaskDelHookPtr                     0x20009128   Data           4  os_var.o(.bss.OS_AppTaskDelHookPtr)
    OS_AppTaskReturnHookPtr                  0x2000912c   Data           4  os_var.o(.bss.OS_AppTaskReturnHookPtr)
    OS_AppTaskSwHookPtr                      0x20009130   Data           4  os_var.o(.bss.OS_AppTaskSwHookPtr)
    OS_AppTimeTickHookPtr                    0x20009134   Data           4  os_var.o(.bss.OS_AppTimeTickHookPtr)
    OS_CPU_ExceptStkBase                     0x20009138   Data           4  os_cpu_c.o(.bss.OS_CPU_ExceptStkBase)
    SuddenAccelMsgQ                          0x2000913c   Data          48  app.o(.bss.SuddenAccelMsgQ)
    __initial_sp                             0x20009370   Data           0  cstartup.o(STACK)



==============================================================================

Memory Map of the image

  Image Entry point : 0x08000151

  Load Region LR_IROM1 (Base: 0x08000000, Size: 0x0000eb08, Max: 0x00040000, ABSOLUTE)

    Execution Region ER_IROM1 (Exec base: 0x08000000, Load base: 0x08000000, Size: 0x0000eb08, Max: 0x00040000, ABSOLUTE)

    Exec Addr    Load Addr    Size         Type   Attr      Idx    E Section Name        Object

    0x08000000   0x08000000   0x00000150   Data   RO           96    RESET               cstartup.o
    0x08000150   0x08000150   0x00000000   Code   RO          721  * .ARM.Collect$$$$00000000  mc_w.l(entry.o)
    0x08000150   0x08000150   0x00000004   Code   RO          754    .ARM.Collect$$$$00000001  mc_w.l(entry2.o)
    0x08000154   0x08000154   0x00000004   Code   RO          757    .ARM.Collect$$$$00000004  mc_w.l(entry5.o)
    0x08000158   0x08000158   0x00000000   Code   RO          759    .ARM.Collect$$$$00000008  mc_w.l(entry7b.o)
    0x08000158   0x08000158   0x00000000   Code   RO          761    .ARM.Collect$$$$0000000A  mc_w.l(entry8b.o)
    0x08000158   0x08000158   0x00000008   Code   RO          762    .ARM.Collect$$$$0000000B  mc_w.l(entry9a.o)
    0x08000160   0x08000160   0x00000000   Code   RO          764    .ARM.Collect$$$$0000000D  mc_w.l(entry10a.o)
    0x08000160   0x08000160   0x00000000   Code   RO          766    .ARM.Collect$$$$0000000F  mc_w.l(entry11a.o)
    0x08000160   0x08000160   0x00000004   Code   RO          755    .ARM.Collect$$$$00002712  mc_w.l(entry2.o)
    0x08000164   0x08000164   0x00000420   Code   RO            1    .text               app.o
    0x08000584   0x08000584   0x00000218   Code   RO           29    .text               bsp.o
    0x0800079c   0x0800079c   0x00000d28   Code   RO           49    .text               bsp_int.o
    0x080014c4   0x080014c4   0x00000210   Code   RO           58    .text               bsp_periph.o
    0x080016d4   0x080016d4   0x000004b4   Code   RO           66    .text               bsp_ser.o
    0x08001b88   0x08001b88   0x000000c2   Code   RO           86    .text               bsp_os.o
    0x08001c4a   0x08001c4a   0x00000002   PAD
    0x08001c4c   0x08001c4c   0x00000018   Code   RO           97    .text               cstartup.o
    0x08001c64   0x08001c64   0x00000606   Code   RO          103    .text               cpu_core.o
    0x0800226a   0x0800226a   0x00000002   PAD
    0x0800226c   0x0800226c   0x00000034   Code   RO          122    .text               cpu_a.o
    0x080022a0   0x080022a0   0x0000055a   Code   RO          125    .text               cpu_c.o
    0x080027fa   0x080027fa   0x00000002   PAD
    0x080027fc   0x080027fc   0x0000017e   Code   RO          133    .text               lib_ascii.o
    0x0800297a   0x0800297a   0x00000002   PAD
    0x0800297c   0x0800297c   0x00000bba   Code   RO          151    .text               lib_mem.o
    0x08003536   0x08003536   0x00000002   PAD
    0x08003538   0x08003538   0x00000ab0   Code   RO          163    .text               lib_str.o
    0x08003fe8   0x08003fe8   0x00000220   Code   RO          173    .text               lib_mem_a.o
    0x08004208   0x08004208   0x00000002   Code   RO          176    .text               os_cfg_app.o
    0x0800420a   0x0800420a   0x00000002   PAD
    0x0800420c   0x0800420c   0x0000138c   Code   RO          234    .text               os_core.o
    0x08005598   0x08005598   0x00000a28   Code   RO          244    .text               os_flag.o
    0x08005fc0   0x08005fc0   0x00000468   Code   RO          254    .text               os_int.o
    0x08006428   0x08006428   0x000001ee   Code   RO          262    .text               os_mem.o
    0x08006616   0x08006616   0x00000002   PAD
    0x08006618   0x08006618   0x000001f0   Code   RO          271    .text               os_msg.o
    0x08006808   0x08006808   0x0000099a   Code   RO          279    .text               os_mutex.o
    0x080071a2   0x080071a2   0x00000002   PAD
    0x080071a4   0x080071a4   0x0000008a   Code   RO          297    .text               os_prio.o
    0x0800722e   0x0800722e   0x00000002   PAD
    0x08007230   0x08007230   0x0000089e   Code   RO          306    .text               os_q.o
    0x08007ace   0x08007ace   0x00000002   PAD
    0x08007ad0   0x08007ad0   0x0000078a   Code   RO          316    .text               os_sem.o
    0x0800825a   0x0800825a   0x00000002   PAD
    0x0800825c   0x0800825c   0x00000628   Code   RO          326    .text               os_stat.o
    0x08008884   0x08008884   0x000016b0   Code   RO          334    .text               os_task.o
    0x08009f34   0x08009f34   0x00000492   Code   RO          344    .text               os_tick.o
    0x0800a3c6   0x0800a3c6   0x00000002   PAD
    0x0800a3c8   0x0800a3c8   0x0000045a   Code   RO          353    .text               os_time.o
    0x0800a822   0x0800a822   0x00000002   PAD
    0x0800a824   0x0800a824   0x00000906   Code   RO          361    .text               os_tmr.o
    0x0800b12a   0x0800b12a   0x00000002   PAD
    0x0800b12c   0x0800b12c   0x00000002   Code   RO          441    .text               os_dbg.o
    0x0800b12e   0x0800b12e   0x00000002   PAD
    0x0800b130   0x0800b130   0x000001e2   Code   RO          523    .text               os_cpu_c.o
    0x0800b312   0x0800b312   0x00000002   PAD
    0x0800b314   0x0800b314   0x00000100   Code   RO          589    .text               stm32f10x_exti.o
    0x0800b414   0x0800b414   0x0000111e   Code   RO          597    .text               stm32f10x_flash.o
    0x0800c532   0x0800c532   0x00000002   PAD
    0x0800c534   0x0800c534   0x0000023e   Code   RO          613    .text               stm32f10x_gpio.o
    0x0800c772   0x0800c772   0x00000002   PAD
    0x0800c774   0x0800c774   0x00000326   Code   RO          622    .text               stm32f10x_i2c.o
    0x0800ca9a   0x0800ca9a   0x00000002   PAD
    0x0800ca9c   0x0800ca9c   0x0000046c   Code   RO          639    .text               stm32f10x_rcc.o
    0x0800cf08   0x0800cf08   0x0000031e   Code   RO          689    .text               stm32f10x_usart.o
    0x0800d226   0x0800d226   0x00000002   PAD
    0x0800d228   0x0800d228   0x00000572   Code   RO          705    .text               mpu6050.o
    0x0800d79a   0x0800d79a   0x00000002   PAD
    0x0800d79c   0x0800d79c   0x000001d0   Code   RO          713    .text               usr_init.o
    0x0800d96c   0x0800d96c   0x00000024   Code   RO          724    .text               mc_w.l(memseta.o)
    0x0800d990   0x0800d990   0x0000002c   Code   RO          782    .text               mc_w.l(uidiv.o)
    0x0800d9bc   0x0800d9bc   0x00000062   Code   RO          784    .text               mc_w.l(uldiv.o)
    0x0800da1e   0x0800da1e   0x00000000   Code   RO          786    .text               mc_w.l(iusefp.o)
    0x0800da1e   0x0800da1e   0x0000014e   Code   RO          787    .text               mf_w.l(dadd.o)
    0x0800db6c   0x0800db6c   0x000000e4   Code   RO          789    .text               mf_w.l(dmul.o)
    0x0800dc50   0x0800dc50   0x000000de   Code   RO          791    .text               mf_w.l(ddiv.o)
    0x0800dd2e   0x0800dd2e   0x00000030   Code   RO          793    .text               mf_w.l(dfixul.o)
    0x0800dd5e   0x0800dd5e   0x00000002   PAD
    0x0800dd60   0x0800dd60   0x00000030   Code   RO          795    .text               mf_w.l(cdrcmple.o)
    0x0800dd90   0x0800dd90   0x00000024   Code   RO          797    .text               mc_w.l(init.o)
    0x0800ddb4   0x0800ddb4   0x0000001e   Code   RO          800    .text               mc_w.l(llshl.o)
    0x0800ddd2   0x0800ddd2   0x00000020   Code   RO          802    .text               mc_w.l(llushr.o)
    0x0800ddf2   0x0800ddf2   0x00000024   Code   RO          804    .text               mc_w.l(llsshr.o)
    0x0800de16   0x0800de16   0x000000ba   Code   RO          807    .text               mf_w.l(depilogue.o)
    0x0800ded0   0x0800ded0   0x00000084   Code   RO          520    CODE                os_cpu_a.o
    0x0800df54   0x0800df54   0x00000034   Code   RO          732    i.__0vsnprintf      mc_w.l(printfa.o)
    0x0800df88   0x0800df88   0x0000000e   Code   RO          811    i.__scatterload_copy  mc_w.l(handlers.o)
    0x0800df96   0x0800df96   0x00000002   Code   RO          812    i.__scatterload_null  mc_w.l(handlers.o)
    0x0800df98   0x0800df98   0x0000000e   Code   RO          813    i.__scatterload_zeroinit  mc_w.l(handlers.o)
    0x0800dfa6   0x0800dfa6   0x00000002   PAD
    0x0800dfa8   0x0800dfa8   0x00000184   Code   RO          734    i._fp_digits        mc_w.l(printfa.o)
    0x0800e12c   0x0800e12c   0x000006dc   Code   RO          735    i._printf_core      mc_w.l(printfa.o)
    0x0800e808   0x0800e808   0x00000024   Code   RO          736    i._printf_post_padding  mc_w.l(printfa.o)
    0x0800e82c   0x0800e82c   0x0000002e   Code   RO          737    i._printf_pre_padding  mc_w.l(printfa.o)
    0x0800e85a   0x0800e85a   0x00000016   Code   RO          738    i._snputc           mc_w.l(printfa.o)
    0x0800e870   0x0800e870   0x0000001c   Data   RO          615    .rodata..Lswitch.table.GPIO_DeInit.1  stm32f10x_gpio.o
    0x0800e88c   0x0800e88c   0x00000100   Data   RO          114    .rodata.CPU_CntLeadZerosTbl  cpu_core.o
    0x0800e98c   0x0800e98c   0x00000004   Data   RO          193    .rodata.OSCfg_ISRStkBasePtr  os_cfg_app.o
    0x0800e990   0x0800e990   0x00000004   Data   RO          194    .rodata.OSCfg_ISRStkSize  os_cfg_app.o
    0x0800e994   0x0800e994   0x00000004   Data   RO          179    .rodata.OSCfg_IdleTaskStkBasePtr  os_cfg_app.o
    0x0800e998   0x0800e998   0x00000004   Data   RO          180    .rodata.OSCfg_IdleTaskStkLimit  os_cfg_app.o
    0x0800e99c   0x0800e99c   0x00000004   Data   RO          181    .rodata.OSCfg_IdleTaskStkSize  os_cfg_app.o
    0x0800e9a0   0x0800e9a0   0x00000004   Data   RO          184    .rodata.OSCfg_IntQBasePtr  os_cfg_app.o
    0x0800e9a4   0x0800e9a4   0x00000002   Data   RO          185    .rodata.OSCfg_IntQSize  os_cfg_app.o
    0x0800e9a6   0x0800e9a6   0x00000002   PAD
    0x0800e9a8   0x0800e9a8   0x00000004   Data   RO          188    .rodata.OSCfg_IntQTaskStkBasePtr  os_cfg_app.o
    0x0800e9ac   0x0800e9ac   0x00000004   Data   RO          189    .rodata.OSCfg_IntQTaskStkLimit  os_cfg_app.o
    0x0800e9b0   0x0800e9b0   0x00000004   Data   RO          190    .rodata.OSCfg_IntQTaskStkSize  os_cfg_app.o
    0x0800e9b4   0x0800e9b4   0x00000004   Data   RO          199    .rodata.OSCfg_MsgPoolBasePtr  os_cfg_app.o
    0x0800e9b8   0x0800e9b8   0x00000002   Data   RO          196    .rodata.OSCfg_MsgPoolSize  os_cfg_app.o
    0x0800e9ba   0x0800e9ba   0x00000001   Data   RO          200    .rodata.OSCfg_StatTaskPrio  os_cfg_app.o
    0x0800e9bb   0x0800e9bb   0x00000001   PAD
    0x0800e9bc   0x0800e9bc   0x00000004   Data   RO          201    .rodata.OSCfg_StatTaskRate_Hz  os_cfg_app.o
    0x0800e9c0   0x0800e9c0   0x00000004   Data   RO          203    .rodata.OSCfg_StatTaskStkBasePtr  os_cfg_app.o
    0x0800e9c4   0x0800e9c4   0x00000004   Data   RO          204    .rodata.OSCfg_StatTaskStkLimit  os_cfg_app.o
    0x0800e9c8   0x0800e9c8   0x00000004   Data   RO          205    .rodata.OSCfg_StatTaskStkSize  os_cfg_app.o
    0x0800e9cc   0x0800e9cc   0x00000004   Data   RO          207    .rodata.OSCfg_StkSizeMin  os_cfg_app.o
    0x0800e9d0   0x0800e9d0   0x00000004   Data   RO          208    .rodata.OSCfg_TickRate_Hz  os_cfg_app.o
    0x0800e9d4   0x0800e9d4   0x00000001   Data   RO          209    .rodata.OSCfg_TickTaskPrio  os_cfg_app.o
    0x0800e9d5   0x0800e9d5   0x00000003   PAD
    0x0800e9d8   0x0800e9d8   0x00000004   Data   RO          211    .rodata.OSCfg_TickTaskStkBasePtr  os_cfg_app.o
    0x0800e9dc   0x0800e9dc   0x00000004   Data   RO          212    .rodata.OSCfg_TickTaskStkLimit  os_cfg_app.o
    0x0800e9e0   0x0800e9e0   0x00000004   Data   RO          213    .rodata.OSCfg_TickTaskStkSize  os_cfg_app.o
    0x0800e9e4   0x0800e9e4   0x00000002   Data   RO          215    .rodata.OSCfg_TickWheelSize  os_cfg_app.o
    0x0800e9e6   0x0800e9e6   0x00000001   Data   RO          217    .rodata.OSCfg_TmrTaskPrio  os_cfg_app.o
    0x0800e9e7   0x0800e9e7   0x00000001   PAD
    0x0800e9e8   0x0800e9e8   0x00000004   Data   RO          218    .rodata.OSCfg_TmrTaskRate_Hz  os_cfg_app.o
    0x0800e9ec   0x0800e9ec   0x00000004   Data   RO          220    .rodata.OSCfg_TmrTaskStkBasePtr  os_cfg_app.o
    0x0800e9f0   0x0800e9f0   0x00000004   Data   RO          221    .rodata.OSCfg_TmrTaskStkLimit  os_cfg_app.o
    0x0800e9f4   0x0800e9f4   0x00000004   Data   RO          222    .rodata.OSCfg_TmrTaskStkSize  os_cfg_app.o
    0x0800e9f8   0x0800e9f8   0x00000002   Data   RO          224    .rodata.OSCfg_TmrWheelSize  os_cfg_app.o
    0x0800e9fa   0x0800e9fa   0x00000002   PAD
    0x0800e9fc   0x0800e9fc   0x00000094   Data   RO          165    .rodata.Str_MultOvfThTbl_Int32U  lib_str.o
    0x0800ea90   0x0800ea90   0x00000010   Data   RO          641    .rodata.cst16       stm32f10x_rcc.o
    0x0800eaa0   0x0800eaa0   0x00000008   Data   RO           32    .rodata.cst8        bsp.o
    0x0800eaa8   0x0800eaa8   0x0000001e   Data   RO            9    .rodata.str1.1      app.o
    0x0800eac6   0x0800eac6   0x00000012   Data   RO          236    .rodata.str1.1      os_core.o
    0x0800ead8   0x0800ead8   0x00000006   Data   RO          246    .rodata.str1.1      os_flag.o
    0x0800eade   0x0800eade   0x00000007   Data   RO          281    .rodata.str1.1      os_mutex.o
    0x0800eae5   0x0800eae5   0x00000003   Data   RO          308    .rodata.str1.1      os_q.o
    0x0800eae8   0x0800eae8   0x00000005   Data   RO          318    .rodata.str1.1      os_sem.o
    0x0800eaed   0x0800eaed   0x00000006   Data   RO          336    .rodata.str1.1      os_task.o
    0x0800eaf3   0x0800eaf3   0x00000005   Data   RO          363    .rodata.str1.1      os_tmr.o
    0x0800eaf8   0x0800eaf8   0x00000010   Data   RO          810    Region$$Table       anon$$obj.o


    Execution Region RW_IRAM1 (Exec base: 0x20000000, Load base: 0x0800eb08, Size: 0x00009370, Max: 0x00010000, ABSOLUTE)

    Exec Addr    Load Addr    Size         Type   Attr      Idx    E Section Name        Object

    0x20000000        -       0x00000200   Zero   RW           10    .bss.AppTaskCollisionStk  app.o
    0x20000200        -       0x000000c8   Zero   RW            6    .bss.AppTaskCollisionTCB  app.o
    0x200002c8        -       0x00000200   Zero   RW            4    .bss.AppTaskStartStk  app.o
    0x200004c8        -       0x000000c8   Zero   RW            3    .bss.AppTaskStartTCB  app.o
    0x20000590        -       0x00000200   Zero   RW           12    .bss.AppTaskSuddenAccelStk  app.o
    0x20000790        -       0x000000c8   Zero   RW           11    .bss.AppTaskSuddenAccelTCB  app.o
    0x20000858        -       0x00000004   Zero   RW           31    .bss.BSP_CPU_ClkFreq_MHz  bsp.o
    0x2000085c        -       0x00000110   Zero   RW           51    .bss.BSP_IntVectTbl  bsp_int.o
    0x2000096c        -       0x00000028   Zero   RW           70    .bss.BSP_SerLock    bsp_ser.o
    0x20000994        -       0x00000001   Zero   RW           71    .bss.BSP_SerRxData  bsp_ser.o
    0x20000995   0x0800eb08   0x00000003   PAD
    0x20000998        -       0x00000028   Zero   RW           69    .bss.BSP_SerRxWait  bsp_ser.o
    0x200009c0        -       0x00000028   Zero   RW           68    .bss.BSP_SerTxWait  bsp_ser.o
    0x200009e8        -       0x00000002   Zero   RW          109    .bss.CPU_IntDisMeasCtr  cpu_core.o
    0x200009ea   0x0800eb08   0x00000002   PAD
    0x200009ec        -       0x00000004   Zero   RW          107    .bss.CPU_IntDisMeasMaxCur_cnts  cpu_core.o
    0x200009f0        -       0x00000004   Zero   RW          108    .bss.CPU_IntDisMeasMax_cnts  cpu_core.o
    0x200009f4        -       0x00000004   Zero   RW          113    .bss.CPU_IntDisMeasOvrhd_cnts  cpu_core.o
    0x200009f8        -       0x00000004   Zero   RW          111    .bss.CPU_IntDisMeasStart_cnts  cpu_core.o
    0x200009fc        -       0x00000004   Zero   RW          112    .bss.CPU_IntDisMeasStop_cnts  cpu_core.o
    0x20000a00        -       0x00000002   Zero   RW          110    .bss.CPU_IntDisNestCtr  cpu_core.o
    0x20000a02        -       0x00000010   Zero   RW          105    .bss.CPU_Name       cpu_core.o
    0x20000a12   0x0800eb08   0x00000002   PAD
    0x20000a14        -       0x00000004   Zero   RW          106    .bss.CPU_TS_TmrFreq_Hz  cpu_core.o
    0x20000a18        -       0x00006c00   Zero   RW          154    .bss.Mem_Heap       lib_mem.o
    0x20007618        -       0x00000048   Zero   RW          153    .bss.Mem_PoolHeap   lib_mem.o
    0x20007660        -       0x00000004   Zero   RW          155    .bss.Mem_PoolTbl    lib_mem.o
    0x20007664        -       0x00000200   Zero   RW          192    .bss.OSCfg_ISRStk   os_cfg_app.o
    0x20007864        -       0x00000200   Zero   RW          178    .bss.OSCfg_IdleTaskStk  os_cfg_app.o
    0x20007a64        -       0x00000140   Zero   RW          183    .bss.OSCfg_IntQ     os_cfg_app.o
    0x20007ba4        -       0x00000200   Zero   RW          187    .bss.OSCfg_IntQTaskStk  os_cfg_app.o
    0x20007da4        -       0x00000640   Zero   RW          198    .bss.OSCfg_MsgPool  os_cfg_app.o
    0x200083e4        -       0x00000200   Zero   RW          202    .bss.OSCfg_StatTaskStk  os_cfg_app.o
    0x200085e4        -       0x00000200   Zero   RW          210    .bss.OSCfg_TickTaskStk  os_cfg_app.o
    0x200087e4        -       0x00000088   Zero   RW          227    .bss.OSCfg_TickWheel  os_cfg_app.o
    0x2000886c        -       0x00000200   Zero   RW          219    .bss.OSCfg_TmrTaskStk  os_cfg_app.o
    0x20008a6c        -       0x00000088   Zero   RW          228    .bss.OSCfg_TmrWheel  os_cfg_app.o
    0x20008af4        -       0x00000004   Zero   RW          391    .bss.OSFlagDbgListPtr  os_var.o
    0x20008af8        -       0x00000002   Zero   RW          392    .bss.OSFlagQty      os_var.o
    0x20008afa   0x0800eb08   0x00000002   PAD
    0x20008afc        -       0x00000004   Zero   RW          379    .bss.OSIdleTaskCtr  os_var.o
    0x20008b00        -       0x000000c8   Zero   RW          380    .bss.OSIdleTaskTCB  os_var.o
    0x20008bc8        -       0x00000004   Zero   RW          382    .bss.OSIntDisTimeMax  os_var.o
    0x20008bcc        -       0x00000001   Zero   RW          381    .bss.OSIntNestingCtr  os_var.o
    0x20008bcd   0x0800eb08   0x00000003   PAD
    0x20008bd0        -       0x00000004   Zero   RW          384    .bss.OSIntQInPtr    os_var.o
    0x20008bd4        -       0x00000002   Zero   RW          386    .bss.OSIntQNbrEntries  os_var.o
    0x20008bd6        -       0x00000002   Zero   RW          387    .bss.OSIntQNbrEntriesMax  os_var.o
    0x20008bd8        -       0x00000004   Zero   RW          385    .bss.OSIntQOutPtr   os_var.o
    0x20008bdc        -       0x00000002   Zero   RW          388    .bss.OSIntQOvfCtr   os_var.o
    0x20008bde   0x0800eb08   0x00000002   PAD
    0x20008be0        -       0x000000c8   Zero   RW          389    .bss.OSIntQTaskTCB  os_var.o
    0x20008ca8        -       0x00000004   Zero   RW          390    .bss.OSIntQTaskTimeMax  os_var.o
    0x20008cac        -       0x00000004   Zero   RW          393    .bss.OSMemDbgListPtr  os_var.o
    0x20008cb0        -       0x00000002   Zero   RW          394    .bss.OSMemQty       os_var.o
    0x20008cb2   0x0800eb08   0x00000002   PAD
    0x20008cb4        -       0x0000000c   Zero   RW          395    .bss.OSMsgPool      os_var.o
    0x20008cc0        -       0x00000004   Zero   RW          396    .bss.OSMutexDbgListPtr  os_var.o
    0x20008cc4        -       0x00000002   Zero   RW          397    .bss.OSMutexQty     os_var.o
    0x20008cc6        -       0x00000001   Zero   RW          398    .bss.OSPrioCur      os_var.o
    0x20008cc7        -       0x00000001   Zero   RW          399    .bss.OSPrioHighRdy  os_var.o
    0x20008cc8        -       0x00000001   Zero   RW          400    .bss.OSPrioSaved    os_var.o
    0x20008cc9   0x0800eb08   0x00000003   PAD
    0x20008ccc        -       0x00000004   Zero   RW          299    .bss.OSPrioTbl      os_prio.o
    0x20008cd0        -       0x00000004   Zero   RW          401    .bss.OSQDbgListPtr  os_var.o
    0x20008cd4        -       0x00000002   Zero   RW          402    .bss.OSQQty         os_var.o
    0x20008cd6   0x0800eb08   0x00000002   PAD
    0x20008cd8        -       0x00000180   Zero   RW          403    .bss.OSRdyList      os_var.o
    0x20008e58        -       0x00000001   Zero   RW          383    .bss.OSRunning      os_var.o
    0x20008e59        -       0x00000001   Zero   RW          407    .bss.OSSchedLockNestingCtr  os_var.o
    0x20008e5a   0x0800eb08   0x00000002   PAD
    0x20008e5c        -       0x00000004   Zero   RW          404    .bss.OSSchedLockTimeBegin  os_var.o
    0x20008e60        -       0x00000004   Zero   RW          405    .bss.OSSchedLockTimeMax  os_var.o
    0x20008e64        -       0x00000004   Zero   RW          406    .bss.OSSchedLockTimeMaxCur  os_var.o
    0x20008e68        -       0x00000004   Zero   RW          408    .bss.OSSchedRoundRobinDfltTimeQuanta  os_var.o
    0x20008e6c        -       0x00000001   Zero   RW          409    .bss.OSSchedRoundRobinEn  os_var.o
    0x20008e6d   0x0800eb08   0x00000003   PAD
    0x20008e70        -       0x00000004   Zero   RW          410    .bss.OSSemDbgListPtr  os_var.o
    0x20008e74        -       0x00000002   Zero   RW          411    .bss.OSSemQty       os_var.o
    0x20008e76        -       0x00000001   Zero   RW          412    .bss.OSStatResetFlag  os_var.o
    0x20008e77   0x0800eb08   0x00000001   PAD
    0x20008e78        -       0x00000002   Zero   RW          413    .bss.OSStatTaskCPUUsage  os_var.o
    0x20008e7a        -       0x00000002   Zero   RW          414    .bss.OSStatTaskCPUUsageMax  os_var.o
    0x20008e7c        -       0x00000004   Zero   RW          415    .bss.OSStatTaskCtr  os_var.o
    0x20008e80        -       0x00000004   Zero   RW          416    .bss.OSStatTaskCtrMax  os_var.o
    0x20008e84        -       0x00000004   Zero   RW          417    .bss.OSStatTaskCtrRun  os_var.o
    0x20008e88        -       0x00000001   Zero   RW          418    .bss.OSStatTaskRdy  os_var.o
    0x20008e89   0x0800eb08   0x00000003   PAD
    0x20008e8c        -       0x000000c8   Zero   RW          419    .bss.OSStatTaskTCB  os_var.o
    0x20008f54        -       0x00000004   Zero   RW          420    .bss.OSStatTaskTimeMax  os_var.o
    0x20008f58        -       0x00000004   Zero   RW          435    .bss.OSTCBCurPtr    os_var.o
    0x20008f5c        -       0x00000004   Zero   RW          436    .bss.OSTCBHighRdyPtr  os_var.o
    0x20008f60        -       0x00000004   Zero   RW          421    .bss.OSTaskCtxSwCtr  os_var.o
    0x20008f64        -       0x00000004   Zero   RW          422    .bss.OSTaskDbgListPtr  os_var.o
    0x20008f68        -       0x00000002   Zero   RW          423    .bss.OSTaskQty      os_var.o
    0x20008f6a        -       0x00000001   Zero   RW          424    .bss.OSTaskRegNextAvailID  os_var.o
    0x20008f6b   0x0800eb08   0x00000001   PAD
    0x20008f6c        -       0x00000004   Zero   RW          425    .bss.OSTickCtr      os_var.o
    0x20008f70        -       0x000000c8   Zero   RW          426    .bss.OSTickTaskTCB  os_var.o
    0x20009038        -       0x00000004   Zero   RW          427    .bss.OSTickTaskTimeMax  os_var.o
    0x2000903c        -       0x00000004   Zero   RW          428    .bss.OSTmrDbgListPtr  os_var.o
    0x20009040        -       0x00000002   Zero   RW          429    .bss.OSTmrQty       os_var.o
    0x20009042   0x0800eb08   0x00000002   PAD
    0x20009044        -       0x000000c8   Zero   RW          430    .bss.OSTmrTaskTCB   os_var.o
    0x2000910c        -       0x00000004   Zero   RW          431    .bss.OSTmrTaskTimeMax  os_var.o
    0x20009110        -       0x00000004   Zero   RW          432    .bss.OSTmrTickCtr   os_var.o
    0x20009114        -       0x00000004   Zero   RW          433    .bss.OSTmrUpdateCnt  os_var.o
    0x20009118        -       0x00000004   Zero   RW          434    .bss.OSTmrUpdateCtr  os_var.o
    0x2000911c        -       0x00000004   Zero   RW          375    .bss.OS_AppIdleTaskHookPtr  os_var.o
    0x20009120        -       0x00000004   Zero   RW          376    .bss.OS_AppStatTaskHookPtr  os_var.o
    0x20009124        -       0x00000004   Zero   RW          372    .bss.OS_AppTaskCreateHookPtr  os_var.o
    0x20009128        -       0x00000004   Zero   RW          373    .bss.OS_AppTaskDelHookPtr  os_var.o
    0x2000912c        -       0x00000004   Zero   RW          374    .bss.OS_AppTaskReturnHookPtr  os_var.o
    0x20009130        -       0x00000004   Zero   RW          377    .bss.OS_AppTaskSwHookPtr  os_var.o
    0x20009134        -       0x00000004   Zero   RW          378    .bss.OS_AppTimeTickHookPtr  os_var.o
    0x20009138        -       0x00000004   Zero   RW          525    .bss.OS_CPU_ExceptStkBase  os_cpu_c.o
    0x2000913c        -       0x00000030   Zero   RW            7    .bss.SuddenAccelMsgQ  app.o
    0x2000916c        -       0x00000001   Zero   RW            5    .bss.flag           app.o
    0x2000916d   0x0800eb08   0x00000003   PAD
    0x20009170        -       0x00000200   Zero   RW           94    STACK               cstartup.o


==============================================================================

Image component sizes


      Code (inc. data)   RO Data    RW Data    ZI Data      Debug   Object Name

      1056        212         30          0       2185      10937   app.o
       536          0          8          0          4       3738   bsp.o
      3368          0          0          0        272      14531   bsp_int.o
       194          0          0          0          0       9354   bsp_os.o
       528        282          0          0          0       1563   bsp_periph.o
      1204         44          0          0        121       8247   bsp_ser.o
        52          0          0          0          0        432   cpu_a.o
      1370         64          0          0          0       5188   cpu_c.o
      1542          0        256          0         44       9023   cpu_core.o
        24          6        336          0        512        768   cstartup.o
       382          0          0          0          0       3372   lib_ascii.o
      3002          0          0          0      27724      17701   lib_mem.o
       544          0          0          0          0        580   lib_mem_a.o
      2736          0        148          0          0      16881   lib_str.o
      1394          0          0          0          0       9579   mpu6050.o
         2          0        103          0       5264       6168   os_cfg_app.o
      5004         20         18          0          0      28334   os_core.o
       132         32          0          0          0        476   os_cpu_a.o
       482          0          0          0          4       5743   os_cpu_c.o
         2          0          0          0          0       7346   os_dbg.o
      2600         20          6          0          0      15578   os_flag.o
      1128         28          0          0          0      10933   os_int.o
       494          0          0          0          0       7827   os_mem.o
       496          0          0          0          0       7551   os_msg.o
      2458          4          7          0          0      13708   os_mutex.o
       138          0          0          0          4       1565   os_prio.o
      2206          4          3          0          0      14548   os_q.o
      1930          4          5          0          0      14317   os_sem.o
      1576         20          0          0          0      10694   os_stat.o
      5808         24          6          0          0      22119   os_task.o
      1170         28          0          0          0      11688   os_tick.o
      1114         20          0          0          0      11376   os_time.o
      2310         40          5          0          0      15502   os_tmr.o
         0          0          0          0       1574       7408   os_var.o
       256          0          0          0          0       2517   stm32f10x_exti.o
      4382          0          0          0          0      15497   stm32f10x_flash.o
       574          0         28          0          0       5373   stm32f10x_gpio.o
       806          0          0          0          0       8033   stm32f10x_i2c.o
      1132          4         16          0          0       9570   stm32f10x_rcc.o
       798          0          0          0          0       7335   stm32f10x_usart.o
       464          0          0          0          0       3066   usr_init.o

    ----------------------------------------------------------------------
     55436        856       1000          0      37744     376166   Object Totals
         0          0         16          0          0          0   (incl. Generated)
        42          0          9          0         36          0   (incl. Padding)

    ----------------------------------------------------------------------

      Code (inc. data)   RO Data    RW Data    ZI Data      Debug   Library Member Name

         0          0          0          0          0          0   entry.o
         0          0          0          0          0          0   entry10a.o
         0          0          0          0          0          0   entry11a.o
         8          4          0          0          0          0   entry2.o
         4          0          0          0          0          0   entry5.o
         0          0          0          0          0          0   entry7b.o
         0          0          0          0          0          0   entry8b.o
         8          4          0          0          0          0   entry9a.o
        30          0          0          0          0          0   handlers.o
        36          8          0          0          0         68   init.o
         0          0          0          0          0          0   iusefp.o
        30          0          0          0          0         68   llshl.o
        36          0          0          0          0         68   llsshr.o
        32          0          0          0          0         68   llushr.o
        36          0          0          0          0        108   memseta.o
      2300         86          0          0          0        516   printfa.o
        44          0          0          0          0         80   uidiv.o
        98          0          0          0          0         92   uldiv.o
        48          0          0          0          0         68   cdrcmple.o
       334          0          0          0          0        148   dadd.o
       222          0          0          0          0        100   ddiv.o
       186          0          0          0          0        176   depilogue.o
        48          0          0          0          0         68   dfixul.o
       228          0          0          0          0         96   dmul.o

    ----------------------------------------------------------------------
      3732        102          0          0          0       1724   Library Totals
         4          0          0          0          0          0   (incl. Padding)

    ----------------------------------------------------------------------

      Code (inc. data)   RO Data    RW Data    ZI Data      Debug   Library Name

      2662        102          0          0          0       1068   mc_w.l
      1066          0          0          0          0        656   mf_w.l

    ----------------------------------------------------------------------
      3732        102          0          0          0       1724   Library Totals

    ----------------------------------------------------------------------

==============================================================================


      Code (inc. data)   RO Data    RW Data    ZI Data      Debug   

     59168        958       1000          0      37744     376458   Grand Totals
     59168        958       1000          0      37744     376458   ELF Image Totals
     59168        958       1000          0          0          0   ROM Totals

==============================================================================

    Total RO  Size (Code + RO Data)                60168 (  58.76kB)
    Total RW  Size (RW Data + ZI Data)             37744 (  36.86kB)
    Total ROM Size (Code + RO Data + RW Data)      60168 (  58.76kB)

==============================================================================

