Component: Arm Compiler for Embedded 6.19 Tool: armlink [5e73cb00]

==============================================================================

Section Cross References

    app.o(.text) refers to bsp_int.o(.text) for BSP_IntDisAll
    app.o(.text) refers to os_core.o(.text) for OSInit
    app.o(.text) refers to app.o(.bss.AppTaskStartStk) for AppTaskStartStk
    app.o(.text) refers to app.o(.bss.AppTaskStartTCB) for AppTaskStartTCB
    app.o(.text) refers to os_task.o(.text) for OSTaskCreate
    app.o(.text) refers to bsp.o(.text) for BSP_Init
    app.o(.text) refers to cpu_core.o(.text) for CPU_Init
    app.o(.text) refers to os_cfg_app.o(.rodata.OSCfg_TickRate_Hz) for OSCfg_TickRate_Hz
    app.o(.text) refers to os_cpu_c.o(.text) for OS_CPU_SysTickInit
    app.o(.text) refers to lib_mem.o(.text) for Mem_Init
    app.o(.text) refers to os_stat.o(.text) for OSStatTaskCPUUsageInit
    app.o(.text) refers to bsp_ser.o(.text) for BSP_Ser_Init
    app.o(.text) refers to usr_init.o(.text) for Initialize_MPU6050
    app.o(.text) refers to app.o(.bss.AppTaskCollisionStk) for AppTaskCollisionStk
    app.o(.text) refers to app.o(.bss.AppTaskCollisionTCB) for AppTaskCollisionTCB
    app.o(.text) refers to app.o(.bss.SuddenAccelMsgQ) for SuddenAccelMsgQ
    app.o(.text) refers to os_q.o(.text) for OSQCreate
    app.o(.text) refers to os_time.o(.text) for OSTimeDlyHMSM
    app.o(.text) refers to stm32f10x_exti.o(.text) for EXTI_GetITStatus
    app.o(.ARM.exidx) refers to app.o(.text) for [Anonymous Symbol]
    os_app_hooks.o(.text) refers to cpu_a.o(.text) for CPU_SR_Save
    os_app_hooks.o(.text) refers to cpu_core.o(.text) for CPU_IntDisMeasStart
    os_app_hooks.o(.text) refers to os_var.o(.bss.OS_AppTaskCreateHookPtr) for OS_AppTaskCreateHookPtr
    os_app_hooks.o(.text) refers to os_var.o(.bss.OS_AppTaskDelHookPtr) for OS_AppTaskDelHookPtr
    os_app_hooks.o(.text) refers to os_var.o(.bss.OS_AppTaskReturnHookPtr) for OS_AppTaskReturnHookPtr
    os_app_hooks.o(.text) refers to os_var.o(.bss.OS_AppIdleTaskHookPtr) for OS_AppIdleTaskHookPtr
    os_app_hooks.o(.text) refers to os_var.o(.bss.OS_AppStatTaskHookPtr) for OS_AppStatTaskHookPtr
    os_app_hooks.o(.text) refers to os_var.o(.bss.OS_AppTaskSwHookPtr) for OS_AppTaskSwHookPtr
    os_app_hooks.o(.text) refers to os_var.o(.bss.OS_AppTimeTickHookPtr) for OS_AppTimeTickHookPtr
    os_app_hooks.o(.ARM.exidx) refers to os_app_hooks.o(.text) for [Anonymous Symbol]
    bsp.o(.text) refers to bsp_int.o(.text) for BSP_IntInit
    bsp.o(.text) refers to stm32f10x_rcc.o(.text) for RCC_DeInit
    bsp.o(.text) refers to stm32f10x_flash.o(.text) for FLASH_SetLatency
    bsp.o(.text) refers to bsp.o(.bss.BSP_CPU_ClkFreq_MHz) for BSP_CPU_ClkFreq_MHz
    bsp.o(.text) refers to stm32f10x_gpio.o(.text) for GPIO_Init
    bsp.o(.text) refers to bsp.o(.rodata.cst8) for .Lswitch.table.BSP_LED_Off
    bsp.o(.text) refers to cpu_core.o(.text) for CPU_TS_TmrFreqSet
    bsp.o(.ARM.exidx) refers to bsp.o(.text) for [Anonymous Symbol]
    bsp_i2c.o(.text) refers to bsp_i2c.o(.bss.BSP_I2C_DevTbl) for BSP_I2C_DevTbl
    bsp_i2c.o(.text) refers to bsp_periph.o(.text) for BSP_PeriphEn
    bsp_i2c.o(.text) refers to stm32f10x_gpio.o(.text) for GPIO_Init
    bsp_i2c.o(.text) refers to bsp_os.o(.text) for BSP_OS_SemCreate
    bsp_i2c.o(.text) refers to stm32f10x_rcc.o(.text) for RCC_GetClocksFreq
    bsp_i2c.o(.text) refers to bsp_int.o(.text) for BSP_IntVectSet
    bsp_i2c.o(.ARM.exidx) refers to bsp_i2c.o(.text) for [Anonymous Symbol]
    bsp_int.o(.text) refers to cpu_c.o(.text) for CPU_IntSrcDis
    bsp_int.o(.text) refers to cpu_a.o(.text) for CPU_IntDis
    bsp_int.o(.text) refers to cpu_core.o(.text) for CPU_IntDisMeasStart
    bsp_int.o(.text) refers to bsp_int.o(.bss.BSP_IntVectTbl) for BSP_IntVectTbl
    bsp_int.o(.text) refers to os_core.o(.text) for OSIntEnter
    bsp_int.o(.ARM.exidx) refers to bsp_int.o(.text) for [Anonymous Symbol]
    bsp_periph.o(.text) refers to bsp.o(.text) for BSP_CPU_ClkFreq
    bsp_periph.o(.ARM.exidx) refers to bsp_periph.o(.text) for [Anonymous Symbol]
    bsp_ser.o(.text) refers to bsp_ser.o(.bss.BSP_SerTxWait) for BSP_SerTxWait
    bsp_ser.o(.text) refers to bsp_os.o(.text) for BSP_OS_SemCreate
    bsp_ser.o(.text) refers to bsp_ser.o(.bss.BSP_SerRxWait) for BSP_SerRxWait
    bsp_ser.o(.text) refers to bsp_ser.o(.bss.BSP_SerLock) for BSP_SerLock
    bsp_ser.o(.text) refers to bsp_periph.o(.text) for BSP_PeriphEn
    bsp_ser.o(.text) refers to stm32f10x_gpio.o(.text) for GPIO_PinRemapConfig
    bsp_ser.o(.text) refers to stm32f10x_usart.o(.text) for USART_Init
    bsp_ser.o(.text) refers to bsp_int.o(.text) for BSP_IntVectSet
    bsp_ser.o(.text) refers to bsp_ser.o(.bss.BSP_SerRxData) for BSP_SerRxData
    bsp_ser.o(.text) refers to printfa.o(i.__0vsnprintf) for vsnprintf
    bsp_ser.o(.text) refers to lib_ascii.o(.text) for ASCII_IsPrint
    bsp_ser.o(.ARM.exidx) refers to bsp_ser.o(.text) for [Anonymous Symbol]
[...]
    BSP_IntHandlerDMA2_CH1                   0x080010ad   Thumb Code    52  bsp_int.o(.text)
    BSP_IntHandlerDMA2_CH2                   0x080010e1   Thumb Code    52  bsp_int.o(.text)
    BSP_IntHandlerDMA2_CH3                   0x08001115   Thumb Code    52  bsp_int.o(.text)
    BSP_IntHandlerDMA2_CH4                   0x08001149   Thumb Code    52  bsp_int.o(.text)
    BSP_IntHandlerDMA2_CH5                   0x0800117d   Thumb Code    52  bsp_int.o(.text)
    BSP_IntHandlerETH                        0x080011b1   Thumb Code    52  bsp_int.o(.text)
    BSP_IntHandlerETHWakeup                  0x080011e5   Thumb Code    52  bsp_int.o(.text)
    BSP_IntHandlerCAN2_TX                    0x08001219   Thumb Code    52  bsp_int.o(.text)
    BSP_IntHandlerCAN2_RX0                   0x0800124d   Thumb Code    52  bsp_int.o(.text)
    BSP_IntHandlerCAN2_RX1                   0x08001281   Thumb Code    52  bsp_int.o(.text)
    BSP_IntHandlerCAN2_SCE                   0x080012b5   Thumb Code    52  bsp_int.o(.text)
    BSP_IntHandlerOTG                        0x080012e9   Thumb Code    52  bsp_int.o(.text)
    BSP_PeriphClkFreqGet                     0x0800131d   Thumb Code   172  bsp_periph.o(.text)
    BSP_PeriphEn                             0x080013c9   Thumb Code   174  bsp_periph.o(.text)
    BSP_PeriphDis                            0x08001479   Thumb Code   180  bsp_periph.o(.text)
    BSP_Ser_Init                             0x0800152d   Thumb Code   280  bsp_ser.o(.text)
    BSP_Ser_Printf                           0x080016e1   Thumb Code    46  bsp_ser.o(.text)
    BSP_Ser_WrStr                            0x08001711   Thumb Code   176  bsp_ser.o(.text)
    BSP_Ser_RdByte                           0x080017c1   Thumb Code    84  bsp_ser.o(.text)
    BSP_Ser_RdStr                            0x08001815   Thumb Code   374  bsp_ser.o(.text)
    BSP_Ser_WrByte                           0x0800198d   Thumb Code    84  bsp_ser.o(.text)
    BSP_OS_SemCreate                         0x080019e1   Thumb Code    32  bsp_os.o(.text)
    BSP_OS_SemWait                           0x08001a01   Thumb Code    54  bsp_os.o(.text)
    BSP_OS_SemPost                           0x08001a39   Thumb Code    28  bsp_os.o(.text)
    BSP_OS_TimeDlyMs                         0x08001a55   Thumb Code    78  bsp_os.o(.text)
    Reset_Handler                            0x08001aa5   Thumb Code     4  cstartup.o(.text)
    App_NMI_ISR                              0x08001aa9   Thumb Code     2  cstartup.o(.text)
    App_Fault_ISR                            0x08001aab   Thumb Code     2  cstartup.o(.text)
    App_MemFault_ISR                         0x08001aad   Thumb Code     2  cstartup.o(.text)
    App_BusFault_ISR                         0x08001aaf   Thumb Code     2  cstartup.o(.text)
    App_UsageFault_ISR                       0x08001ab1   Thumb Code     2  cstartup.o(.text)
    App_Spurious_ISR                         0x08001ab3   Thumb Code     2  cstartup.o(.text)
    App_Reserved_ISR                         0x08001ab5   Thumb Code     2  cstartup.o(.text)
    CPU_Init                                 0x08001abd   Thumb Code   204  cpu_core.o(.text)
    CPU_SW_Exception                         0x08001b89   Thumb Code     2  cpu_core.o(.text)
    CPU_NameClr                              0x08001b8d   Thumb Code   150  cpu_core.o(.text)
    CPU_IntDisMeasStart                      0x08001c25   Thumb Code    50  cpu_core.o(.text)
    CPU_IntDisMeasStop                       0x08001c59   Thumb Code    82  cpu_core.o(.text)
    CPU_NameGet                              0x08001cad   Thumb Code   178  cpu_core.o(.text)
    CPU_NameSet                              0x08001d61   Thumb Code   196  cpu_core.o(.text)
    CPU_TS_Get32                             0x08001e25   Thumb Code     4  cpu_core.o(.text)
    CPU_TS_Update                            0x08001e29   Thumb Code     2  cpu_core.o(.text)
    CPU_TS_TmrFreqGet                        0x08001e2d   Thumb Code    30  cpu_core.o(.text)
    CPU_TS_TmrFreqSet                        0x08001e4d   Thumb Code    12  cpu_core.o(.text)
    CPU_IntDisMeasMaxCurReset                0x08001e59   Thumb Code    52  cpu_core.o(.text)
    CPU_IntDisMeasMaxCurGet                  0x08001e8d   Thumb Code    38  cpu_core.o(.text)
    CPU_IntDisMeasMaxGet                     0x08001eb5   Thumb Code    38  cpu_core.o(.text)
    CPU_CntLeadZeros08                       0x08001edd   Thumb Code    10  cpu_core.o(.text)
    CPU_CntLeadZeros16                       0x08001ee9   Thumb Code    10  cpu_core.o(.text)
    CPU_CntLeadZeros32                       0x08001ef5   Thumb Code     4  cpu_core.o(.text)
    CPU_CntLeadZeros64                       0x08001ef9   Thumb Code   184  cpu_core.o(.text)
    CPU_CntTrailZeros08                      0x08001fb1   Thumb Code    12  cpu_core.o(.text)
    CPU_CntTrailZeros16                      0x08001fbd   Thumb Code    12  cpu_core.o(.text)
    CPU_CntTrailZeros32                      0x08001fc9   Thumb Code    12  cpu_core.o(.text)
    CPU_CntTrailZeros64                      0x08001fd5   Thumb Code   238  cpu_core.o(.text)
    CPU_IntDis                               0x080020c5   Thumb Code     0  cpu_a.o(.text)
    CPU_IntEn                                0x080020c9   Thumb Code     0  cpu_a.o(.text)
    CPU_SR_Save                              0x080020cd   Thumb Code     0  cpu_a.o(.text)
    CPU_SR_Restore                           0x080020d5   Thumb Code     0  cpu_a.o(.text)
    CPU_WaitForInt                           0x080020db   Thumb Code     0  cpu_a.o(.text)
    CPU_WaitForExcept                        0x080020df   Thumb Code     0  cpu_a.o(.text)
    CPU_CntLeadZeros                         0x080020e3   Thumb Code     0  cpu_a.o(.text)
    CPU_CntTrailZeros                        0x080020e9   Thumb Code     0  cpu_a.o(.text)
    CPU_RevBits                              0x080020f3   Thumb Code     0  cpu_a.o(.text)
    CPU_BitBandClr                           0x080020f9   Thumb Code    42  cpu_c.o(.text)
    CPU_BitBandSet                           0x08002125   Thumb Code    42  cpu_c.o(.text)
    CPU_IntSrcDis                            0x08002151   Thumb Code   246  cpu_c.o(.text)
    CPU_IntSrcEn                             0x08002249   Thumb Code   246  cpu_c.o(.text)
    CPU_IntSrcPendClr                        0x08002341   Thumb Code    92  cpu_c.o(.text)
    CPU_IntSrcPrioSet                        0x0800239d   Thumb Code   356  cpu_c.o(.text)
    CPU_IntSrcPrioGet                        0x08002501   Thumb Code   338  cpu_c.o(.text)
    ASCII_IsAlpha                            0x08002655   Thumb Code    18  lib_ascii.o(.text)
    ASCII_IsAlphaNum                         0x08002669   Thumb Code    34  lib_ascii.o(.text)
    ASCII_IsLower                            0x0800268d   Thumb Code    14  lib_ascii.o(.text)
    ASCII_IsUpper                            0x0800269d   Thumb Code    14  lib_ascii.o(.text)
    ASCII_IsDig                              0x080026ad   Thumb Code    14  lib_ascii.o(.text)
    ASCII_IsDigOct                           0x080026bd   Thumb Code    14  lib_ascii.o(.text)
    ASCII_IsDigHex                           0x080026cd   Thumb Code    34  lib_ascii.o(.text)
    ASCII_IsBlank                            0x080026f1   Thumb Code    22  lib_ascii.o(.text)
    ASCII_IsSpace                            0x08002709   Thumb Code    26  lib_ascii.o(.text)
    ASCII_IsPrint                            0x08002725   Thumb Code    14  lib_ascii.o(.text)
    ASCII_IsGraph                            0x08002735   Thumb Code    14  lib_ascii.o(.text)
    ASCII_IsPunct                            0x08002745   Thumb Code    42  lib_ascii.o(.text)
    ASCII_IsCtrl                             0x08002771   Thumb Code    26  lib_ascii.o(.text)
    ASCII_ToLower                            0x0800278d   Thumb Code    16  lib_ascii.o(.text)
    ASCII_ToUpper                            0x0800279d   Thumb Code    16  lib_ascii.o(.text)
    ASCII_Cmp                                0x080027ad   Thumb Code    38  lib_ascii.o(.text)
    Mem_Init                                 0x080027d5   Thumb Code    74  lib_mem.o(.text)
    Mem_Clr                                  0x08002821   Thumb Code    86  lib_mem.o(.text)
    Mem_Set                                  0x08002879   Thumb Code   112  lib_mem.o(.text)
    Mem_Move                                 0x080028e9   Thumb Code   154  lib_mem.o(.text)
    Mem_Cmp                                  0x08002985   Thumb Code   188  lib_mem.o(.text)
    Mem_HeapAlloc                            0x08002a41   Thumb Code   212  lib_mem.o(.text)
    Mem_HeapGetSizeRem                       0x08002be5   Thumb Code    16  lib_mem.o(.text)
    Mem_SegGetSizeRem                        0x08002bf5   Thumb Code   172  lib_mem.o(.text)
    Mem_PoolClr                              0x08002ca1   Thumb Code    52  lib_mem.o(.text)
    Mem_PoolCreate                           0x08002cd5   Thumb Code   872  lib_mem.o(.text)
    Mem_PoolBlkGetNbrAvail                   0x0800303d   Thumb Code    82  lib_mem.o(.text)
    Mem_PoolBlkGet                           0x08003091   Thumb Code   142  lib_mem.o(.text)
    Mem_PoolBlkGetUsedAtIx                   0x08003121   Thumb Code   122  lib_mem.o(.text)
    Mem_PoolBlkFree                          0x0800319d   Thumb Code   248  lib_mem.o(.text)
    Mem_PoolBlkIxGet                         0x08003295   Thumb Code   250  lib_mem.o(.text)
    Str_Len                                  0x08003391   Thumb Code    38  lib_str.o(.text)
    Str_Len_N                                0x080033b9   Thumb Code    56  lib_str.o(.text)
    Str_Copy                                 0x080033f1   Thumb Code    82  lib_str.o(.text)
    Str_Copy_N                               0x08003445   Thumb Code   106  lib_str.o(.text)
    Str_Cat                                  0x080034b1   Thumb Code    82  lib_str.o(.text)
    Str_Cat_N                                0x08003505   Thumb Code    90  lib_str.o(.text)
    Str_Cmp                                  0x08003561   Thumb Code   118  lib_str.o(.text)
    Str_Cmp_N                                0x080035d9   Thumb Code   112  lib_str.o(.text)
    Str_CmpIgnoreCase                        0x08003649   Thumb Code     8  lib_str.o(.text)
    Str_CmpIgnoreCase_N                      0x08003651   Thumb Code   176  lib_str.o(.text)
    Str_Char                                 0x08003701   Thumb Code    98  lib_str.o(.text)
    Str_Char_N                               0x08003765   Thumb Code   120  lib_str.o(.text)
    Str_Char_Last                            0x080037dd   Thumb Code    76  lib_str.o(.text)
    Str_Char_Last_N                          0x08003829   Thumb Code   108  lib_str.o(.text)
    Str_Char_Replace                         0x08003895   Thumb Code    60  lib_str.o(.text)
    Str_Char_Replace_N                       0x080038d1   Thumb Code    68  lib_str.o(.text)
    Str_Str                                  0x08003915   Thumb Code     8  lib_str.o(.text)
    Str_Str_N                                0x0800391d   Thumb Code   280  lib_str.o(.text)
    Str_FmtNbr_Int32U                        0x08003a35   Thumb Code    26  lib_str.o(.text)
    Str_FmtNbr_Int32S                        0x08003c21   Thumb Code    42  lib_str.o(.text)
    Str_ParseNbr_Int32U                      0x08003c4d   Thumb Code    22  lib_str.o(.text)
    Str_ParseNbr_Int32S                      0x08003e09   Thumb Code    56  lib_str.o(.text)
    Mem_Copy                                 0x08003e41   Thumb Code     0  lib_mem_a.o(.text)
    OSCfg_Init                               0x08004061   Thumb Code     2  os_cfg_app.o(.text)
    OSInit                                   0x08004065   Thumb Code   442  os_core.o(.text)
    OS_RdyListInit                           0x08004221   Thumb Code    34  os_core.o(.text)
    OS_IdleTaskInit                          0x08004245   Thumb Code   104  os_core.o(.text)
    OSIntEnter                               0x080042c1   Thumb Code    36  os_core.o(.text)
    OSIntExit                                0x080042e5   Thumb Code   158  os_core.o(.text)
    OSSched                                  0x08004385   Thumb Code   136  os_core.o(.text)
    OSSchedLock                              0x0800440d   Thumb Code   116  os_core.o(.text)
    OS_SchedLockTimeMeasStart                0x08004481   Thumb Code    34  os_core.o(.text)
    OSSchedUnlock                            0x080044a5   Thumb Code   274  os_core.o(.text)
    OS_SchedLockTimeMeasStop                 0x080045b9   Thumb Code    68  os_core.o(.text)
    OSSchedRoundRobinCfg                     0x080045fd   Thumb Code    94  os_core.o(.text)
    OSSchedRoundRobinYield                   0x0800465d   Thumb Code   328  os_core.o(.text)
    OS_RdyListMoveHeadToTail                 0x080047a5   Thumb Code    56  os_core.o(.text)
    OSStart                                  0x080047dd   Thumb Code   100  os_core.o(.text)
    OSVersion                                0x08004841   Thumb Code    12  os_core.o(.text)
    OS_IdleTask                              0x0800484d   Thumb Code    54  os_core.o(.text)
    OS_Pend                                  0x08004885   Thumb Code   226  os_core.o(.text)
    OS_TaskBlock                             0x08004969   Thumb Code   132  os_core.o(.text)
    OS_PendDataInit                          0x080049ed   Thumb Code    52  os_core.o(.text)
    OS_PendListInsertPrio                    0x08004a21   Thumb Code   108  os_core.o(.text)
    OS_PendDbgNameAdd                        0x08004a8d   Thumb Code    66  os_core.o(.text)
    OS_PendAbort                             0x08004ad1   Thumb Code   312  os_core.o(.text)
    OS_PendAbort1                            0x08004c09   Thumb Code    46  os_core.o(.text)
    OS_PendListRemove                        0x08004c39   Thumb Code    90  os_core.o(.text)
    OS_TaskRdy                               0x08004c95   Thumb Code   148  os_core.o(.text)
    OS_PendDbgNameRemove                     0x08004d29   Thumb Code    24  os_core.o(.text)
    OS_PendListChangePrio                    0x08004d41   Thumb Code   194  os_core.o(.text)
    OS_PendListRemove1                       0x08004e05   Thumb Code    76  os_core.o(.text)
    OS_PendListInit                          0x08004e51   Thumb Code    10  os_core.o(.text)
    OS_PendListInsertHead                    0x08004e5d   Thumb Code    36  os_core.o(.text)
    OS_PendObjDel                            0x08004e81   Thumb Code   296  os_core.o(.text)
    OS_PendObjDel1                           0x08004fa9   Thumb Code    46  os_core.o(.text)
    OS_Post                                  0x08004fd9   Thumb Code   402  os_core.o(.text)
    OS_Post1                                 0x0800516d   Thumb Code    60  os_core.o(.text)
    OS_RdyListInsert                         0x080051a9   Thumb Code   152  os_core.o(.text)
    OS_RdyListInsertTail                     0x08005241   Thumb Code    66  os_core.o(.text)
    OS_RdyListInsertHead                     0x08005285   Thumb Code    64  os_core.o(.text)
    OS_RdyListRemove                         0x080052c5   Thumb Code    90  os_core.o(.text)
    OS_Sched0                                0x08005321   Thumb Code    86  os_core.o(.text)
    OS_SchedRoundRobin                       0x08005379   Thumb Code   120  os_core.o(.text)
    OSFlagCreate                             0x080053f1   Thumb Code   210  os_flag.o(.text)
    OS_FlagDbgListAdd                        0x080054c5   Thumb Code    38  os_flag.o(.text)
    OSFlagDel                                0x080054ed   Thumb Code   554  os_flag.o(.text)
    OS_FlagDbgListRemove                     0x08005719   Thumb Code    54  os_flag.o(.text)
    OS_FlagClr                               0x08005751   Thumb Code    34  os_flag.o(.text)
    OSFlagPend                               0x08005775   Thumb Code   614  os_flag.o(.text)
    OS_FlagBlock                             0x080059dd   Thumb Code    44  os_flag.o(.text)
    OSFlagPendAbort                          0x08005a09   Thumb Code   264  os_flag.o(.text)
    OSFlagPendGetFlagsRdy                    0x08005b11   Thumb Code    66  os_flag.o(.text)
    OSFlagPost                               0x08005b55   Thumb Code   130  os_flag.o(.text)
    OS_FlagPost                              0x08005bd9   Thumb Code   492  os_flag.o(.text)
    OS_FlagInit                              0x08005dc5   Thumb Code    26  os_flag.o(.text)
    OS_FlagTaskRdy                           0x08005de1   Thumb Code    56  os_flag.o(.text)
    OS_IntQPost                              0x08005e19   Thumb Code   216  os_int.o(.text)
    OS_IntQRePost                            0x08005ef1   Thumb Code   434  os_int.o(.text)
    OS_IntQTask                              0x080060a5   Thumb Code   164  os_int.o(.text)
    OS_IntQTaskInit                          0x08006149   Thumb Code   284  os_int.o(.text)
    OSMemCreate                              0x08006281   Thumb Code   286  os_mem.o(.text)
    OS_MemDbgListAdd                         0x080063a1   Thumb Code    28  os_mem.o(.text)
    OSMemGet                                 0x080063bd   Thumb Code    70  os_mem.o(.text)
    OSMemPut                                 0x08006405   Thumb Code    78  os_mem.o(.text)
    OS_MemInit                               0x08006455   Thumb Code    26  os_mem.o(.text)
    OS_MsgPoolInit                           0x08006471   Thumb Code   136  os_msg.o(.text)
    OS_MsgQFreeAll                           0x080064f9   Thumb Code    60  os_msg.o(.text)
    OS_MsgQInit                              0x08006535   Thumb Code    14  os_msg.o(.text)
    OS_MsgQGet                               0x08006545   Thumb Code   114  os_msg.o(.text)
    OS_MsgQPut                               0x080065b9   Thumb Code   168  os_msg.o(.text)
    OSMutexCreate                            0x08006661   Thumb Code   216  os_mutex.o(.text)
    OS_MutexDbgListAdd                       0x08006739   Thumb Code    38  os_mutex.o(.text)
    OSMutexDel                               0x08006761   Thumb Code   738  os_mutex.o(.text)
    OS_MutexDbgListRemove                    0x08006a45   Thumb Code    54  os_mutex.o(.text)
    OS_MutexClr                              0x08006a7d   Thumb Code    40  os_mutex.o(.text)
    OSMutexPend                              0x08006aa5   Thumb Code   578  os_mutex.o(.text)
    OSMutexPendAbort                         0x08006ce9   Thumb Code   264  os_mutex.o(.text)
    OSMutexPost                              0x08006df1   Thumb Code   494  os_mutex.o(.text)
    OS_MutexInit                             0x08006fe1   Thumb Code    26  os_mutex.o(.text)
    OS_PrioInit                              0x08006ffd   Thumb Code    14  os_prio.o(.text)
    OS_PrioGetHighest                        0x0800700d   Thumb Code    46  os_prio.o(.text)
    OS_PrioInsert                            0x0800703d   Thumb Code    36  os_prio.o(.text)
    OS_PrioRemove                            0x08007061   Thumb Code    38  os_prio.o(.text)
    OSQCreate                                0x08007089   Thumb Code   226  os_q.o(.text)
    OS_QDbgListAdd                           0x0800716d   Thumb Code    38  os_q.o(.text)
    OSQDel                                   0x08007195   Thumb Code   408  os_q.o(.text)
    OS_QDbgListRemove                        0x0800732d   Thumb Code    54  os_q.o(.text)
    OS_QClr                                  0x08007365   Thumb Code    54  os_q.o(.text)
    OSQFlush                                 0x0800739d   Thumb Code   188  os_q.o(.text)
    OSQPend                                  0x08007459   Thumb Code   480  os_q.o(.text)
    OSQPendAbort                             0x08007639   Thumb Code   264  os_q.o(.text)
    OSQPost                                  0x08007741   Thumb Code   192  os_q.o(.text)
    OS_QPost                                 0x08007801   Thumb Code   266  os_q.o(.text)
    OS_QInit                                 0x0800790d   Thumb Code    26  os_q.o(.text)
    OSSemCreate                              0x08007929   Thumb Code   216  os_sem.o(.text)
    OS_SemDbgListAdd                         0x08007a01   Thumb Code    38  os_sem.o(.text)
    OSSemDel                                 0x08007a29   Thumb Code   418  os_sem.o(.text)
    OS_SemDbgListRemove                      0x08007bcd   Thumb Code    54  os_sem.o(.text)
    OS_SemClr                                0x08007c05   Thumb Code    36  os_sem.o(.text)
    OSSemPend                                0x08007c29   Thumb Code   408  os_sem.o(.text)
    OSSemPendAbort                           0x08007dc1   Thumb Code   264  os_sem.o(.text)
    OSSemPost                                0x08007ec9   Thumb Code   140  os_sem.o(.text)
    OS_SemPost                               0x08007f55   Thumb Code   212  os_sem.o(.text)
    OSSemSet                                 0x08008029   Thumb Code   112  os_sem.o(.text)
    OS_SemInit                               0x08008099   Thumb Code    26  os_sem.o(.text)
    OSStatReset                              0x080080b5   Thumb Code   276  os_stat.o(.text)
    OSStatTaskCPUUsageInit                   0x080081c9   Thumb Code   234  os_stat.o(.text)
    OS_StatTask                              0x080082b5   Thumb Code   848  os_stat.o(.text)
    OS_StatTaskInit                          0x08008605   Thumb Code   196  os_stat.o(.text)
    OSTaskChangePrio                         0x080086dd   Thumb Code   362  os_task.o(.text)
    OSTaskCreate                             0x08008849   Thumb Code   546  os_task.o(.text)
    OS_TaskInitTCB                           0x08008a6d   Thumb Code   150  os_task.o(.text)
    OS_TaskDbgListAdd                        0x08008b05   Thumb Code    36  os_task.o(.text)
    OSTaskDel                                0x08008b29   Thumb Code   570  os_task.o(.text)
    OS_TaskDbgListRemove                     0x08008d65   Thumb Code    58  os_task.o(.text)
    OSTaskQFlush                             0x08008da1   Thumb Code   188  os_task.o(.text)
    OSTaskQPend                              0x08008e5d   Thumb Code   438  os_task.o(.text)
    OSTaskQPendAbort                         0x08009015   Thumb Code   244  os_task.o(.text)
    OSTaskQPost                              0x08009109   Thumb Code   132  os_task.o(.text)
    OS_TaskQPost                             0x0800918d   Thumb Code   430  os_task.o(.text)
    OSTaskRegGet                             0x0800933d   Thumb Code    62  os_task.o(.text)
    OSTaskRegGetID                           0x0800937d   Thumb Code    68  os_task.o(.text)
    OSTaskRegSet                             0x080093c1   Thumb Code    64  os_task.o(.text)
    OSTaskResume                             0x08009401   Thumb Code   114  os_task.o(.text)
    OS_TaskResume                            0x08009475   Thumb Code   248  os_task.o(.text)
    OSTaskSemPend                            0x0800956d   Thumb Code   398  os_task.o(.text)
    OSTaskSemPendAbort                       0x080096fd   Thumb Code   256  os_task.o(.text)
    OSTaskSemPost                            0x080097fd   Thumb Code    96  os_task.o(.text)
    OS_TaskSemPost                           0x0800985d   Thumb Code   546  os_task.o(.text)
    OSTaskSemSet                             0x08009a81   Thumb Code    80  os_task.o(.text)
    OSTaskStkChk                             0x08009ad1   Thumb Code   168  os_task.o(.text)
    OSTaskSuspend                            0x08009b79   Thumb Code   110  os_task.o(.text)
    OS_TaskSuspend                           0x08009be9   Thumb Code   250  os_task.o(.text)
    OSTaskTimeQuantaSet                      0x08009ce5   Thumb Code    98  os_task.o(.text)
    OS_TaskInit                              0x08009d49   Thumb Code    36  os_task.o(.text)
    OS_TaskReturn                            0x08009d6d   Thumb Code    32  os_task.o(.text)
    OS_TickTask                              0x08009d8d   Thumb Code    48  os_tick.o(.text)
    OS_TickListUpdate                        0x08009dbd   Thumb Code   498  os_tick.o(.text)
    OS_TickTaskInit                          0x08009fb1   Thumb Code   192  os_tick.o(.text)
    OS_TickListInit                          0x0800a085   Thumb Code    34  os_tick.o(.text)
    OS_TickListInsert                        0x0800a0a9   Thumb Code   274  os_tick.o(.text)
    OS_TickListRemove                        0x0800a1bd   Thumb Code    60  os_tick.o(.text)
    OS_TickListResetPeak                     0x0800a1f9   Thumb Code    38  os_tick.o(.text)
    OSTimeDly                                0x0800a221   Thumb Code   252  os_time.o(.text)
    OSTimeDlyHMSM                            0x0800a31d   Thumb Code   398  os_time.o(.text)
    OSTimeDlyResume                          0x0800a4ad   Thumb Code   298  os_time.o(.text)
    OSTimeGet                                0x0800a5d9   Thumb Code    42  os_time.o(.text)
    OSTimeSet                                0x0800a605   Thumb Code    42  os_time.o(.text)
    OSTimeTick                               0x0800a631   Thumb Code    74  os_time.o(.text)
    OSTmrCreate                              0x0800a67d   Thumb Code   262  os_tmr.o(.text)
    OS_TmrDbgListAdd                         0x0800a785   Thumb Code    28  os_tmr.o(.text)
    OSTmrDel                                 0x0800a7a1   Thumb Code   298  os_tmr.o(.text)
    OS_TmrDbgListRemove                      0x0800a8cd   Thumb Code    54  os_tmr.o(.text)
    OS_TmrUnlink                             0x0800a905   Thumb Code    86  os_tmr.o(.text)
    OS_TmrClr                                0x0800a95d   Thumb Code    36  os_tmr.o(.text)
    OSTmrRemainGet                           0x0800a981   Thumb Code   152  os_tmr.o(.text)
    OSTmrStart                               0x0800aa19   Thumb Code   218  os_tmr.o(.text)
    OS_TmrLink                               0x0800aaf5   Thumb Code   194  os_tmr.o(.text)
    OSTmrStateGet                            0x0800abb9   Thumb Code    96  os_tmr.o(.text)
    OSTmrStop                                0x0800ac19   Thumb Code   286  os_tmr.o(.text)
    OS_TmrInit                               0x0800ad39   Thumb Code   252  os_tmr.o(.text)
    OS_TmrTask                               0x0800ae4d   Thumb Code   272  os_tmr.o(.text)
    OS_TmrResetPeak                          0x0800af5d   Thumb Code    38  os_tmr.o(.text)
    OS_Dbg_Init                              0x0800af85   Thumb Code     2  os_dbg.o(.text)
    OSIdleTaskHook                           0x0800af89   Thumb Code    18  os_cpu_c.o(.text)
    OSInitHook                               0x0800af9d   Thumb Code    50  os_cpu_c.o(.text)
    OSStatTaskHook                           0x0800afd1   Thumb Code    18  os_cpu_c.o(.text)
    OSTaskCreateHook                         0x0800afe5   Thumb Code    18  os_cpu_c.o(.text)
    OSTaskDelHook                            0x0800aff9   Thumb Code    18  os_cpu_c.o(.text)
    OSTaskReturnHook                         0x0800b00d   Thumb Code    18  os_cpu_c.o(.text)
    OSTaskStkInit                            0x0800b021   Thumb Code   106  os_cpu_c.o(.text)
    OSTaskSwHook                             0x0800b08d   Thumb Code   112  os_cpu_c.o(.text)
    OSTimeTickHook                           0x0800b0fd   Thumb Code    18  os_cpu_c.o(.text)
    OS_CPU_SysTickHandler                    0x0800b111   Thumb Code    48  os_cpu_c.o(.text)
    OS_CPU_SysTickInit                       0x0800b141   Thumb Code    42  os_cpu_c.o(.text)
    EXTI_DeInit                              0x0800b16d   Thumb Code    30  stm32f10x_exti.o(.text)
    EXTI_Init                                0x0800b18d   Thumb Code   114  stm32f10x_exti.o(.text)
    EXTI_StructInit                          0x0800b201   Thumb Code    14  stm32f10x_exti.o(.text)
    EXTI_GenerateSWInterrupt                 0x0800b211   Thumb Code    16  stm32f10x_exti.o(.text)
    EXTI_GetFlagStatus                       0x0800b221   Thumb Code    18  stm32f10x_exti.o(.text)
    EXTI_ClearFlag                           0x0800b235   Thumb Code    12  stm32f10x_exti.o(.text)
    EXTI_GetITStatus                         0x0800b241   Thumb Code    30  stm32f10x_exti.o(.text)
    EXTI_ClearITPendingBit                   0x0800b261   Thumb Code    12  stm32f10x_exti.o(.text)
    FLASH_SetLatency                         0x0800b26d   Thumb Code    24  stm32f10x_flash.o(.text)
    FLASH_HalfCycleAccessCmd                 0x0800b285   Thumb Code    24  stm32f10x_flash.o(.text)
    FLASH_PrefetchBufferCmd                  0x0800b29d   Thumb Code    24  stm32f10x_flash.o(.text)
    FLASH_Unlock                             0x0800b2b5   Thumb Code    30  stm32f10x_flash.o(.text)
    FLASH_Lock                               0x0800b2d5   Thumb Code    18  stm32f10x_flash.o(.text)
    FLASH_ErasePage                          0x0800b2e9   Thumb Code   330  stm32f10x_flash.o(.text)
    FLASH_WaitForLastOperation               0x0800b435   Thumb Code   142  stm32f10x_flash.o(.text)
    FLASH_EraseAllPages                      0x0800b4c5   Thumb Code   322  stm32f10x_flash.o(.text)
    FLASH_EraseOptionBytes                   0x0800b609   Thumb Code   522  stm32f10x_flash.o(.text)
    FLASH_ProgramWord                        0x0800b815   Thumb Code   468  stm32f10x_flash.o(.text)
    FLASH_ProgramHalfWord                    0x0800b9e9   Thumb Code   314  stm32f10x_flash.o(.text)
    FLASH_ProgramOptionByteData              0x0800bb25   Thumb Code   338  stm32f10x_flash.o(.text)
    FLASH_EnableWriteProtection              0x0800bc79   Thumb Code   730  stm32f10x_flash.o(.text)
    FLASH_ReadOutProtection                  0x0800bf55   Thumb Code   552  stm32f10x_flash.o(.text)
    FLASH_UserOptionByteConfig               0x0800c17d   Thumb Code   354  stm32f10x_flash.o(.text)
    FLASH_GetUserOptionByte                  0x0800c2e1   Thumb Code    14  stm32f10x_flash.o(.text)
    FLASH_GetWriteProtectionOptionByte       0x0800c2f1   Thumb Code    12  stm32f10x_flash.o(.text)
    FLASH_GetReadOutProtectionStatus         0x0800c2fd   Thumb Code    16  stm32f10x_flash.o(.text)
    FLASH_GetPrefetchBufferStatus            0x0800c30d   Thumb Code    16  stm32f10x_flash.o(.text)
    FLASH_ITConfig                           0x0800c31d   Thumb Code    24  stm32f10x_flash.o(.text)
    FLASH_GetFlagStatus                      0x0800c335   Thumb Code    30  stm32f10x_flash.o(.text)
    FLASH_ClearFlag                          0x0800c355   Thumb Code    12  stm32f10x_flash.o(.text)
    FLASH_GetStatus                          0x0800c361   Thumb Code    42  stm32f10x_flash.o(.text)
    GPIO_DeInit                              0x0800c38d   Thumb Code    52  stm32f10x_gpio.o(.text)
    GPIO_AFIODeInit                          0x0800c3c1   Thumb Code    22  stm32f10x_gpio.o(.text)
    GPIO_Init                                0x0800c3d9   Thumb Code   192  stm32f10x_gpio.o(.text)
    GPIO_StructInit                          0x0800c499   Thumb Code    12  stm32f10x_gpio.o(.text)
    GPIO_ReadInputDataBit                    0x0800c4a5   Thumb Code    10  stm32f10x_gpio.o(.text)
    GPIO_ReadInputData                       0x0800c4b1   Thumb Code     6  stm32f10x_gpio.o(.text)
    GPIO_ReadOutputDataBit                   0x0800c4b9   Thumb Code    10  stm32f10x_gpio.o(.text)
    GPIO_ReadOutputData                      0x0800c4c5   Thumb Code     6  stm32f10x_gpio.o(.text)
    GPIO_SetBits                             0x0800c4cd   Thumb Code     4  stm32f10x_gpio.o(.text)
    GPIO_ResetBits                           0x0800c4d1   Thumb Code     4  stm32f10x_gpio.o(.text)
    GPIO_WriteBit                            0x0800c4d5   Thumb Code    12  stm32f10x_gpio.o(.text)
    GPIO_Write                               0x0800c4e1   Thumb Code     4  stm32f10x_gpio.o(.text)
    GPIO_PinLockConfig                       0x0800c4e5   Thumb Code    16  stm32f10x_gpio.o(.text)
    GPIO_EventOutputConfig                   0x0800c4f5   Thumb Code    30  stm32f10x_gpio.o(.text)
    GPIO_EventOutputCmd                      0x0800c515   Thumb Code    10  stm32f10x_gpio.o(.text)
    GPIO_PinRemapConfig                      0x0800c521   Thumb Code   110  stm32f10x_gpio.o(.text)
    GPIO_EXTILineConfig                      0x0800c591   Thumb Code    46  stm32f10x_gpio.o(.text)
    GPIO_ETH_MediaInterfaceConfig            0x0800c5c1   Thumb Code    10  stm32f10x_gpio.o(.text)
    I2C_DeInit                               0x0800c5cd   Thumb Code    58  stm32f10x_i2c.o(.text)
    I2C_Init                                 0x0800c609   Thumb Code   204  stm32f10x_i2c.o(.text)
    I2C_StructInit                           0x0800c6d5   Thumb Code    26  stm32f10x_i2c.o(.text)
    I2C_Cmd                                  0x0800c6f1   Thumb Code    18  stm32f10x_i2c.o(.text)
    I2C_DMACmd                               0x0800c705   Thumb Code    20  stm32f10x_i2c.o(.text)
    I2C_DMALastTransferCmd                   0x0800c719   Thumb Code    20  stm32f10x_i2c.o(.text)
    I2C_GenerateSTART                        0x0800c72d   Thumb Code    20  stm32f10x_i2c.o(.text)
    I2C_GenerateSTOP                         0x0800c741   Thumb Code    20  stm32f10x_i2c.o(.text)
    I2C_AcknowledgeConfig                    0x0800c755   Thumb Code    20  stm32f10x_i2c.o(.text)
    I2C_OwnAddress2Config                    0x0800c769   Thumb Code    12  stm32f10x_i2c.o(.text)
    I2C_DualAddressCmd                       0x0800c775   Thumb Code    18  stm32f10x_i2c.o(.text)
    I2C_GeneralCallCmd                       0x0800c789   Thumb Code    20  stm32f10x_i2c.o(.text)
    I2C_ITConfig                             0x0800c79d   Thumb Code    16  stm32f10x_i2c.o(.text)
    I2C_SendData                             0x0800c7ad   Thumb Code     4  stm32f10x_i2c.o(.text)
    I2C_ReceiveData                          0x0800c7b1   Thumb Code     6  stm32f10x_i2c.o(.text)
    I2C_Send7bitAddress                      0x0800c7b9   Thumb Code    16  stm32f10x_i2c.o(.text)
    I2C_ReadRegister                         0x0800c7c9   Thumb Code    12  stm32f10x_i2c.o(.text)
    I2C_SoftwareResetCmd                     0x0800c7d5   Thumb Code    20  stm32f10x_i2c.o(.text)
    I2C_SMBusAlertConfig                     0x0800c7e9   Thumb Code    24  stm32f10x_i2c.o(.text)
    I2C_TransmitPEC                          0x0800c801   Thumb Code    20  stm32f10x_i2c.o(.text)
    I2C_PECPositionConfig                    0x0800c815   Thumb Code    24  stm32f10x_i2c.o(.text)
    I2C_CalculatePEC                         0x0800c82d   Thumb Code    20  stm32f10x_i2c.o(.text)
    I2C_GetPEC                               0x0800c841   Thumb Code     6  stm32f10x_i2c.o(.text)
    I2C_ARPCmd                               0x0800c849   Thumb Code    20  stm32f10x_i2c.o(.text)
    I2C_StretchClockCmd                      0x0800c85d   Thumb Code    20  stm32f10x_i2c.o(.text)
    I2C_FastModeDutyCycleConfig              0x0800c871   Thumb Code    24  stm32f10x_i2c.o(.text)
    I2C_GetLastEvent                         0x0800c889   Thumb Code    12  stm32f10x_i2c.o(.text)
    I2C_CheckEvent                           0x0800c895   Thumb Code    18  stm32f10x_i2c.o(.text)
    I2C_GetFlagStatus                        0x0800c8a9   Thumb Code    30  stm32f10x_i2c.o(.text)
    I2C_ClearFlag                            0x0800c8c9   Thumb Code     6  stm32f10x_i2c.o(.text)
    I2C_GetITStatus                          0x0800c8d1   Thumb Code    28  stm32f10x_i2c.o(.text)
    I2C_ClearITPendingBit                    0x0800c8ed   Thumb Code     6  stm32f10x_i2c.o(.text)
    RCC_DeInit                               0x0800c8f5   Thumb Code    64  stm32f10x_rcc.o(.text)
    RCC_HSEConfig                            0x0800c935   Thumb Code    50  stm32f10x_rcc.o(.text)
    RCC_WaitForHSEStartUp                    0x0800c969   Thumb Code    48  stm32f10x_rcc.o(.text)
    RCC_GetFlagStatus                        0x0800c999   Thumb Code    38  stm32f10x_rcc.o(.text)
    RCC_AdjustHSICalibrationValue            0x0800c9c1   Thumb Code    22  stm32f10x_rcc.o(.text)
    RCC_HSICmd                               0x0800c9d9   Thumb Code    10  stm32f10x_rcc.o(.text)
    RCC_PLLConfig                            0x0800c9e5   Thumb Code    22  stm32f10x_rcc.o(.text)
    RCC_PLLCmd                               0x0800c9fd   Thumb Code    10  stm32f10x_rcc.o(.text)
    RCC_PREDIV1Config                        0x0800ca09   Thumb Code    32  stm32f10x_rcc.o(.text)
    RCC_PREDIV2Config                        0x0800ca29   Thumb Code    20  stm32f10x_rcc.o(.text)
    RCC_PLL1Config                           0x0800ca3d   Thumb Code    22  stm32f10x_rcc.o(.text)
    RCC_PLL1Cmd                              0x0800ca55   Thumb Code    10  stm32f10x_rcc.o(.text)
    RCC_PLL2Config                           0x0800ca61   Thumb Code    20  stm32f10x_rcc.o(.text)
    RCC_PLL2Cmd                              0x0800ca75   Thumb Code    10  stm32f10x_rcc.o(.text)
    RCC_PLL3Config                           0x0800ca81   Thumb Code    20  stm32f10x_rcc.o(.text)
    RCC_PLL3Cmd                              0x0800ca95   Thumb Code    10  stm32f10x_rcc.o(.text)
    RCC_SYSCLKConfig                         0x0800caa1   Thumb Code    20  stm32f10x_rcc.o(.text)
    RCC_GetSYSCLKSource                      0x0800cab5   Thumb Code    16  stm32f10x_rcc.o(.text)
    RCC_HCLKConfig                           0x0800cac5   Thumb Code    20  stm32f10x_rcc.o(.text)
    RCC_PCLK1Config                          0x0800cad9   Thumb Code    20  stm32f10x_rcc.o(.text)
    RCC_PCLK2Config                          0x0800caed   Thumb Code    22  stm32f10x_rcc.o(.text)
    RCC_ITConfig                             0x0800cb05   Thumb Code    24  stm32f10x_rcc.o(.text)
    RCC_USBCLKConfig                         0x0800cb1d   Thumb Code    10  stm32f10x_rcc.o(.text)
    RCC_ADCCLKConfig                         0x0800cb29   Thumb Code    20  stm32f10x_rcc.o(.text)
    RCC_OTGFSCLKConfig                       0x0800cb3d   Thumb Code    10  stm32f10x_rcc.o(.text)
    RCC_I2S2CLKConfig                        0x0800cb49   Thumb Code    12  stm32f10x_rcc.o(.text)
    RCC_I2S3CLKConfig                        0x0800cb55   Thumb Code    12  stm32f10x_rcc.o(.text)
    RCC_LSEConfig                            0x0800cb61   Thumb Code    30  stm32f10x_rcc.o(.text)
    RCC_LSICmd                               0x0800cb81   Thumb Code    12  stm32f10x_rcc.o(.text)
    RCC_RTCCLKConfig                         0x0800cb8d   Thumb Code    16  stm32f10x_rcc.o(.text)
    RCC_RTCCLKCmd                            0x0800cb9d   Thumb Code    12  stm32f10x_rcc.o(.text)
    RCC_GetClocksFreq                        0x0800cba9   Thumb Code   204  stm32f10x_rcc.o(.text)
    RCC_AHBPeriphClockCmd                    0x0800cc79   Thumb Code    24  stm32f10x_rcc.o(.text)
    RCC_APB2PeriphClockCmd                   0x0800cc91   Thumb Code    24  stm32f10x_rcc.o(.text)
    RCC_APB1PeriphClockCmd                   0x0800cca9   Thumb Code    24  stm32f10x_rcc.o(.text)
    RCC_AHBPeriphResetCmd                    0x0800ccc1   Thumb Code    24  stm32f10x_rcc.o(.text)
    RCC_APB2PeriphResetCmd                   0x0800ccd9   Thumb Code    24  stm32f10x_rcc.o(.text)
    RCC_APB1PeriphResetCmd                   0x0800ccf1   Thumb Code    24  stm32f10x_rcc.o(.text)
    RCC_BackupResetCmd                       0x0800cd09   Thumb Code    12  stm32f10x_rcc.o(.text)
    RCC_ClockSecuritySystemCmd               0x0800cd15   Thumb Code    10  stm32f10x_rcc.o(.text)
    RCC_MCOConfig                            0x0800cd21   Thumb Code    12  stm32f10x_rcc.o(.text)
    RCC_ClearFlag                            0x0800cd2d   Thumb Code    18  stm32f10x_rcc.o(.text)
    RCC_GetITStatus                          0x0800cd41   Thumb Code    18  stm32f10x_rcc.o(.text)
    RCC_ClearITPendingBit                    0x0800cd55   Thumb Code    12  stm32f10x_rcc.o(.text)
    USART_DeInit                             0x0800cd61   Thumb Code   174  stm32f10x_usart.o(.text)
    USART_Init                               0x0800ce11   Thumb Code   146  stm32f10x_usart.o(.text)
    USART_StructInit                         0x0800cea5   Thumb Code    18  stm32f10x_usart.o(.text)
    USART_ClockInit                          0x0800ceb9   Thumb Code    34  stm32f10x_usart.o(.text)
    USART_ClockStructInit                    0x0800cedd   Thumb Code     8  stm32f10x_usart.o(.text)
    USART_Cmd                                0x0800cee5   Thumb Code    20  stm32f10x_usart.o(.text)
    USART_ITConfig                           0x0800cef9   Thumb Code    46  stm32f10x_usart.o(.text)
    USART_DMACmd                             0x0800cf29   Thumb Code    16  stm32f10x_usart.o(.text)
    USART_SetAddress                         0x0800cf39   Thumb Code    16  stm32f10x_usart.o(.text)
    USART_WakeUpConfig                       0x0800cf49   Thumb Code    16  stm32f10x_usart.o(.text)
    USART_ReceiverWakeUpCmd                  0x0800cf59   Thumb Code    20  stm32f10x_usart.o(.text)
    USART_LINBreakDetectLengthConfig         0x0800cf6d   Thumb Code    16  stm32f10x_usart.o(.text)
    USART_LINCmd                             0x0800cf7d   Thumb Code    20  stm32f10x_usart.o(.text)
    USART_SendData                           0x0800cf91   Thumb Code     8  stm32f10x_usart.o(.text)
    USART_ReceiveData                        0x0800cf99   Thumb Code     8  stm32f10x_usart.o(.text)
    USART_SendBreak                          0x0800cfa1   Thumb Code    10  stm32f10x_usart.o(.text)
    USART_SetGuardTime                       0x0800cfad   Thumb Code    16  stm32f10x_usart.o(.text)
    USART_SetPrescaler                       0x0800cfbd   Thumb Code    16  stm32f10x_usart.o(.text)
    USART_SmartCardCmd                       0x0800cfcd   Thumb Code    20  stm32f10x_usart.o(.text)
    USART_SmartCardNACKCmd                   0x0800cfe1   Thumb Code    20  stm32f10x_usart.o(.text)
    USART_HalfDuplexCmd                      0x0800cff5   Thumb Code    20  stm32f10x_usart.o(.text)
    USART_IrDAConfig                         0x0800d009   Thumb Code    16  stm32f10x_usart.o(.text)
    USART_IrDACmd                            0x0800d019   Thumb Code    20  stm32f10x_usart.o(.text)
    USART_GetFlagStatus                      0x0800d02d   Thumb Code    10  stm32f10x_usart.o(.text)
    USART_ClearFlag                          0x0800d039   Thumb Code     6  stm32f10x_usart.o(.text)
    USART_GetITStatus                        0x0800d041   Thumb Code    48  stm32f10x_usart.o(.text)
    USART_ClearITPendingBit                  0x0800d071   Thumb Code    14  stm32f10x_usart.o(.text)
    MPU6050_Initialize                       0x0800d081   Thumb Code   160  mpu6050.o(.text)
    MPU6050_SetClockSource                   0x0800d121   Thumb Code    54  mpu6050.o(.text)
    MPU6050_SetFullScaleGyroRange            0x0800d159   Thumb Code    56  mpu6050.o(.text)
    MPU6050_SetFullScaleAccelRange           0x0800d191   Thumb Code    56  mpu6050.o(.text)
    MPU6050_SetSleepModeStatus               0x0800d1c9   Thumb Code    64  mpu6050.o(.text)
    MPU6050_TestConnection                   0x0800d209   Thumb Code    38  mpu6050.o(.text)
    MPU6050_GetDeviceID                      0x0800d231   Thumb Code    30  mpu6050.o(.text)
    MPU6050_ReadBits                         0x0800d251   Thumb Code    50  mpu6050.o(.text)
    MPU6050_WriteBits                        0x0800d285   Thumb Code    82  mpu6050.o(.text)
    MPU6050_GetFullScaleGyroRange            0x0800d2d9   Thumb Code    30  mpu6050.o(.text)
    MPU6050_GetFullScaleAccelRange           0x0800d2f9   Thumb Code    30  mpu6050.o(.text)
    MPU6050_GetSleepModeStatus               0x0800d319   Thumb Code    30  mpu6050.o(.text)
    MPU6050_ReadBit                          0x0800d339   Thumb Code    38  mpu6050.o(.text)
    MPU6050_WriteBit                         0x0800d361   Thumb Code    72  mpu6050.o(.text)
    MPU6050_GetRawAccelGyro                  0x0800d3a9   Thumb Code    72  mpu6050.o(.text)
    MPU6050_I2C_BufferRead                   0x0800d3f1   Thumb Code   232  mpu6050.o(.text)
    MPU6050_I2C_ByteWrite                    0x0800d4d9   Thumb Code   132  mpu6050.o(.text)
    MPU6050_I2C_Init                         0x0800d55d   Thumb Code   104  mpu6050.o(.text)
    Initialize_MPU6050                       0x0800d5c5   Thumb Code    48  usr_init.o(.text)
    Enable_Motion_Interrupt                  0x0800d5f5   Thumb Code    46  usr_init.o(.text)
    RCC_Configuration                        0x0800d625   Thumb Code    22  usr_init.o(.text)
    GPIO_Configuration                       0x0800d63d   Thumb Code    74  usr_init.o(.text)
    EXTI_Configuration                       0x0800d689   Thumb Code    92  usr_init.o(.text)
    NVIC_Configuration                       0x0800d6e5   Thumb Code    94  usr_init.o(.text)
    __aeabi_memset                           0x0800d743   Thumb Code    14  memseta.o(.text)
    __aeabi_memset4                          0x0800d743   Thumb Code     0  memseta.o(.text)
    __aeabi_memset8                          0x0800d743   Thumb Code     0  memseta.o(.text)
    __aeabi_memclr                           0x0800d751   Thumb Code     4  memseta.o(.text)
    __aeabi_memclr4                          0x0800d751   Thumb Code     0  memseta.o(.text)
    __aeabi_memclr8                          0x0800d751   Thumb Code     0  memseta.o(.text)
    _memset$wrapper                          0x0800d755   Thumb Code    18  memseta.o(.text)
    __aeabi_uidiv                            0x0800d767   Thumb Code     0  uidiv.o(.text)
    __aeabi_uidivmod                         0x0800d767   Thumb Code    44  uidiv.o(.text)
    __aeabi_uldivmod                         0x0800d793   Thumb Code    98  uldiv.o(.text)
    __I$use$fp                               0x0800d7f5   Thumb Code     0  iusefp.o(.text)
    __aeabi_dadd                             0x0800d7f5   Thumb Code   322  dadd.o(.text)
    __aeabi_dsub                             0x0800d937   Thumb Code     6  dadd.o(.text)
    __aeabi_drsub                            0x0800d93d   Thumb Code     6  dadd.o(.text)
    __aeabi_dmul                             0x0800d943   Thumb Code   228  dmul.o(.text)
    __aeabi_ddiv                             0x0800da27   Thumb Code   222  ddiv.o(.text)
    __aeabi_d2ulz                            0x0800db05   Thumb Code    48  dfixul.o(.text)
    __aeabi_cdrcmple                         0x0800db35   Thumb Code    48  cdrcmple.o(.text)
    __scatterload                            0x0800db65   Thumb Code    28  init.o(.text)
    __scatterload_rt2                        0x0800db65   Thumb Code     0  init.o(.text)
    __aeabi_llsl                             0x0800db89   Thumb Code    30  llshl.o(.text)
    _ll_shift_l                              0x0800db89   Thumb Code     0  llshl.o(.text)
    __aeabi_llsr                             0x0800dba7   Thumb Code    32  llushr.o(.text)
    _ll_ushift_r                             0x0800dba7   Thumb Code     0  llushr.o(.text)
    __aeabi_lasr                             0x0800dbc7   Thumb Code    36  llsshr.o(.text)
    _ll_sshift_r                             0x0800dbc7   Thumb Code     0  llsshr.o(.text)
    _double_round                            0x0800dbeb   Thumb Code    30  depilogue.o(.text)
    _double_epilogue                         0x0800dc09   Thumb Code   156  depilogue.o(.text)
    OSStartHighRdy                           0x0800dca5   Thumb Code     0  os_cpu_a.o(CODE)
    OS_CPU_PendSVHandler                     0x0800dcc7   Thumb Code     0  os_cpu_a.o(CODE)
    __0vsnprintf                             0x0800dd29   Thumb Code    46  printfa.o(i.__0vsnprintf)
    __1vsnprintf                             0x0800dd29   Thumb Code     0  printfa.o(i.__0vsnprintf)
    __2vsnprintf                             0x0800dd29   Thumb Code     0  printfa.o(i.__0vsnprintf)
    __c89vsnprintf                           0x0800dd29   Thumb Code     0  printfa.o(i.__0vsnprintf)
    vsnprintf                                0x0800dd29   Thumb Code     0  printfa.o(i.__0vsnprintf)
    __scatterload_copy                       0x0800dd5d   Thumb Code    14  handlers.o(i.__scatterload_copy)
    __scatterload_null                       0x0800dd6b   Thumb Code     2  handlers.o(i.__scatterload_null)
    __scatterload_zeroinit                   0x0800dd6d   Thumb Code    14  handlers.o(i.__scatterload_zeroinit)
    OSCfg_ISRStkBasePtr                      0x0800e760   Data           4  os_cfg_app.o(.rodata.OSCfg_ISRStkBasePtr)
    OSCfg_ISRStkSize                         0x0800e764   Data           4  os_cfg_app.o(.rodata.OSCfg_ISRStkSize)
    OSCfg_IdleTaskStkBasePtr                 0x0800e768   Data           4  os_cfg_app.o(.rodata.OSCfg_IdleTaskStkBasePtr)
    OSCfg_IdleTaskStkLimit                   0x0800e76c   Data           4  os_cfg_app.o(.rodata.OSCfg_IdleTaskStkLimit)
    OSCfg_IdleTaskStkSize                    0x0800e770   Data           4  os_cfg_app.o(.rodata.OSCfg_IdleTaskStkSize)
    OSCfg_IntQBasePtr                        0x0800e774   Data           4  os_cfg_app.o(.rodata.OSCfg_IntQBasePtr)
    OSCfg_IntQSize                           0x0800e778   Data           2  os_cfg_app.o(.rodata.OSCfg_IntQSize)
    OSCfg_IntQTaskStkBasePtr                 0x0800e77c   Data           4  os_cfg_app.o(.rodata.OSCfg_IntQTaskStkBasePtr)
    OSCfg_IntQTaskStkLimit                   0x0800e780   Data           4  os_cfg_app.o(.rodata.OSCfg_IntQTaskStkLimit)
    OSCfg_IntQTaskStkSize                    0x0800e784   Data           4  os_cfg_app.o(.rodata.OSCfg_IntQTaskStkSize)
    OSCfg_MsgPoolBasePtr                     0x0800e788   Data           4  os_cfg_app.o(.rodata.OSCfg_MsgPoolBasePtr)
    OSCfg_MsgPoolSize                        0x0800e78c   Data           2  os_cfg_app.o(.rodata.OSCfg_MsgPoolSize)
    OSCfg_StatTaskPrio                       0x0800e78e   Data           1  os_cfg_app.o(.rodata.OSCfg_StatTaskPrio)
    OSCfg_StatTaskRate_Hz                    0x0800e790   Data           4  os_cfg_app.o(.rodata.OSCfg_StatTaskRate_Hz)
    OSCfg_StatTaskStkBasePtr                 0x0800e794   Data           4  os_cfg_app.o(.rodata.OSCfg_StatTaskStkBasePtr)
    OSCfg_StatTaskStkLimit                   0x0800e798   Data           4  os_cfg_app.o(.rodata.OSCfg_StatTaskStkLimit)
    OSCfg_StatTaskStkSize                    0x0800e79c   Data           4  os_cfg_app.o(.rodata.OSCfg_StatTaskStkSize)
    OSCfg_StkSizeMin                         0x0800e7a0   Data           4  os_cfg_app.o(.rodata.OSCfg_StkSizeMin)
    OSCfg_TickRate_Hz                        0x0800e7a4   Data           4  os_cfg_app.o(.rodata.OSCfg_TickRate_Hz)
    OSCfg_TickTaskPrio                       0x0800e7a8   Data           1  os_cfg_app.o(.rodata.OSCfg_TickTaskPrio)
    OSCfg_TickTaskStkBasePtr                 0x0800e7ac   Data           4  os_cfg_app.o(.rodata.OSCfg_TickTaskStkBasePtr)
    OSCfg_TickTaskStkLimit                   0x0800e7b0   Data           4  os_cfg_app.o(.rodata.OSCfg_TickTaskStkLimit)
    OSCfg_TickTaskStkSize                    0x0800e7b4   Data           4  os_cfg_app.o(.rodata.OSCfg_TickTaskStkSize)
    OSCfg_TickWheelSize                      0x0800e7b8   Data           2  os_cfg_app.o(.rodata.OSCfg_TickWheelSize)
    OSCfg_TmrTaskPrio                        0x0800e7ba   Data           1  os_cfg_app.o(.rodata.OSCfg_TmrTaskPrio)
    OSCfg_TmrTaskRate_Hz                     0x0800e7bc   Data           4  os_cfg_app.o(.rodata.OSCfg_TmrTaskRate_Hz)
    OSCfg_TmrTaskStkBasePtr                  0x0800e7c0   Data           4  os_cfg_app.o(.rodata.OSCfg_TmrTaskStkBasePtr)
    OSCfg_TmrTaskStkLimit                    0x0800e7c4   Data           4  os_cfg_app.o(.rodata.OSCfg_TmrTaskStkLimit)
    OSCfg_TmrTaskStkSize                     0x0800e7c8   Data           4  os_cfg_app.o(.rodata.OSCfg_TmrTaskStkSize)
    OSCfg_TmrWheelSize                       0x0800e7cc   Data           2  os_cfg_app.o(.rodata.OSCfg_TmrWheelSize)
    Region$$Table$$Base                      0x0800e8b0   Number         0  anon$$obj.o(Region$$Table)
    Region$$Table$$Limit                     0x0800e8c0   Number         0  anon$$obj.o(Region$$Table)
    BSP_CPU_ClkFreq_MHz                      0x20000590   Data           4  bsp.o(.bss.BSP_CPU_ClkFreq_MHz)
    CPU_IntDisMeasCtr                        0x20000720   Data           2  cpu_core.o(.bss.CPU_IntDisMeasCtr)
    CPU_IntDisMeasMaxCur_cnts                0x20000724   Data           4  cpu_core.o(.bss.CPU_IntDisMeasMaxCur_cnts)
    CPU_IntDisMeasMax_cnts                   0x20000728   Data           4  cpu_core.o(.bss.CPU_IntDisMeasMax_cnts)
    CPU_IntDisMeasOvrhd_cnts                 0x2000072c   Data           4  cpu_core.o(.bss.CPU_IntDisMeasOvrhd_cnts)
    CPU_IntDisMeasStart_cnts                 0x20000730   Data           4  cpu_core.o(.bss.CPU_IntDisMeasStart_cnts)
    CPU_IntDisMeasStop_cnts                  0x20000734   Data           4  cpu_core.o(.bss.CPU_IntDisMeasStop_cnts)
    CPU_IntDisNestCtr                        0x20000738   Data           2  cpu_core.o(.bss.CPU_IntDisNestCtr)
    CPU_Name                                 0x2000073a   Data          16  cpu_core.o(.bss.CPU_Name)
    CPU_TS_TmrFreq_Hz                        0x2000074c   Data           4  cpu_core.o(.bss.CPU_TS_TmrFreq_Hz)
    Mem_Heap                                 0x20000750   Data       27648  lib_mem.o(.bss.Mem_Heap)
    Mem_PoolHeap                             0x20007350   Data          72  lib_mem.o(.bss.Mem_PoolHeap)
    Mem_PoolTbl                              0x20007398   Data           4  lib_mem.o(.bss.Mem_PoolTbl)
    OSCfg_ISRStk                             0x2000739c   Data         512  os_cfg_app.o(.bss.OSCfg_ISRStk)
    OSCfg_IdleTaskStk                        0x2000759c   Data         512  os_cfg_app.o(.bss.OSCfg_IdleTaskStk)
    OSCfg_IntQ                               0x2000779c   Data         320  os_cfg_app.o(.bss.OSCfg_IntQ)
    OSCfg_IntQTaskStk                        0x200078dc   Data         512  os_cfg_app.o(.bss.OSCfg_IntQTaskStk)
    OSCfg_MsgPool                            0x20007adc   Data        1600  os_cfg_app.o(.bss.OSCfg_MsgPool)
    OSCfg_StatTaskStk                        0x2000811c   Data         512  os_cfg_app.o(.bss.OSCfg_StatTaskStk)
    OSCfg_TickTaskStk                        0x2000831c   Data         512  os_cfg_app.o(.bss.OSCfg_TickTaskStk)
    OSCfg_TickWheel                          0x2000851c   Data         136  os_cfg_app.o(.bss.OSCfg_TickWheel)
    OSCfg_TmrTaskStk                         0x200085a4   Data         512  os_cfg_app.o(.bss.OSCfg_TmrTaskStk)
    OSCfg_TmrWheel                           0x200087a4   Data         136  os_cfg_app.o(.bss.OSCfg_TmrWheel)
    OSFlagDbgListPtr                         0x2000882c   Data           4  os_var.o(.bss.OSFlagDbgListPtr)
    OSFlagQty                                0x20008830   Data           2  os_var.o(.bss.OSFlagQty)
    OSIdleTaskCtr                            0x20008834   Data           4  os_var.o(.bss.OSIdleTaskCtr)
    OSIdleTaskTCB                            0x20008838   Data         200  os_var.o(.bss.OSIdleTaskTCB)
    OSIntDisTimeMax                          0x20008900   Data           4  os_var.o(.bss.OSIntDisTimeMax)
    OSIntNestingCtr                          0x20008904   Data           1  os_var.o(.bss.OSIntNestingCtr)
    OSIntQInPtr                              0x20008908   Data           4  os_var.o(.bss.OSIntQInPtr)
    OSIntQNbrEntries                         0x2000890c   Data           2  os_var.o(.bss.OSIntQNbrEntries)
    OSIntQNbrEntriesMax                      0x2000890e   Data           2  os_var.o(.bss.OSIntQNbrEntriesMax)
    OSIntQOutPtr                             0x20008910   Data           4  os_var.o(.bss.OSIntQOutPtr)
    OSIntQOvfCtr                             0x20008914   Data           2  os_var.o(.bss.OSIntQOvfCtr)
    OSIntQTaskTCB                            0x20008918   Data         200  os_var.o(.bss.OSIntQTaskTCB)
    OSIntQTaskTimeMax                        0x200089e0   Data           4  os_var.o(.bss.OSIntQTaskTimeMax)
    OSMemDbgListPtr                          0x200089e4   Data           4  os_var.o(.bss.OSMemDbgListPtr)
    OSMemQty                                 0x200089e8   Data           2  os_var.o(.bss.OSMemQty)
    OSMsgPool                                0x200089ec   Data          12  os_var.o(.bss.OSMsgPool)
    OSMutexDbgListPtr                        0x200089f8   Data           4  os_var.o(.bss.OSMutexDbgListPtr)
    OSMutexQty                               0x200089fc   Data           2  os_var.o(.bss.OSMutexQty)
    OSPrioCur                                0x200089fe   Data           1  os_var.o(.bss.OSPrioCur)
    OSPrioHighRdy                            0x200089ff   Data           1  os_var.o(.bss.OSPrioHighRdy)
    OSPrioSaved                              0x20008a00   Data           1  os_var.o(.bss.OSPrioSaved)
    OSPrioTbl                                0x20008a04   Data           4  os_prio.o(.bss.OSPrioTbl)
    OSQDbgListPtr                            0x20008a08   Data           4  os_var.o(.bss.OSQDbgListPtr)
    OSQQty                                   0x20008a0c   Data           2  os_var.o(.bss.OSQQty)
    OSRdyList                                0x20008a10   Data         384  os_var.o(.bss.OSRdyList)
    OSRunning                                0x20008b90   Data           1  os_var.o(.bss.OSRunning)
    OSSchedLockNestingCtr                    0x20008b91   Data           1  os_var.o(.bss.OSSchedLockNestingCtr)
    OSSchedLockTimeBegin                     0x20008b94   Data           4  os_var.o(.bss.OSSchedLockTimeBegin)
    OSSchedLockTimeMax                       0x20008b98   Data           4  os_var.o(.bss.OSSchedLockTimeMax)
    OSSchedLockTimeMaxCur                    0x20008b9c   Data           4  os_var.o(.bss.OSSchedLockTimeMaxCur)
    OSSchedRoundRobinDfltTimeQuanta          0x20008ba0   Data           4  os_var.o(.bss.OSSchedRoundRobinDfltTimeQuanta)
    OSSchedRoundRobinEn                      0x20008ba4   Data           1  os_var.o(.bss.OSSchedRoundRobinEn)
    OSSemDbgListPtr                          0x20008ba8   Data           4  os_var.o(.bss.OSSemDbgListPtr)
    OSSemQty                                 0x20008bac   Data           2  os_var.o(.bss.OSSemQty)
    OSStatResetFlag                          0x20008bae   Data           1  os_var.o(.bss.OSStatResetFlag)
    OSStatTaskCPUUsage                       0x20008bb0   Data           2  os_var.o(.bss.OSStatTaskCPUUsage)
    OSStatTaskCPUUsageMax                    0x20008bb2   Data           2  os_var.o(.bss.OSStatTaskCPUUsageMax)
    OSStatTaskCtr                            0x20008bb4   Data           4  os_var.o(.bss.OSStatTaskCtr)
    OSStatTaskCtrMax                         0x20008bb8   Data           4  os_var.o(.bss.OSStatTaskCtrMax)
    OSStatTaskCtrRun                         0x20008bbc   Data           4  os_var.o(.bss.OSStatTaskCtrRun)
    OSStatTaskRdy                            0x20008bc0   Data           1  os_var.o(.bss.OSStatTaskRdy)
    OSStatTaskTCB                            0x20008bc4   Data         200  os_var.o(.bss.OSStatTaskTCB)
    OSStatTaskTimeMax                        0x20008c8c   Data           4  os_var.o(.bss.OSStatTaskTimeMax)
    OSTCBCurPtr                              0x20008c90   Data           4  os_var.o(.bss.OSTCBCurPtr)
    OSTCBHighRdyPtr                          0x20008c94   Data           4  os_var.o(.bss.OSTCBHighRdyPtr)
    OSTaskCtxSwCtr                           0x20008c98   Data           4  os_var.o(.bss.OSTaskCtxSwCtr)
    OSTaskDbgListPtr                         0x20008c9c   Data           4  os_var.o(.bss.OSTaskDbgListPtr)
    OSTaskQty                                0x20008ca0   Data           2  os_var.o(.bss.OSTaskQty)
    OSTaskRegNextAvailID                     0x20008ca2   Data           1  os_var.o(.bss.OSTaskRegNextAvailID)
    OSTickCtr                                0x20008ca4   Data           4  os_var.o(.bss.OSTickCtr)
    OSTickTaskTCB                            0x20008ca8   Data         200  os_var.o(.bss.OSTickTaskTCB)
    OSTickTaskTimeMax                        0x20008d70   Data           4  os_var.o(.bss.OSTickTaskTimeMax)
    OSTmrDbgListPtr                          0x20008d74   Data           4  os_var.o(.bss.OSTmrDbgListPtr)
    OSTmrQty                                 0x20008d78   Data           2  os_var.o(.bss.OSTmrQty)
    OSTmrTaskTCB                             0x20008d7c   Data         200  os_var.o(.bss.OSTmrTaskTCB)
    OSTmrTaskTimeMax                         0x20008e44   Data           4  os_var.o(.bss.OSTmrTaskTimeMax)
    OSTmrTickCtr                             0x20008e48   Data           4  os_var.o(.bss.OSTmrTickCtr)
    OSTmrUpdateCnt                           0x20008e4c   Data           4  os_var.o(.bss.OSTmrUpdateCnt)
    OSTmrUpdateCtr                           0x20008e50   Data           4  os_var.o(.bss.OSTmrUpdateCtr)
    OS_AppIdleTaskHookPtr                    0x20008e54   Data           4  os_var.o(.bss.OS_AppIdleTaskHookPtr)
    OS_AppStatTaskHookPtr                    0x20008e58   Data           4  os_var.o(.bss.OS_AppStatTaskHookPtr)
    OS_AppTaskCreateHookPtr                  0x20008e5c   Data           4  os_var.o(.bss.OS_AppTaskCreateHookPtr)
    OS_AppTaskDelHookPtr                     0x20008e60   Data           4  os_var.o(.bss.OS_AppTaskDelHookPtr)
    OS_AppTaskReturnHookPtr                  0x20008e64   Data           4  os_var.o(.bss.OS_AppTaskReturnHookPtr)
    OS_AppTaskSwHookPtr                      0x20008e68   Data           4  os_var.o(.bss.OS_AppTaskSwHookPtr)
    OS_AppTimeTickHookPtr                    0x20008e6c   Data           4  os_var.o(.bss.OS_AppTimeTickHookPtr)
    OS_CPU_ExceptStkBase                     0x20008e70   Data           4  os_cpu_c.o(.bss.OS_CPU_ExceptStkBase)
    SuddenAccelMsgQ                          0x20008e74   Data          48  app.o(.bss.SuddenAccelMsgQ)
    __initial_sp                             0x200090a8   Data           0  cstartup.o(STACK)



==============================================================================

Memory Map of the image

  Image Entry point : 0x08000151

  Load Region LR_IROM1 (Base: 0x08000000, Size: 0x0000e8c0, Max: 0x00040000, ABSOLUTE)

    Execution Region ER_IROM1 (Exec base: 0x08000000, Load base: 0x08000000, Size: 0x0000e8c0, Max: 0x00040000, ABSOLUTE)

    Exec Addr    Load Addr    Size         Type   Attr      Idx    E Section Name        Object

    0x08000000   0x08000000   0x00000150   Data   RO           91    RESET               cstartup.o
    0x08000150   0x08000150   0x00000000   Code   RO          737  * .ARM.Collect$$$$00000000  mc_w.l(entry.o)
    0x08000150   0x08000150   0x00000004   Code   RO          770    .ARM.Collect$$$$00000001  mc_w.l(entry2.o)
    0x08000154   0x08000154   0x00000004   Code   RO          773    .ARM.Collect$$$$00000004  mc_w.l(entry5.o)
    0x08000158   0x08000158   0x00000000   Code   RO          775    .ARM.Collect$$$$00000008  mc_w.l(entry7b.o)
    0x08000158   0x08000158   0x00000000   Code   RO          777    .ARM.Collect$$$$0000000A  mc_w.l(entry8b.o)
    0x08000158   0x08000158   0x00000008   Code   RO          778    .ARM.Collect$$$$0000000B  mc_w.l(entry9a.o)
    0x08000160   0x08000160   0x00000000   Code   RO          780    .ARM.Collect$$$$0000000D  mc_w.l(entry10a.o)
    0x08000160   0x08000160   0x00000000   Code   RO          782    .ARM.Collect$$$$0000000F  mc_w.l(entry11a.o)
    0x08000160   0x08000160   0x00000004   Code   RO          771    .ARM.Collect$$$$00002712  mc_w.l(entry2.o)
    0x08000164   0x08000164   0x00000278   Code   RO            1    .text               app.o
    0x080003dc   0x080003dc   0x00000218   Code   RO           24    .text               bsp.o
    0x080005f4   0x080005f4   0x00000d28   Code   RO           44    .text               bsp_int.o
    0x0800131c   0x0800131c   0x00000210   Code   RO           53    .text               bsp_periph.o
    0x0800152c   0x0800152c   0x000004b4   Code   RO           61    .text               bsp_ser.o
    0x080019e0   0x080019e0   0x000000c2   Code   RO           81    .text               bsp_os.o
    0x08001aa2   0x08001aa2   0x00000002   PAD
    0x08001aa4   0x08001aa4   0x00000018   Code   RO           92    .text               cstartup.o
    0x08001abc   0x08001abc   0x00000606   Code   RO           98    .text               cpu_core.o
    0x080020c2   0x080020c2   0x00000002   PAD
    0x080020c4   0x080020c4   0x00000034   Code   RO          117    .text               cpu_a.o
    0x080020f8   0x080020f8   0x0000055a   Code   RO          120    .text               cpu_c.o
    0x08002652   0x08002652   0x00000002   PAD
    0x08002654   0x08002654   0x0000017e   Code   RO          128    .text               lib_ascii.o
    0x080027d2   0x080027d2   0x00000002   PAD
    0x080027d4   0x080027d4   0x00000bba   Code   RO          146    .text               lib_mem.o
    0x0800338e   0x0800338e   0x00000002   PAD
    0x08003390   0x08003390   0x00000ab0   Code   RO          158    .text               lib_str.o
    0x08003e40   0x08003e40   0x00000220   Code   RO          168    .text               lib_mem_a.o
    0x08004060   0x08004060   0x00000002   Code   RO          171    .text               os_cfg_app.o
    0x08004062   0x08004062   0x00000002   PAD
    0x08004064   0x08004064   0x0000138c   Code   RO          229    .text               os_core.o
    0x080053f0   0x080053f0   0x00000a28   Code   RO          239    .text               os_flag.o
    0x08005e18   0x08005e18   0x00000468   Code   RO          249    .text               os_int.o
    0x08006280   0x08006280   0x000001ee   Code   RO          257    .text               os_mem.o
    0x0800646e   0x0800646e   0x00000002   PAD
    0x08006470   0x08006470   0x000001f0   Code   RO          266    .text               os_msg.o
    0x08006660   0x08006660   0x0000099a   Code   RO          274    .text               os_mutex.o
    0x08006ffa   0x08006ffa   0x00000002   PAD
    0x08006ffc   0x08006ffc   0x0000008a   Code   RO          292    .text               os_prio.o
    0x08007086   0x08007086   0x00000002   PAD
    0x08007088   0x08007088   0x0000089e   Code   RO          301    .text               os_q.o
    0x08007926   0x08007926   0x00000002   PAD
    0x08007928   0x08007928   0x0000078a   Code   RO          311    .text               os_sem.o
    0x080080b2   0x080080b2   0x00000002   PAD
    0x080080b4   0x080080b4   0x00000628   Code   RO          321    .text               os_stat.o
    0x080086dc   0x080086dc   0x000016b0   Code   RO          329    .text               os_task.o
    0x08009d8c   0x08009d8c   0x00000492   Code   RO          339    .text               os_tick.o
    0x0800a21e   0x0800a21e   0x00000002   PAD
    0x0800a220   0x0800a220   0x0000045a   Code   RO          348    .text               os_time.o
    0x0800a67a   0x0800a67a   0x00000002   PAD
    0x0800a67c   0x0800a67c   0x00000906   Code   RO          356    .text               os_tmr.o
    0x0800af82   0x0800af82   0x00000002   PAD
    0x0800af84   0x0800af84   0x00000002   Code   RO          436    .text               os_dbg.o
    0x0800af86   0x0800af86   0x00000002   PAD
    0x0800af88   0x0800af88   0x000001e2   Code   RO          518    .text               os_cpu_c.o
    0x0800b16a   0x0800b16a   0x00000002   PAD
    0x0800b16c   0x0800b16c   0x00000100   Code   RO          584    .text               stm32f10x_exti.o
    0x0800b26c   0x0800b26c   0x0000111e   Code   RO          592    .text               stm32f10x_flash.o
    0x0800c38a   0x0800c38a   0x00000002   PAD
    0x0800c38c   0x0800c38c   0x0000023e   Code   RO          608    .text               stm32f10x_gpio.o
    0x0800c5ca   0x0800c5ca   0x00000002   PAD
    0x0800c5cc   0x0800c5cc   0x00000326   Code   RO          617    .text               stm32f10x_i2c.o
    0x0800c8f2   0x0800c8f2   0x00000002   PAD
    0x0800c8f4   0x0800c8f4   0x0000046c   Code   RO          634    .text               stm32f10x_rcc.o
    0x0800cd60   0x0800cd60   0x0000031e   Code   RO          684    .text               stm32f10x_usart.o
    0x0800d07e   0x0800d07e   0x00000002   PAD
    0x0800d080   0x0800d080   0x00000544   Code   RO          721    .text               mpu6050.o
    0x0800d5c4   0x0800d5c4   0x0000017e   Code   RO          729    .text               usr_init.o
    0x0800d742   0x0800d742   0x00000024   Code   RO          740    .text               mc_w.l(memseta.o)
    0x0800d766   0x0800d766   0x0000002c   Code   RO          798    .text               mc_w.l(uidiv.o)
    0x0800d792   0x0800d792   0x00000062   Code   RO          800    .text               mc_w.l(uldiv.o)
    0x0800d7f4   0x0800d7f4   0x00000000   Code   RO          802    .text               mc_w.l(iusefp.o)
    0x0800d7f4   0x0800d7f4   0x0000014e   Code   RO          803    .text               mf_w.l(dadd.o)
    0x0800d942   0x0800d942   0x000000e4   Code   RO          805    .text               mf_w.l(dmul.o)
    0x0800da26   0x0800da26   0x000000de   Code   RO          807    .text               mf_w.l(ddiv.o)
    0x0800db04   0x0800db04   0x00000030   Code   RO          809    .text               mf_w.l(dfixul.o)
    0x0800db34   0x0800db34   0x00000030   Code   RO          811    .text               mf_w.l(cdrcmple.o)
    0x0800db64   0x0800db64   0x00000024   Code   RO          813    .text               mc_w.l(init.o)
    0x0800db88   0x0800db88   0x0000001e   Code   RO          816    .text               mc_w.l(llshl.o)
    0x0800dba6   0x0800dba6   0x00000020   Code   RO          818    .text               mc_w.l(llushr.o)
    0x0800dbc6   0x0800dbc6   0x00000024   Code   RO          820    .text               mc_w.l(llsshr.o)
    0x0800dbea   0x0800dbea   0x000000ba   Code   RO          823    .text               mf_w.l(depilogue.o)
    0x0800dca4   0x0800dca4   0x00000084   Code   RO          515    CODE                os_cpu_a.o
    0x0800dd28   0x0800dd28   0x00000034   Code   RO          748    i.__0vsnprintf      mc_w.l(printfa.o)
    0x0800dd5c   0x0800dd5c   0x0000000e   Code   RO          827    i.__scatterload_copy  mc_w.l(handlers.o)
    0x0800dd6a   0x0800dd6a   0x00000002   Code   RO          828    i.__scatterload_null  mc_w.l(handlers.o)
    0x0800dd6c   0x0800dd6c   0x0000000e   Code   RO          829    i.__scatterload_zeroinit  mc_w.l(handlers.o)
    0x0800dd7a   0x0800dd7a   0x00000002   PAD
    0x0800dd7c   0x0800dd7c   0x00000184   Code   RO          750    i._fp_digits        mc_w.l(printfa.o)
    0x0800df00   0x0800df00   0x000006dc   Code   RO          751    i._printf_core      mc_w.l(printfa.o)
    0x0800e5dc   0x0800e5dc   0x00000024   Code   RO          752    i._printf_post_padding  mc_w.l(printfa.o)
    0x0800e600   0x0800e600   0x0000002e   Code   RO          753    i._printf_pre_padding  mc_w.l(printfa.o)
    0x0800e62e   0x0800e62e   0x00000016   Code   RO          754    i._snputc           mc_w.l(printfa.o)
    0x0800e644   0x0800e644   0x0000001c   Data   RO          610    .rodata..Lswitch.table.GPIO_DeInit.1  stm32f10x_gpio.o
    0x0800e660   0x0800e660   0x00000100   Data   RO          109    .rodata.CPU_CntLeadZerosTbl  cpu_core.o
    0x0800e760   0x0800e760   0x00000004   Data   RO          188    .rodata.OSCfg_ISRStkBasePtr  os_cfg_app.o
    0x0800e764   0x0800e764   0x00000004   Data   RO          189    .rodata.OSCfg_ISRStkSize  os_cfg_app.o
    0x0800e768   0x0800e768   0x00000004   Data   RO          174    .rodata.OSCfg_IdleTaskStkBasePtr  os_cfg_app.o
    0x0800e76c   0x0800e76c   0x00000004   Data   RO          175    .rodata.OSCfg_IdleTaskStkLimit  os_cfg_app.o
    0x0800e770   0x0800e770   0x00000004   Data   RO          176    .rodata.OSCfg_IdleTaskStkSize  os_cfg_app.o
    0x0800e774   0x0800e774   0x00000004   Data   RO          179    .rodata.OSCfg_IntQBasePtr  os_cfg_app.o
    0x0800e778   0x0800e778   0x00000002   Data   RO          180    .rodata.OSCfg_IntQSize  os_cfg_app.o
    0x0800e77a   0x0800e77a   0x00000002   PAD
    0x0800e77c   0x0800e77c   0x00000004   Data   RO          183    .rodata.OSCfg_IntQTaskStkBasePtr  os_cfg_app.o
    0x0800e780   0x0800e780   0x00000004   Data   RO          184    .rodata.OSCfg_IntQTaskStkLimit  os_cfg_app.o
    0x0800e784   0x0800e784   0x00000004   Data   RO          185    .rodata.OSCfg_IntQTaskStkSize  os_cfg_app.o
    0x0800e788   0x0800e788   0x00000004   Data   RO          194    .rodata.OSCfg_MsgPoolBasePtr  os_cfg_app.o
    0x0800e78c   0x0800e78c   0x00000002   Data   RO          191    .rodata.OSCfg_MsgPoolSize  os_cfg_app.o
    0x0800e78e   0x0800e78e   0x00000001   Data   RO          195    .rodata.OSCfg_StatTaskPrio  os_cfg_app.o
    0x0800e78f   0x0800e78f   0x00000001   PAD
    0x0800e790   0x0800e790   0x00000004   Data   RO          196    .rodata.OSCfg_StatTaskRate_Hz  os_cfg_app.o
    0x0800e794   0x0800e794   0x00000004   Data   RO          198    .rodata.OSCfg_StatTaskStkBasePtr  os_cfg_app.o
    0x0800e798   0x0800e798   0x00000004   Data   RO          199    .rodata.OSCfg_StatTaskStkLimit  os_cfg_app.o
    0x0800e79c   0x0800e79c   0x00000004   Data   RO          200    .rodata.OSCfg_StatTaskStkSize  os_cfg_app.o
    0x0800e7a0   0x0800e7a0   0x00000004   Data   RO          202    .rodata.OSCfg_StkSizeMin  os_cfg_app.o
    0x0800e7a4   0x0800e7a4   0x00000004   Data   RO          203    .rodata.OSCfg_TickRate_Hz  os_cfg_app.o
    0x0800e7a8   0x0800e7a8   0x00000001   Data   RO          204    .rodata.OSCfg_TickTaskPrio  os_cfg_app.o
    0x0800e7a9   0x0800e7a9   0x00000003   PAD
    0x0800e7ac   0x0800e7ac   0x00000004   Data   RO          206    .rodata.OSCfg_TickTaskStkBasePtr  os_cfg_app.o
    0x0800e7b0   0x0800e7b0   0x00000004   Data   RO          207    .rodata.OSCfg_TickTaskStkLimit  os_cfg_app.o
    0x0800e7b4   0x0800e7b4   0x00000004   Data   RO          208    .rodata.OSCfg_TickTaskStkSize  os_cfg_app.o
    0x0800e7b8   0x0800e7b8   0x00000002   Data   RO          210    .rodata.OSCfg_TickWheelSize  os_cfg_app.o
    0x0800e7ba   0x0800e7ba   0x00000001   Data   RO          212    .rodata.OSCfg_TmrTaskPrio  os_cfg_app.o
    0x0800e7bb   0x0800e7bb   0x00000001   PAD
    0x0800e7bc   0x0800e7bc   0x00000004   Data   RO          213    .rodata.OSCfg_TmrTaskRate_Hz  os_cfg_app.o
    0x0800e7c0   0x0800e7c0   0x00000004   Data   RO          215    .rodata.OSCfg_TmrTaskStkBasePtr  os_cfg_app.o
    0x0800e7c4   0x0800e7c4   0x00000004   Data   RO          216    .rodata.OSCfg_TmrTaskStkLimit  os_cfg_app.o
    0x0800e7c8   0x0800e7c8   0x00000004   Data   RO          217    .rodata.OSCfg_TmrTaskStkSize  os_cfg_app.o
    0x0800e7cc   0x0800e7cc   0x00000002   Data   RO          219    .rodata.OSCfg_TmrWheelSize  os_cfg_app.o
    0x0800e7ce   0x0800e7ce   0x00000002   PAD
    0x0800e7d0   0x0800e7d0   0x00000094   Data   RO          160    .rodata.Str_MultOvfThTbl_Int32U  lib_str.o
    0x0800e864   0x0800e864   0x00000010   Data   RO          636    .rodata.cst16       stm32f10x_rcc.o
    0x0800e874   0x0800e874   0x00000008   Data   RO           27    .rodata.cst8        bsp.o
    0x0800e87c   0x0800e87c   0x00000012   Data   RO          231    .rodata.str1.1      os_core.o
    0x0800e88e   0x0800e88e   0x00000006   Data   RO          241    .rodata.str1.1      os_flag.o
    0x0800e894   0x0800e894   0x00000007   Data   RO          276    .rodata.str1.1      os_mutex.o
    0x0800e89b   0x0800e89b   0x00000003   Data   RO          303    .rodata.str1.1      os_q.o
    0x0800e89e   0x0800e89e   0x00000005   Data   RO          313    .rodata.str1.1      os_sem.o
    0x0800e8a3   0x0800e8a3   0x00000006   Data   RO          331    .rodata.str1.1      os_task.o
    0x0800e8a9   0x0800e8a9   0x00000005   Data   RO          358    .rodata.str1.1      os_tmr.o
    0x0800e8ae   0x0800e8ae   0x00000002   PAD
    0x0800e8b0   0x0800e8b0   0x00000010   Data   RO          826    Region$$Table       anon$$obj.o


    Execution Region RW_IRAM1 (Exec base: 0x20000000, Load base: 0x0800e8c0, Size: 0x000090a8, Max: 0x00010000, ABSOLUTE)

    Exec Addr    Load Addr    Size         Type   Attr      Idx    E Section Name        Object

    0x20000000        -       0x00000200   Zero   RW            8    .bss.AppTaskCollisionStk  app.o
    0x20000200        -       0x000000c8   Zero   RW            5    .bss.AppTaskCollisionTCB  app.o
    0x200002c8        -       0x00000200   Zero   RW            4    .bss.AppTaskStartStk  app.o
    0x200004c8        -       0x000000c8   Zero   RW            3    .bss.AppTaskStartTCB  app.o
    0x20000590        -       0x00000004   Zero   RW           26    .bss.BSP_CPU_ClkFreq_MHz  bsp.o
    0x20000594        -       0x00000110   Zero   RW           46    .bss.BSP_IntVectTbl  bsp_int.o
    0x200006a4        -       0x00000028   Zero   RW           65    .bss.BSP_SerLock    bsp_ser.o
    0x200006cc        -       0x00000001   Zero   RW           66    .bss.BSP_SerRxData  bsp_ser.o
    0x200006cd   0x0800e8c0   0x00000003   PAD
    0x200006d0        -       0x00000028   Zero   RW           64    .bss.BSP_SerRxWait  bsp_ser.o
    0x200006f8        -       0x00000028   Zero   RW           63    .bss.BSP_SerTxWait  bsp_ser.o
    0x20000720        -       0x00000002   Zero   RW          104    .bss.CPU_IntDisMeasCtr  cpu_core.o
    0x20000722   0x0800e8c0   0x00000002   PAD
    0x20000724        -       0x00000004   Zero   RW          102    .bss.CPU_IntDisMeasMaxCur_cnts  cpu_core.o
    0x20000728        -       0x00000004   Zero   RW          103    .bss.CPU_IntDisMeasMax_cnts  cpu_core.o
    0x2000072c        -       0x00000004   Zero   RW          108    .bss.CPU_IntDisMeasOvrhd_cnts  cpu_core.o
    0x20000730        -       0x00000004   Zero   RW          106    .bss.CPU_IntDisMeasStart_cnts  cpu_core.o
    0x20000734        -       0x00000004   Zero   RW          107    .bss.CPU_IntDisMeasStop_cnts  cpu_core.o
    0x20000738        -       0x00000002   Zero   RW          105    .bss.CPU_IntDisNestCtr  cpu_core.o
    0x2000073a        -       0x00000010   Zero   RW          100    .bss.CPU_Name       cpu_core.o
    0x2000074a   0x0800e8c0   0x00000002   PAD
    0x2000074c        -       0x00000004   Zero   RW          101    .bss.CPU_TS_TmrFreq_Hz  cpu_core.o
    0x20000750        -       0x00006c00   Zero   RW          149    .bss.Mem_Heap       lib_mem.o
    0x20007350        -       0x00000048   Zero   RW          148    .bss.Mem_PoolHeap   lib_mem.o
    0x20007398        -       0x00000004   Zero   RW          150    .bss.Mem_PoolTbl    lib_mem.o
    0x2000739c        -       0x00000200   Zero   RW          187    .bss.OSCfg_ISRStk   os_cfg_app.o
    0x2000759c        -       0x00000200   Zero   RW          173    .bss.OSCfg_IdleTaskStk  os_cfg_app.o
    0x2000779c        -       0x00000140   Zero   RW          178    .bss.OSCfg_IntQ     os_cfg_app.o
    0x200078dc        -       0x00000200   Zero   RW          182    .bss.OSCfg_IntQTaskStk  os_cfg_app.o
    0x20007adc        -       0x00000640   Zero   RW          193    .bss.OSCfg_MsgPool  os_cfg_app.o
    0x2000811c        -       0x00000200   Zero   RW          197    .bss.OSCfg_StatTaskStk  os_cfg_app.o
    0x2000831c        -       0x00000200   Zero   RW          205    .bss.OSCfg_TickTaskStk  os_cfg_app.o
    0x2000851c        -       0x00000088   Zero   RW          222    .bss.OSCfg_TickWheel  os_cfg_app.o
    0x200085a4        -       0x00000200   Zero   RW          214    .bss.OSCfg_TmrTaskStk  os_cfg_app.o
    0x200087a4        -       0x00000088   Zero   RW          223    .bss.OSCfg_TmrWheel  os_cfg_app.o
    0x2000882c        -       0x00000004   Zero   RW          386    .bss.OSFlagDbgListPtr  os_var.o
    0x20008830        -       0x00000002   Zero   RW          387    .bss.OSFlagQty      os_var.o
    0x20008832   0x0800e8c0   0x00000002   PAD
    0x20008834        -       0x00000004   Zero   RW          374    .bss.OSIdleTaskCtr  os_var.o
    0x20008838        -       0x000000c8   Zero   RW          375    .bss.OSIdleTaskTCB  os_var.o
    0x20008900        -       0x00000004   Zero   RW          377    .bss.OSIntDisTimeMax  os_var.o
    0x20008904        -       0x00000001   Zero   RW          376    .bss.OSIntNestingCtr  os_var.o
    0x20008905   0x0800e8c0   0x00000003   PAD
    0x20008908        -       0x00000004   Zero   RW          379    .bss.OSIntQInPtr    os_var.o
    0x2000890c        -       0x00000002   Zero   RW          381    .bss.OSIntQNbrEntries  os_var.o
    0x2000890e        -       0x00000002   Zero   RW          382    .bss.OSIntQNbrEntriesMax  os_var.o
    0x20008910        -       0x00000004   Zero   RW          380    .bss.OSIntQOutPtr   os_var.o
    0x20008914        -       0x00000002   Zero   RW          383    .bss.OSIntQOvfCtr   os_var.o
    0x20008916   0x0800e8c0   0x00000002   PAD
    0x20008918        -       0x000000c8   Zero   RW          384    .bss.OSIntQTaskTCB  os_var.o
    0x200089e0        -       0x00000004   Zero   RW          385    .bss.OSIntQTaskTimeMax  os_var.o
    0x200089e4        -       0x00000004   Zero   RW          388    .bss.OSMemDbgListPtr  os_var.o
    0x200089e8        -       0x00000002   Zero   RW          389    .bss.OSMemQty       os_var.o
    0x200089ea   0x0800e8c0   0x00000002   PAD
    0x200089ec        -       0x0000000c   Zero   RW          390    .bss.OSMsgPool      os_var.o
    0x200089f8        -       0x00000004   Zero   RW          391    .bss.OSMutexDbgListPtr  os_var.o
    0x200089fc        -       0x00000002   Zero   RW          392    .bss.OSMutexQty     os_var.o
    0x200089fe        -       0x00000001   Zero   RW          393    .bss.OSPrioCur      os_var.o
    0x200089ff        -       0x00000001   Zero   RW          394    .bss.OSPrioHighRdy  os_var.o
    0x20008a00        -       0x00000001   Zero   RW          395    .bss.OSPrioSaved    os_var.o
    0x20008a01   0x0800e8c0   0x00000003   PAD
    0x20008a04        -       0x00000004   Zero   RW          294    .bss.OSPrioTbl      os_prio.o
    0x20008a08        -       0x00000004   Zero   RW          396    .bss.OSQDbgListPtr  os_var.o
    0x20008a0c        -       0x00000002   Zero   RW          397    .bss.OSQQty         os_var.o
    0x20008a0e   0x0800e8c0   0x00000002   PAD
    0x20008a10        -       0x00000180   Zero   RW          398    .bss.OSRdyList      os_var.o
    0x20008b90        -       0x00000001   Zero   RW          378    .bss.OSRunning      os_var.o
    0x20008b91        -       0x00000001   Zero   RW          402    .bss.OSSchedLockNestingCtr  os_var.o
    0x20008b92   0x0800e8c0   0x00000002   PAD
    0x20008b94        -       0x00000004   Zero   RW          399    .bss.OSSchedLockTimeBegin  os_var.o
    0x20008b98        -       0x00000004   Zero   RW          400    .bss.OSSchedLockTimeMax  os_var.o
    0x20008b9c        -       0x00000004   Zero   RW          401    .bss.OSSchedLockTimeMaxCur  os_var.o
    0x20008ba0        -       0x00000004   Zero   RW          403    .bss.OSSchedRoundRobinDfltTimeQuanta  os_var.o
    0x20008ba4        -       0x00000001   Zero   RW          404    .bss.OSSchedRoundRobinEn  os_var.o
    0x20008ba5   0x0800e8c0   0x00000003   PAD
    0x20008ba8        -       0x00000004   Zero   RW          405    .bss.OSSemDbgListPtr  os_var.o
    0x20008bac        -       0x00000002   Zero   RW          406    .bss.OSSemQty       os_var.o
    0x20008bae        -       0x00000001   Zero   RW          407    .bss.OSStatResetFlag  os_var.o
    0x20008baf   0x0800e8c0   0x00000001   PAD
    0x20008bb0        -       0x00000002   Zero   RW          408    .bss.OSStatTaskCPUUsage  os_var.o
    0x20008bb2        -       0x00000002   Zero   RW          409    .bss.OSStatTaskCPUUsageMax  os_var.o
    0x20008bb4        -       0x00000004   Zero   RW          410    .bss.OSStatTaskCtr  os_var.o
    0x20008bb8        -       0x00000004   Zero   RW          411    .bss.OSStatTaskCtrMax  os_var.o
    0x20008bbc        -       0x00000004   Zero   RW          412    .bss.OSStatTaskCtrRun  os_var.o
    0x20008bc0        -       0x00000001   Zero   RW          413    .bss.OSStatTaskRdy  os_var.o
    0x20008bc1   0x0800e8c0   0x00000003   PAD
    0x20008bc4        -       0x000000c8   Zero   RW          414    .bss.OSStatTaskTCB  os_var.o
    0x20008c8c        -       0x00000004   Zero   RW          415    .bss.OSStatTaskTimeMax  os_var.o
    0x20008c90        -       0x00000004   Zero   RW          430    .bss.OSTCBCurPtr    os_var.o
    0x20008c94        -       0x00000004   Zero   RW          431    .bss.OSTCBHighRdyPtr  os_var.o
    0x20008c98        -       0x00000004   Zero   RW          416    .bss.OSTaskCtxSwCtr  os_var.o
    0x20008c9c        -       0x00000004   Zero   RW          417    .bss.OSTaskDbgListPtr  os_var.o
    0x20008ca0        -       0x00000002   Zero   RW          418    .bss.OSTaskQty      os_var.o
    0x20008ca2        -       0x00000001   Zero   RW          419    .bss.OSTaskRegNextAvailID  os_var.o
    0x20008ca3   0x0800e8c0   0x00000001   PAD
    0x20008ca4        -       0x00000004   Zero   RW          420    .bss.OSTickCtr      os_var.o
    0x20008ca8        -       0x000000c8   Zero   RW          421    .bss.OSTickTaskTCB  os_var.o
    0x20008d70        -       0x00000004   Zero   RW          422    .bss.OSTickTaskTimeMax  os_var.o
    0x20008d74        -       0x00000004   Zero   RW          423    .bss.OSTmrDbgListPtr  os_var.o
    0x20008d78        -       0x00000002   Zero   RW          424    .bss.OSTmrQty       os_var.o
    0x20008d7a   0x0800e8c0   0x00000002   PAD
    0x20008d7c        -       0x000000c8   Zero   RW          425    .bss.OSTmrTaskTCB   os_var.o
    0x20008e44        -       0x00000004   Zero   RW          426    .bss.OSTmrTaskTimeMax  os_var.o
    0x20008e48        -       0x00000004   Zero   RW          427    .bss.OSTmrTickCtr   os_var.o
    0x20008e4c        -       0x00000004   Zero   RW          428    .bss.OSTmrUpdateCnt  os_var.o
    0x20008e50        -       0x00000004   Zero   RW          429    .bss.OSTmrUpdateCtr  os_var.o
    0x20008e54        -       0x00000004   Zero   RW          370    .bss.OS_AppIdleTaskHookPtr  os_var.o
    0x20008e58        -       0x00000004   Zero   RW          371    .bss.OS_AppStatTaskHookPtr  os_var.o
    0x20008e5c        -       0x00000004   Zero   RW          367    .bss.OS_AppTaskCreateHookPtr  os_var.o
    0x20008e60        -       0x00000004   Zero   RW          368    .bss.OS_AppTaskDelHookPtr  os_var.o
    0x20008e64        -       0x00000004   Zero   RW          369    .bss.OS_AppTaskReturnHookPtr  os_var.o
    0x20008e68        -       0x00000004   Zero   RW          372    .bss.OS_AppTaskSwHookPtr  os_var.o
    0x20008e6c        -       0x00000004   Zero   RW          373    .bss.OS_AppTimeTickHookPtr  os_var.o
    0x20008e70        -       0x00000004   Zero   RW          520    .bss.OS_CPU_ExceptStkBase  os_cpu_c.o
    0x20008e74        -       0x00000030   Zero   RW            6    .bss.SuddenAccelMsgQ  app.o
    0x20008ea4   0x0800e8c0   0x00000004   PAD
    0x20008ea8        -       0x00000200   Zero   RW           89    STACK               cstartup.o


==============================================================================

Image component sizes


      Code (inc. data)   RO Data    RW Data    ZI Data      Debug   Object Name

       632        148          0          0       1472       9959   app.o
       536          0          8          0          4       3721   bsp.o
      3368          0          0          0        272      14514   bsp_int.o
       194          0          0          0          0       9337   bsp_os.o
       528        282          0          0          0       1546   bsp_periph.o
      1204         44          0          0        121       8230   bsp_ser.o
        52          0          0          0          0        420   cpu_a.o
      1370         64          0          0          0       5171   cpu_c.o
      1542          0        256          0         44       9006   cpu_core.o
        24          6        336          0        512        756   cstartup.o
       382          0          0          0          0       3355   lib_ascii.o
      3002          0          0          0      27724      17684   lib_mem.o
       544          0          0          0          0        564   lib_mem_a.o
      2736          0        148          0          0      16864   lib_str.o
      1348          0          0          0          0       9369   mpu6050.o
         2          0        103          0       5264       6151   os_cfg_app.o
      5004         20         18          0          0      28317   os_core.o
       132         32          0          0          0        464   os_cpu_a.o
       482          0          0          0          4       5726   os_cpu_c.o
         2          0          0          0          0       7329   os_dbg.o
      2600         20          6          0          0      15561   os_flag.o
      1128         28          0          0          0      10916   os_int.o
       494          0          0          0          0       7810   os_mem.o
       496          0          0          0          0       7534   os_msg.o
      2458          4          7          0          0      13691   os_mutex.o
       138          0          0          0          4       1548   os_prio.o
      2206          4          3          0          0      14531   os_q.o
      1930          4          5          0          0      14300   os_sem.o
      1576         20          0          0          0      10677   os_stat.o
      5808         24          6          0          0      22102   os_task.o
      1170         28          0          0          0      11671   os_tick.o
      1114         20          0          0          0      11359   os_time.o
      2310         40          5          0          0      15485   os_tmr.o
         0          0          0          0       1574       7391   os_var.o
       256          0          0          0          0       2500   stm32f10x_exti.o
      4382          0          0          0          0      15480   stm32f10x_flash.o
       574          0         28          0          0       5356   stm32f10x_gpio.o
       806          0          0          0          0       8016   stm32f10x_i2c.o
      1132          4         16          0          0       9553   stm32f10x_rcc.o
       798          0          0          0          0       7318   stm32f10x_usart.o
       382          0          0          0          0       2936   usr_init.o

    ----------------------------------------------------------------------
     54882        792        972          0      37032     374218   Object Totals
         0          0         16          0          0          0   (incl. Generated)
        40          0         11          0         37          0   (incl. Padding)

    ----------------------------------------------------------------------

      Code (inc. data)   RO Data    RW Data    ZI Data      Debug   Library Member Name

         0          0          0          0          0          0   entry.o
         0          0          0          0          0          0   entry10a.o
         0          0          0          0          0          0   entry11a.o
         8          4          0          0          0          0   entry2.o
         4          0          0          0          0          0   entry5.o
         0          0          0          0          0          0   entry7b.o
         0          0          0          0          0          0   entry8b.o
         8          4          0          0          0          0   entry9a.o
        30          0          0          0          0          0   handlers.o
        36          8          0          0          0         68   init.o
         0          0          0          0          0          0   iusefp.o
        30          0          0          0          0         68   llshl.o
        36          0          0          0          0         68   llsshr.o
        32          0          0          0          0         68   llushr.o
        36          0          0          0          0        108   memseta.o
      2300         86          0          0          0        516   printfa.o
        44          0          0          0          0         80   uidiv.o
        98          0          0          0          0         92   uldiv.o
        48          0          0          0          0         68   cdrcmple.o
       334          0          0          0          0        148   dadd.o
       222          0          0          0          0        100   ddiv.o
       186          0          0          0          0        176   depilogue.o
        48          0          0          0          0         68   dfixul.o
       228          0          0          0          0         96   dmul.o

    ----------------------------------------------------------------------
      3730        102          0          0          0       1724   Library Totals
         2          0          0          0          0          0   (incl. Padding)

    ----------------------------------------------------------------------

      Code (inc. data)   RO Data    RW Data    ZI Data      Debug   Library Name

      2662        102          0          0          0       1068   mc_w.l
      1066          0          0          0          0        656   mf_w.l

    ----------------------------------------------------------------------
      3730        102          0          0          0       1724   Library Totals

    ----------------------------------------------------------------------

==============================================================================


      Code (inc. data)   RO Data    RW Data    ZI Data      Debug   

     58612        894        972          0      37032     374510   Grand Totals
     58612        894        972          0      37032     374510   ELF Image Totals
     58612        894        972          0          0          0   ROM Totals

==============================================================================

    Total RO  Size (Code + RO Data)                59584 (  58.19kB)
    Total RW  Size (RW Data + ZI Data)             37032 (  36.16kB)
    Total ROM Size (Code + RO Data + RW Data)      59584 (  58.19kB)

==============================================================================

