<html>
<body>
<pre>
<h1>µVision Build Log</h1>
<h2>Tool Versions:</h2>
IDE-Version: •ÏVision V5.38.0.0
Copyright (C) 2022 ARM Ltd and ARM Germany GmbH. All rights reserved.
License Information: Seokwon Yoon, Pusan National University, LIC=53CS7-YQ07H-7TP3I-6H2JU-CZLPV-2BW1Z
 
Tool Versions:
Toolchain:       MDK-ARM Community  Version: 5.38.0.0
Toolchain Path:  C:\Keil_v5\ARM\ARMCLANG\Bin
C Compiler:      ArmClang.exe V6.19
Assembler:       Armasm.exe V6.19
Linker/Locator:  ArmLink.exe V6.19
Library Manager: ArmAr.exe V6.19
Hex Converter:   FromElf.exe V6.19
CPU DLL:         SARMCM3.DLL V5.38.0.0
Dialog DLL:      DARMSTM.DLL V1.69.1.0
Target DLL:      Segger\JL2CM3.dll V2.99.42.0
Dialog DLL:      TARMSTM.DLL V1.67.1.0
 
<h2>Project:</h2>
C:\Users\Home\Documents\GitHub\AutoEmergencyControl-STM32\Micrium\Software\EvalBoards\Micrium\uC-Eval-STM32F107\uCOS-III\KeilMDK\uCOS-III.uvproj
Project File Date:  11/29/2023

<h2>Output:</h2>
*** Using Compiler 'V6.19', folder: 'C:\Keil_v5\ARM\ARMCLANG\Bin'
Rebuild target 'FLASH'
compiling os_app_hooks.c...
compiling bsp.c...
compiling app.c...
compiling bsp_periph.c...
compiling bsp_i2c.c...
compiling bsp_int.c...
compiling bsp_ser.c...
compiling bsp_stlm75.c...
../../BSP/OS/uCOS-III/bsp_os.c(188): warning: expression which evaluates to zero treated as a null pointer constant of type 'CPU_TS *' (aka 'unsigned int *') [-Wnon-literal-null-conversion]
              (CPU_TS  )0,
              ^~~~~~~~~~~
1 warning generated.
compiling bsp_os.c...
assembling cstartup.s...
compiling cpu_core.c...
ArmClang: warning: argument unused during compilation: '-D __UVISION_VERSION=538' [-Wunused-command-line-argument]
assembling cpu_a.asm...
compiling lib_ascii.c...
compiling cpu_c.c...
compiling lib_math.c...
ArmClang: warning: argument unused during compilation: '-D __UVISION_VERSION=538' [-Wunused-command-line-argument]
assembling lib_mem_a.asm...
compiling lib_str.c...
compiling lib_mem.c...
compiling os_cfg_app.c...
compiling os_int.c...
compiling os_flag.c...
compiling os_core.c...
compiling os_mem.c...
compiling os_msg.c...
compiling os_prio.c...
compiling os_pend_multi.c...
compiling os_mutex.c...
compiling os_q.c...
compiling os_sem.c...
compiling os_stat.c...
compiling os_tick.c...
compiling os_time.c...
compiling os_task.c...
compiling os_var.c...
compiling os_tmr.c...
compiling os_dbg.c...
assembling os_cpu_a.s...
compiling os_cpu_c.c...
compiling stm32f10x_bkp.c...
compiling stm32f10x_adc.c...
compiling stm32f10x_crc.c...
compiling stm32f10x_can.c...
compiling stm32f10x_dac.c...
compiling stm32f10x_dbgmcu.c...
compiling stm32f10x_dma.c...
compiling stm32f10x_exti.c...
compiling stm32f10x_fsmc.c...
compiling stm32f10x_gpio.c...
compiling stm32f10x_flash.c...
compiling stm32f10x_iwdg.c...
compiling stm32f10x_i2c.c...
compiling stm32f10x_lib.c...
compiling stm32f10x_rtc.c...
compiling stm32f10x_rcc.c...
compiling stm32f10x_sdio.c...
compiling stm32f10x_systick.c...
compiling stm32f10x_spi.c...
compiling stm32f10x_wwdg.c...
compiling stm32f10x_usart.c...
compiling stm32f10x_tim.c...
compiling stm32f10x_nvic.c...
compiling stm32f10x_pwr.c...
assembling cortexm3_macro.S...
compiling INT_MANAGE.c...
compiling MPU6050.c...
linking...
Program Size: Code=55472 RO-data=972 RW-data=0 ZI-data=36272  
".\Output\OS.axf" - 0 Error(s), 3 Warning(s).
Build Time Elapsed:  00:00:13
</pre>
</body>
</html>
